<?xml version="1.0" encoding="utf-8"?>
<TestRun id="f718e0d9-7626-4708-aa3b-fe7badca2706" name="@MacBook-Pro-de-Pablo 2026-08-15 23:35:00" xmlns="http://microsoft.com/schemas/VisualStudio/TeamTest/2010">
  <Times creation="2026-08-15T23:35:00.3218030+01:00" queuing="2026-08-15T23:35:00.3218030+01:00" start="2026-08-15T23:34:58.8036290+01:00" finish="2026-08-15T23:35:00.8817840+01:00" />
  <TestSettings name="default" id="d2edf1fd-a7c4-4544-8c8d-62e3c0220cfe">
    <Deployment runDeploymentRoot="_MacBook-Pro-de-Pablo_2026-08-15_23_35_00" />
  </TestSettings>
  <Results>
    <UnitTestResult executionId="ba632f56-8847-46e1-b4b2-0445ab71608f" testId="65e1d5c8-1645-8473-a178-b333aa7df2ce" testName="Alis.Test.Core.Ecs.Systems.Manager.Graphic.GraphicManagerRemainingPathsTest.RenderSprites_WithInvisibleSprite_DoesNotThrow" computerName="MacBook-Pro-de-Pablo" duration="00:00:00.0013062" startTime="2026-08-15T23:35:00.3565850+01:00" endTime="2026-08-15T23:35:00.3565860+01:00" testType="13cdc9d9-ddb5-4fa4-a97d-d965ccfc6d4b" outcome="Passed" testListId="8c84fa94-04c1-424b-9868-57a2d4851a1d" relativeResultsDirectory="ba632f56-8847-46e1-b4b2-0445ab71608f" />
    <UnitTestResult executionId="d0bf5cec-3833-48f9-8746-7203f91b12b9" testId="1226e5aa-be1c-9919-82bf-103487ee482b" testName="Alis.Test.Core.Ecs.Components.Render.SpriteCoverageTest.IsSpriteVisible_AtEdgeOfCamera_ReturnsTrue" computerName="MacBook-Pro-de-Pablo" duration="00:00:00.0000475" startTime="2026-08-15T23:35:00.2882530+01:00" endTime="2026-08-15T23:35:00.2882530+01:00" testType="13cdc9d9-ddb5-4fa4-a97d-d965ccfc6d4b" outcome="Passed" testListId="8c84fa94-04c1-424b-9868-57a2d4851a1d" relativeResultsDirectory="d0bf5cec-3833-48f9-8746-7203f91b12b9" />
    <UnitTestResult executionId="b7e3f96f-6f0a-4d22-a9b4-79492e8c22a5" testId="a58b2425-45c6-71c4-64cc-d677b8d74d09" testName="Alis.Test.Core.Ecs.Systems.Manager.Graphic.GraphicManagerRemainingPathsTest.RenderSprites_WithAnimatorAndInvisibleSprite_DoesNotThrow" computerName="MacBook-Pro-de-Pablo" duration="00:00:00.0199313" startTime="2026-08-15T23:35:00.3550090+01:00" endTime="2026-08-15T23:35:00.3550120+01:00" testType="13cdc9d9-ddb5-4fa4-a97d-d965ccfc6d4b" outcome="Passed" testListId="8c84fa94-04c1-424b-9868-57a2d4851a1d" relativeResultsDirectory="b7e3f96f-6f0a-4d22-a9b4-79492e8c22a5" />
    <UnitTestResult executionId="52e7b629-a1bb-4fde-a337-af821b4e9214" testId="eaacc525-4f45-bb4e-478d-a6aedcde1c01" testName="Alis.Test.Core.Ecs.Components.Render.SpriteRemainingCoverageTests.OnUpdate_DoesNotThrow" computerName="MacBook-Pro-de-Pablo" duration="00:00:00.0000508" startTime="2026-08-15T23:35:00.3568760+01:00" endTime="2026-08-15T23:35:00.3568760+01:00" testType="13cdc9d9-ddb5-4fa4-a97d-d965ccfc6d4b" outcome="Passed" testListId="8c84fa94-04c1-424b-9868-57a2d4851a1d" relativeResultsDirectory="52e7b629-a1bb-4fde-a337-af821b4e9214" />
    <UnitTestResult executionId="b02891c9-f56f-40fd-a81b-735555833689" testId="087f2617-0390-9584-3536-58aa7aae9629" testName="Alis.Test.Core.Ecs.Components.Render.SpriteEnhancedCoverageTests.IsSpriteVisible_SmallScaleSpriteAtCameraEdge_ReturnsTrue" computerName="MacBook-Pro-de-Pablo" duration="00:00:00.0001103" startTime="2026-08-15T23:35:00.3288330+01:00" endTime="2026-08-15T23:35:00.3288330+01:00" testType="13cdc9d9-ddb5-4fa4-a97d-d965ccfc6d4b" outcome="Passed" testListId="8c84fa94-04c1-424b-9868-57a2d4851a1d" relativeResultsDirectory="b02891c9-f56f-40fd-a81b-735555833689" />
    <UnitTestResult executionId="eb5b6f80-d116-4e31-9116-16d19296c19d" testId="23274a3a-ff7e-d256-d261-621f4ff7ac0f" testName="Alis.Test.Core.Ecs.Components.Render.SpriteBuilderTest.ChainingAllProperties_CreatesSprite" computerName="MacBook-Pro-de-Pablo" duration="00:00:00.0001030" startTime="2026-08-15T23:35:00.3173920+01:00" endTime="2026-08-15T23:35:00.3173920+01:00" testType="13cdc9d9-ddb5-4fa4-a97d-d965ccfc6d4b" outcome="Passed" testListId="8c84fa94-04c1-424b-9868-57a2d4851a1d" relativeResultsDirectory="eb5b6f80-d116-4e31-9116-16d19296c19d" />
    <UnitTestResult executionId="8e1fd1a7-b79b-4d22-a35e-53d7b72dc7ad" testId="4c281d0a-fa4c-3372-7f16-a763daeccec2" testName="Alis.Test.Core.Ecs.Components.Render.SpriteCoverageTest.IsSpriteVisible_WithNegativeRotation_ReturnsTrue" computerName="MacBook-Pro-de-Pablo" duration="00:00:00.0000448" startTime="2026-08-15T23:35:00.2886270+01:00" endTime="2026-08-15T23:35:00.2886270+01:00" testType="13cdc9d9-ddb5-4fa4-a97d-d965ccfc6d4b" outcome="Passed" testListId="8c84fa94-04c1-424b-9868-57a2d4851a1d" relativeResultsDirectory="8e1fd1a7-b79b-4d22-a35e-53d7b72dc7ad" />
    <UnitTestResult executionId="e3ec41f4-30af-4e34-acc1-0f0975c8b966" testId="30a7fb9e-5c7b-fe8e-8256-699c95f41e82" testName="Alis.Test.Core.Ecs.Components.Render.SpriteIsSpriteVisibleTest.SpriteOutsideBoundsX_ShouldNotBeVisible" computerName="MacBook-Pro-de-Pablo" duration="00:00:00.0000339" startTime="2026-08-15T23:35:00.3592560+01:00" endTime="2026-08-15T23:35:00.3592560+01:00" testType="13cdc9d9-ddb5-4fa4-a97d-d965ccfc6d4b" outcome="Passed" testListId="8c84fa94-04c1-424b-9868-57a2d4851a1d" relativeResultsDirectory="e3ec41f4-30af-4e34-acc1-0f0975c8b966" />
    <UnitTestResult executionId="e5942690-8eec-4b2b-98fc-4f6e98ebb3f2" testId="30b0a117-c291-983e-bf04-f764a8c14fd5" testName="Alis.Test.Core.Ecs.Components.Render.SpriteIsSpriteVisibleTest.SpriteAtCameraEdge_ShouldBeVisible" computerName="MacBook-Pro-de-Pablo" duration="00:00:00.0000356" startTime="2026-08-15T23:35:00.3590890+01:00" endTime="2026-08-15T23:35:00.3590890+01:00" testType="13cdc9d9-ddb5-4fa4-a97d-d965ccfc6d4b" outcome="Passed" testListId="8c84fa94-04c1-424b-9868-57a2d4851a1d" relativeResultsDirectory="e5942690-8eec-4b2b-98fc-4f6e98ebb3f2" />
    <UnitTestResult executionId="c9b421f7-79b9-44e2-bf87-85363cdf4c17" testId="6e6912f4-1750-900d-1bb9-8181f3f26a90" testName="Alis.Test.Core.Ecs.Components.Render.SpriteEnhancedCoverageTests.Equals_DifferentValues_ReturnsFalse" computerName="MacBook-Pro-de-Pablo" duration="00:00:00.0001347" startTime="2026-08-15T23:35:00.3293580+01:00" endTime="2026-08-15T23:35:00.3293580+01:00" testType="13cdc9d9-ddb5-4fa4-a97d-d965ccfc6d4b" outcome="Passed" testListId="8c84fa94-04c1-424b-9868-57a2d4851a1d" relativeResultsDirectory="c9b421f7-79b9-44e2-bf87-85363cdf4c17" />
    <UnitTestResult executionId="7d1fe039-1c54-473a-bcf8-2f55dd2ecf97" testId="98256b98-236b-82cc-88b1-bcb16839a344" testName="Alis.Test.Core.Ecs.Components.Render.SpriteTest.Sprite_DefaultState_ShouldBeValid" computerName="MacBook-Pro-de-Pablo" duration="00:00:00.0000583" startTime="2026-08-15T23:35:00.3163820+01:00" endTime="2026-08-15T23:35:00.3163820+01:00" testType="13cdc9d9-ddb5-4fa4-a97d-d965ccfc6d4b" outcome="Passed" testListId="8c84fa94-04c1-424b-9868-57a2d4851a1d" relativeResultsDirectory="7d1fe039-1c54-473a-bcf8-2f55dd2ecf97" />
    <UnitTestResult executionId="bd1952fe-ec6a-48dc-a141-b876cc706492" testId="2f712fd7-eda3-fc94-bf11-8db34676385d" testName="Alis.Test.Core.Ecs.Components.Render.SpriteRemainingCoverageTests.NameFile_Property_RoundTrips" computerName="MacBook-Pro-de-Pablo" duration="00:00:00.0000391" startTime="2026-08-15T23:35:00.3572330+01:00" endTime="2026-08-15T23:35:00.3572330+01:00" testType="13cdc9d9-ddb5-4fa4-a97d-d965ccfc6d4b" outcome="Passed" testListId="8c84fa94-04c1-424b-9868-57a2d4851a1d" relativeResultsDirectory="bd1952fe-ec6a-48dc-a141-b876cc706492" />
    <UnitTestResult executionId="6138a426-f83a-473e-a8d9-5ccb564fe548" testId="fb76f0d2-6063-de52-6aee-afc0a412180d" testName="Alis.Test.Core.Ecs.Components.Render.SpriteEnhancedCoverageTests.LoadTexture_WhenFilePathEmpty_UsesNameFileFallback" computerName="MacBook-Pro-de-Pablo" duration="00:00:00.0001722" startTime="2026-08-15T23:35:00.3299450+01:00" endTime="2026-08-15T23:35:00.3299450+01:00" testType="13cdc9d9-ddb5-4fa4-a97d-d965ccfc6d4b" outcome="Passed" testListId="8c84fa94-04c1-424b-9868-57a2d4851a1d" relativeResultsDirectory="6138a426-f83a-473e-a8d9-5ccb564fe548" />
    <UnitTestResult executionId="af5b4dd2-a44e-4251-aa20-0d7ab1a74eae" testId="86c204bc-aff8-a5f6-2bd2-102172cc65da" testName="Alis.Test.Core.Ecs.Components.Render.SpriteTest.Sprite_ShouldImplementISpriteInterface" computerName="MacBook-Pro-de-Pablo" duration="00:00:00.0000917" startTime="2026-08-15T23:35:00.3080650+01:00" endTime="2026-08-15T23:35:00.3080650+01:00" testType="13cdc9d9-ddb5-4fa4-a97d-d965ccfc6d4b" outcome="Passed" testListId="8c84fa94-04c1-424b-9868-57a2d4851a1d" relativeResultsDirectory="af5b4dd2-a44e-4251-aa20-0d7ab1a74eae" />
    <UnitTestResult executionId="c25e6e25-cc37-4d6e-99f5-ee923f9d56d0" testId="754586ac-7047-ee6f-a2c2-d3c3221ce248" testName="Alis.Test.Core.Ecs.Components.Render.SpriteRemainingCoverageTests.Depth_Property_RoundTrips" computerName="MacBook-Pro-de-Pablo" duration="00:00:00.0000365" startTime="2026-08-15T23:35:00.3575970+01:00" endTime="2026-08-15T23:35:00.3575970+01:00" testType="13cdc9d9-ddb5-4fa4-a97d-d965ccfc6d4b" outcome="Passed" testListId="8c84fa94-04c1-424b-9868-57a2d4851a1d" relativeResultsDirectory="c25e6e25-cc37-4d6e-99f5-ee923f9d56d0" />
    <UnitTestResult executionId="98983fe2-0e5f-41f6-85f5-71907b74cc9a" testId="af2a73c6-48d1-d44d-7169-0182eea4ea33" testName="Alis.Test.Core.Ecs.Components.Render.SpriteCoverageTest.IsSpriteVisible_FarOutsideCamera_ReturnsFalse" computerName="MacBook-Pro-de-Pablo" duration="00:00:00.0000434" startTime="2026-08-15T23:35:00.2888020+01:00" endTime="2026-08-15T23:35:00.2888020+01:00" testType="13cdc9d9-ddb5-4fa4-a97d-d965ccfc6d4b" outcome="Passed" testListId="8c84fa94-04c1-424b-9868-57a2d4851a1d" relativeResultsDirectory="98983fe2-0e5f-41f6-85f5-71907b74cc9a" />
    <UnitTestResult executionId="b2ee36fd-689c-4fbb-a06b-d306c47063c2" testId="b68cf8ca-2f11-45d8-3c3e-ac90be3bcaed" testName="Alis.Test.Core.Ecs.Components.Render.SpriteCoverageTest.IsSpriteVisible_BeyondEdgeOfCamera_ReturnsFalse" computerName="MacBook-Pro-de-Pablo" duration="00:00:00.0000898" startTime="2026-08-15T23:35:00.2880520+01:00" endTime="2026-08-15T23:35:00.2880520+01:00" testType="13cdc9d9-ddb5-4fa4-a97d-d965ccfc6d4b" outcome="Passed" testListId="8c84fa94-04c1-424b-9868-57a2d4851a1d" relativeResultsDirectory="b2ee36fd-689c-4fbb-a06b-d306c47063c2" />
    <UnitTestResult executionId="821ac4f8-ae99-432f-8957-bdc23842f305" testId="0aa31a3f-63fc-7fb9-8010-0c8c8a318fa2" testName="Alis.Test.Core.Ecs.Components.Render.SpriteEnhancedCoverageTests.IsSpriteVisible_SpriteWithNoScale_CannotBeVisible" computerName="MacBook-Pro-de-Pablo" duration="00:00:00.0001069" startTime="2026-08-15T23:35:00.3281350+01:00" endTime="2026-08-15T23:35:00.3281350+01:00" testType="13cdc9d9-ddb5-4fa4-a97d-d965ccfc6d4b" outcome="Passed" testListId="8c84fa94-04c1-424b-9868-57a2d4851a1d" relativeResultsDirectory="821ac4f8-ae99-432f-8957-bdc23842f305" />
    <UnitTestResult executionId="f970e2dd-69a0-458c-8cf1-b6499f349d4a" testId="53be9f5f-8095-f011-737f-60e7416fe28b" testName="Alis.Test.Core.Ecs.Components.Render.SpriteEnhancedCoverageTests.GetHashCode_DifferentValues_ReturnsDifferentHash" computerName="MacBook-Pro-de-Pablo" duration="00:00:00.0012129" startTime="2026-08-15T23:35:00.3249820+01:00" endTime="2026-08-15T23:35:00.3249820+01:00" testType="13cdc9d9-ddb5-4fa4-a97d-d965ccfc6d4b" outcome="Passed" testListId="8c84fa94-04c1-424b-9868-57a2d4851a1d" relativeResultsDirectory="f970e2dd-69a0-458c-8cf1-b6499f349d4a" />
    <UnitTestResult executionId="e60160e7-decc-4866-b6d0-2f150ef94a9b" testId="1d41f216-bf60-d268-309b-dbb5f0d93716" testName="Alis.Test.Core.Ecs.Components.Render.SpriteEnhancedCoverageTests.Deconstruct_ReturnsCorrectValues" computerName="MacBook-Pro-de-Pablo" duration="00:00:00.0001554" startTime="2026-08-15T23:35:00.3275340+01:00" endTime="2026-08-15T23:35:00.3275340+01:00" testType="13cdc9d9-ddb5-4fa4-a97d-d965ccfc6d4b" outcome="Passed" testListId="8c84fa94-04c1-424b-9868-57a2d4851a1d" relativeResultsDirectory="e60160e7-decc-4866-b6d0-2f150ef94a9b" />
    <UnitTestResult executionId="fb802b46-88d5-485b-ba58-a68b7b2b35f6" testId="8edbf7d7-4444-93b7-e4d9-4e048c1c60fc" testName="Alis.Test.Core.Ecs.Components.Render.SpriteEnhancedCoverageTests.LoadTexture_WhenFileExistsAndGlThrows_ThrowsExternalException" computerName="MacBook-Pro-de-Pablo" duration="00:00:00.0018045" startTime="2026-08-15T23:35:00.3269580+01:00" endTime="2026-08-15T23:35:00.3269580+01:00" testType="13cdc9d9-ddb5-4fa4-a97d-d965ccfc6d4b" outcome="Passed" testListId="8c84fa94-04c1-424b-9868-57a2d4851a1d" relativeResultsDirectory="fb802b46-88d5-485b-ba58-a68b7b2b35f6" />
    <UnitTestResult executionId="5fd5bd2c-33b1-45a6-b48c-abb1db31f14f" testId="d5cc1072-0f38-56eb-278e-50954a5369f9" testName="Alis.Test.Core.Ecs.Components.Render.SpriteIsSpriteVisibleTest.SpriteAtCameraCenter_ShouldBeVisible" computerName="MacBook-Pro-de-Pablo" duration="00:00:00.0000335" startTime="2026-08-15T23:35:00.3597430+01:00" endTime="2026-08-15T23:35:00.3597430+01:00" testType="13cdc9d9-ddb5-4fa4-a97d-d965ccfc6d4b" outcome="Passed" testListId="8c84fa94-04c1-424b-9868-57a2d4851a1d" relativeResultsDirectory="5fd5bd2c-33b1-45a6-b48c-abb1db31f14f" />
    <UnitTestResult executionId="9d495dbd-93dc-4028-acea-0a89f4d47088" testId="95d2f022-c62e-ad57-51b1-cee7e5746cac" testName="Alis.Test.Builder.Core.Ecs.Entity.SpriteConfigTest.Delegate_CanBeInvoked" computerName="MacBook-Pro-de-Pablo" duration="00:00:00.0003922" startTime="2026-08-15T23:35:00.2865320+01:00" endTime="2026-08-15T23:35:00.2865320+01:00" testType="13cdc9d9-ddb5-4fa4-a97d-d965ccfc6d4b" outcome="Passed" testListId="8c84fa94-04c1-424b-9868-57a2d4851a1d" relativeResultsDirectory="9d495dbd-93dc-4028-acea-0a89f4d47088" />
    <UnitTestResult executionId="f8301836-04a0-4289-acd8-4f1ec07f7c5f" testId="016ad2e2-efe1-0bd1-d2bf-9964112cc67f" testName="Alis.Test.Core.Ecs.Components.Render.SpriteCoverageTest.IsSpriteVisible_WithRotation_ReturnsTrue" computerName="MacBook-Pro-de-Pablo" duration="00:00:00.0009198" startTime="2026-08-15T23:35:00.2877970+01:00" endTime="2026-08-15T23:35:00.2877970+01:00" testType="13cdc9d9-ddb5-4fa4-a97d-d965ccfc6d4b" outcome="Passed" testListId="8c84fa94-04c1-424b-9868-57a2d4851a1d" relativeResultsDirectory="f8301836-04a0-4289-acd8-4f1ec07f7c5f" />
    <UnitTestResult executionId="f5244e53-e8b8-44d8-b11d-cc84cfa58598" testId="914f0e8d-afc1-ff7a-031f-b0af9dfa090d" testName="Alis.Test.Core.Ecs.Components.Render.SpriteEnhancedCoverageTests.IsSpriteVisible_JustBeyondEdgeOnY_ReturnsFalse" computerName="MacBook-Pro-de-Pablo" duration="00:00:00.0001296" startTime="2026-08-15T23:35:00.3296340+01:00" endTime="2026-08-15T23:35:00.3296340+01:00" testType="13cdc9d9-ddb5-4fa4-a97d-d965ccfc6d4b" outcome="Passed" testListId="8c84fa94-04c1-424b-9868-57a2d4851a1d" relativeResultsDirectory="f5244e53-e8b8-44d8-b11d-cc84cfa58598" />
    <UnitTestResult executionId="6aab7bdc-6a85-43e2-9f09-a56d2094a8c5" testId="802b60d8-1833-d31d-e9c2-b0a4d002a9ea" testName="Alis.Test.Core.Ecs.Components.Render.SpriteEnhancedCoverageTests.IsSpriteVisible_JustBeyondEdgeOnX_ReturnsFalse" computerName="MacBook-Pro-de-Pablo" duration="00:00:00.0001201" startTime="2026-08-15T23:35:00.3272360+01:00" endTime="2026-08-15T23:35:00.3272360+01:00" testType="13cdc9d9-ddb5-4fa4-a97d-d965ccfc6d4b" outcome="Passed" testListId="8c84fa94-04c1-424b-9868-57a2d4851a1d" relativeResultsDirectory="6aab7bdc-6a85-43e2-9f09-a56d2094a8c5" />
    <UnitTestResult executionId="f09b3f32-7afe-4e8f-aeab-42cbb539ae68" testId="d7969dc0-7a4a-a06c-002c-142ccba0876d" testName="Alis.Test.Core.Ecs.Components.Render.SpriteTest.Sprite_OnExitMethod_ShouldExistAndBeCallable" computerName="MacBook-Pro-de-Pablo" duration="00:00:00.0038153" startTime="2026-08-15T23:35:00.3153050+01:00" endTime="2026-08-15T23:35:00.3153060+01:00" testType="13cdc9d9-ddb5-4fa4-a97d-d965ccfc6d4b" outcome="Passed" testListId="8c84fa94-04c1-424b-9868-57a2d4851a1d" relativeResultsDirectory="f09b3f32-7afe-4e8f-aeab-42cbb539ae68" />
    <UnitTestResult executionId="54b73e66-6855-4431-95a0-b3b3f4e3c4e3" testId="e8dcdbe9-a803-19e2-d517-00b805144f34" testName="Alis.Test.Core.Ecs.Components.Render.SpriteCoverageTest.IsSpriteVisible_CenterWithinCamera_ReturnsTrue" computerName="MacBook-Pro-de-Pablo" duration="00:00:00.0000708" startTime="2026-08-15T23:35:00.3010020+01:00" endTime="2026-08-15T23:35:00.3010020+01:00" testType="13cdc9d9-ddb5-4fa4-a97d-d965ccfc6d4b" outcome="Passed" testListId="8c84fa94-04c1-424b-9868-57a2d4851a1d" relativeResultsDirectory="54b73e66-6855-4431-95a0-b3b3f4e3c4e3" />
    <UnitTestResult executionId="614381a2-8206-4e47-a37b-03a581a92963" testId="91678c8a-9d3b-bef1-469f-7f58d9399e24" testName="Alis.Test.Core.Ecs.Components.Render.SpriteEnhancedCoverageTests.IsSpriteVisible_WithCustomPixelsPerMeter_ComputesCorrectly" computerName="MacBook-Pro-de-Pablo" duration="00:00:00.0005465" startTime="2026-08-15T23:35:00.3187510+01:00" endTime="2026-08-15T23:35:00.3187510+01:00" testType="13cdc9d9-ddb5-4fa4-a97d-d965ccfc6d4b" outcome="Passed" testListId="8c84fa94-04c1-424b-9868-57a2d4851a1d" relativeResultsDirectory="614381a2-8206-4e47-a37b-03a581a92963" />
    <UnitTestResult executionId="5b50a451-3770-4c09-8509-4f93588750e1" testId="1472ead1-e947-6e2c-49e4-0cb542f4a00c" testName="Alis.Test.Core.Ecs.Components.Render.SpriteEnhancedCoverageTests.IsSpriteVisible_SpriteAtCameraCenterWithMinimalRotation_ReturnsTrue" computerName="MacBook-Pro-de-Pablo" duration="00:00:00.0001016" startTime="2026-08-15T23:35:00.3304510+01:00" endTime="2026-08-15T23:35:00.3304520+01:00" testType="13cdc9d9-ddb5-4fa4-a97d-d965ccfc6d4b" outcome="Passed" testListId="8c84fa94-04c1-424b-9868-57a2d4851a1d" relativeResultsDirectory="5b50a451-3770-4c09-8509-4f93588750e1" />
    <UnitTestResult executionId="1b2c30d1-873c-4c42-8327-3dc0070a73c9" testId="295ce93d-de18-7d53-cbd7-37401af3c918" testName="Alis.Test.Core.Ecs.Components.Render.SpriteTest.Sprite_Properties_ShouldBeGetAndSettable" computerName="MacBook-Pro-de-Pablo" duration="00:00:00.0000659" startTime="2026-08-15T23:35:00.3155580+01:00" endTime="2026-08-15T23:35:00.3155580+01:00" testType="13cdc9d9-ddb5-4fa4-a97d-d965ccfc6d4b" outcome="Passed" testListId="8c84fa94-04c1-424b-9868-57a2d4851a1d" relativeResultsDirectory="1b2c30d1-873c-4c42-8327-3dc0070a73c9" />
    <UnitTestResult executionId="673f4bcd-9b24-462f-a30b-adbe41ef9ae0" testId="af810136-9f53-0f18-5dee-0e96df73891e" testName="Alis.Test.Core.Ecs.Components.Render.SpriteRemainingCoverageTests.OnStart_DoesNotThrow" computerName="MacBook-Pro-de-Pablo" duration="00:00:00.0000318" startTime="2026-08-15T23:35:00.3570560+01:00" endTime="2026-08-15T23:35:00.3570560+01:00" testType="13cdc9d9-ddb5-4fa4-a97d-d965ccfc6d4b" outcome="Passed" testListId="8c84fa94-04c1-424b-9868-57a2d4851a1d" relativeResultsDirectory="673f4bcd-9b24-462f-a30b-adbe41ef9ae0" />
    <UnitTestResult executionId="e13ec886-2eca-4aab-abd2-40ae77b93993" testId="665168d8-d6b4-e549-8dc9-278f54927528" testName="Alis.Test.Core.Ecs.Components.Render.SpriteIsSpriteVisibleTest.RotatedSpriteOutsideBounds_ShouldNotBeVisible" computerName="MacBook-Pro-de-Pablo" duration="00:00:00.0000353" startTime="2026-08-15T23:35:00.3595810+01:00" endTime="2026-08-15T23:35:00.3595810+01:00" testType="13cdc9d9-ddb5-4fa4-a97d-d965ccfc6d4b" outcome="Passed" testListId="8c84fa94-04c1-424b-9868-57a2d4851a1d" relativeResultsDirectory="e13ec886-2eca-4aab-abd2-40ae77b93993" />
    <UnitTestResult executionId="3cdde1e4-cf88-4b41-9324-b2bc1c80ec72" testId="7bf13918-6bb0-ef85-d31b-0a3a419145ca" testName="Alis.Test.Core.Ecs.Components.Render.SpriteIsSpriteVisibleTest.SpriteWithRotation_ShouldAdjustBounds" computerName="MacBook-Pro-de-Pablo" duration="00:00:00.0000431" startTime="2026-08-15T23:35:00.3587470+01:00" endTime="2026-08-15T23:35:00.3587470+01:00" testType="13cdc9d9-ddb5-4fa4-a97d-d965ccfc6d4b" outcome="Passed" testListId="8c84fa94-04c1-424b-9868-57a2d4851a1d" relativeResultsDirectory="3cdde1e4-cf88-4b41-9324-b2bc1c80ec72" />
    <UnitTestResult executionId="ad6ec35d-2758-44df-90f7-af844f380752" testId="d6480b33-3958-e832-1ac6-bd996f025e3f" testName="Alis.Test.Core.Ecs.Components.Render.SpriteAdditionalCoverageTest.OnUpdate_IsNoOp_DoesNotThrow" computerName="MacBook-Pro-de-Pablo" duration="00:00:00.0000612" startTime="2026-08-15T23:35:00.2850180+01:00" endTime="2026-08-15T23:35:00.2850180+01:00" testType="13cdc9d9-ddb5-4fa4-a97d-d965ccfc6d4b" outcome="Passed" testListId="8c84fa94-04c1-424b-9868-57a2d4851a1d" relativeResultsDirectory="ad6ec35d-2758-44df-90f7-af844f380752" />
    <UnitTestResult executionId="1e1875aa-e21a-4614-aa38-a08aa29cb459" testId="52313d1e-59ee-63f2-ad80-7c8f1e28e984" testName="Alis.Test.Core.Ecs.Components.Render.SpriteRenderCoverageTests.Render_SpriteOutsideCamera_ReturnsEarly" computerName="MacBook-Pro-de-Pablo" duration="00:00:00.0007129" startTime="2026-08-15T23:35:00.4136240+01:00" endTime="2026-08-15T23:35:00.4136240+01:00" testType="13cdc9d9-ddb5-4fa4-a97d-d965ccfc6d4b" outcome="Passed" testListId="8c84fa94-04c1-424b-9868-57a2d4851a1d" relativeResultsDirectory="1e1875aa-e21a-4614-aa38-a08aa29cb459" />
    <UnitTestResult executionId="61833ee6-c528-4b03-a952-ccac8e4748f9" testId="787f8104-4bfc-18da-5990-37790036649e" testName="Alis.Test.Core.Ecs.Components.Render.SpriteRenderCoverageTests.Render_AfterLoadTexture_BindsTexture" computerName="MacBook-Pro-de-Pablo" duration="00:00:00.0004351" startTime="2026-08-15T23:35:00.3911140+01:00" endTime="2026-08-15T23:35:00.3911140+01:00" testType="13cdc9d9-ddb5-4fa4-a97d-d965ccfc6d4b" outcome="Passed" testListId="8c84fa94-04c1-424b-9868-57a2d4851a1d" relativeResultsDirectory="61833ee6-c528-4b03-a952-ccac8e4748f9" />
    <UnitTestResult executionId="c89b767b-d741-46b0-892e-d3eac4cba885" testId="961958c0-4132-aba2-42c8-440f9d29d099" testName="Alis.Test.Core.Ecs.Components.Render.SpriteIsSpriteVisibleTest.SpriteWithMinimalRotation_ShouldUseNoRotationBounds" computerName="MacBook-Pro-de-Pablo" duration="00:00:00.0000858" startTime="2026-08-15T23:35:00.3583870+01:00" endTime="2026-08-15T23:35:00.3583870+01:00" testType="13cdc9d9-ddb5-4fa4-a97d-d965ccfc6d4b" outcome="Passed" testListId="8c84fa94-04c1-424b-9868-57a2d4851a1d" relativeResultsDirectory="c89b767b-d741-46b0-892e-d3eac4cba885" />
    <UnitTestResult executionId="e104133e-1df7-4c33-a0ea-1a300d57bd6a" testId="553b20c4-214b-8df2-7f6c-daa04df2df0b" testName="Alis.Test.Core.Ecs.Components.Render.SpriteTest.Sprite_Constructor_WithEmptyName_ShouldNotThrow" computerName="MacBook-Pro-de-Pablo" duration="00:00:00.0002639" startTime="2026-08-15T23:35:00.3078250+01:00" endTime="2026-08-15T23:35:00.3078250+01:00" testType="13cdc9d9-ddb5-4fa4-a97d-d965ccfc6d4b" outcome="Passed" testListId="8c84fa94-04c1-424b-9868-57a2d4851a1d" relativeResultsDirectory="e104133e-1df7-4c33-a0ea-1a300d57bd6a" />
    <UnitTestResult executionId="c5a18179-fc43-43a8-9701-f0cec40dee12" testId="b6c79f5a-59fd-f432-75e3-f0c4cb887896" testName="Alis.Test.Core.Ecs.Components.Render.SpriteEnhancedCoverageTests.OnExit_WhenTextureZero_CompletesSuccessfully" computerName="MacBook-Pro-de-Pablo" duration="00:00:00.0001384" startTime="2026-08-15T23:35:00.3284140+01:00" endTime="2026-08-15T23:35:00.3284140+01:00" testType="13cdc9d9-ddb5-4fa4-a97d-d965ccfc6d4b" outcome="Passed" testListId="8c84fa94-04c1-424b-9868-57a2d4851a1d" relativeResultsDirectory="c5a18179-fc43-43a8-9701-f0cec40dee12" />
    <UnitTestResult executionId="2351b33c-9a1a-49c5-a050-edcedec7bbc5" testId="ba87d4ac-f48c-8b5a-a124-d0d74a43b1c3" testName="Alis.Test.Core.Ecs.Components.Render.SpriteBuilderTest.Depth_SetsDepth_ReturnsBuilder" computerName="MacBook-Pro-de-Pablo" duration="00:00:00.0001741" startTime="2026-08-15T23:35:00.3171370+01:00" endTime="2026-08-15T23:35:00.3171370+01:00" testType="13cdc9d9-ddb5-4fa4-a97d-d965ccfc6d4b" outcome="Passed" testListId="8c84fa94-04c1-424b-9868-57a2d4851a1d" relativeResultsDirectory="2351b33c-9a1a-49c5-a050-edcedec7bbc5" />
    <UnitTestResult executionId="29348cf2-fc58-462e-b086-0802245b652a" testId="a188e33a-ea3c-1f1f-185d-7dc0151ada4e" testName="Alis.Test.Core.Ecs.Components.Render.SpriteBuilderTest.SetTexture_SetsTexturePath_ReturnsBuilder" computerName="MacBook-Pro-de-Pablo" duration="00:00:00.0000384" startTime="2026-08-15T23:35:00.3175710+01:00" endTime="2026-08-15T23:35:00.3175710+01:00" testType="13cdc9d9-ddb5-4fa4-a97d-d965ccfc6d4b" outcome="Passed" testListId="8c84fa94-04c1-424b-9868-57a2d4851a1d" relativeResultsDirectory="29348cf2-fc58-462e-b086-0802245b652a" />
    <UnitTestResult executionId="98af5514-2558-441e-b0a5-ba4b42183f9d" testId="2cec0c10-d5ba-2ec8-563a-b0007e00aff0" testName="Alis.Test.Core.Ecs.Components.Render.SpriteTest.Sprite_ShouldBeRecordStructWithValueEquality" computerName="MacBook-Pro-de-Pablo" duration="00:00:00.0060857" startTime="2026-08-15T23:35:00.3073790+01:00" endTime="2026-08-15T23:35:00.3073790+01:00" testType="13cdc9d9-ddb5-4fa4-a97d-d965ccfc6d4b" outcome="Passed" testListId="8c84fa94-04c1-424b-9868-57a2d4851a1d" relativeResultsDirectory="98af5514-2558-441e-b0a5-ba4b42183f9d" />
    <UnitTestResult executionId="bc80c80e-3d7a-4283-b1bc-b52ebb55b52d" testId="4d94a4f4-705e-6194-d88f-2aa6621a94b4" testName="Alis.Test.Core.Ecs.Components.Render.SpriteIsSpriteVisibleTest.SpriteOutsideNegativeX_ShouldNotBeVisible" computerName="MacBook-Pro-de-Pablo" duration="00:00:00.0000334" startTime="2026-08-15T23:35:00.3599060+01:00" endTime="2026-08-15T23:35:00.3599070+01:00" testType="13cdc9d9-ddb5-4fa4-a97d-d965ccfc6d4b" outcome="Passed" testListId="8c84fa94-04c1-424b-9868-57a2d4851a1d" relativeResultsDirectory="bc80c80e-3d7a-4283-b1bc-b52ebb55b52d" />
    <UnitTestResult executionId="e2ca705e-6ffb-4a0c-a279-27b34b26c8ff" testId="d8b9b161-a727-1090-1de9-22efeb7270e3" testName="Alis.Test.Core.Ecs.Components.Render.SpriteRenderCoverageTests.Render_SharedInitializationPaths_ExecuteInSequence" computerName="MacBook-Pro-de-Pablo" duration="00:00:00.0024132" startTime="2026-08-15T23:35:00.3904300+01:00" endTime="2026-08-15T23:35:00.3904300+01:00" testType="13cdc9d9-ddb5-4fa4-a97d-d965ccfc6d4b" outcome="Passed" testListId="8c84fa94-04c1-424b-9868-57a2d4851a1d" relativeResultsDirectory="e2ca705e-6ffb-4a0c-a279-27b34b26c8ff" />
    <UnitTestResult executionId="df1be561-6812-45fa-bcb6-d59c880ca8e6" testId="a713d2ee-97c9-de8b-f99d-23a3848f60dd" testName="Alis.Test.Core.Ecs.Components.Render.SpriteIsSpriteVisibleTest.LargeSpriteFarOutsideX_ShouldNotBeVisible" computerName="MacBook-Pro-de-Pablo" duration="00:00:00.0000333" startTime="2026-08-15T23:35:00.3594180+01:00" endTime="2026-08-15T23:35:00.3594180+01:00" testType="13cdc9d9-ddb5-4fa4-a97d-d965ccfc6d4b" outcome="Passed" testListId="8c84fa94-04c1-424b-9868-57a2d4851a1d" relativeResultsDirectory="df1be561-6812-45fa-bcb6-d59c880ca8e6" />
    <UnitTestResult executionId="ddef8201-2a77-449f-9b71-11bdc895a52e" testId="c332cddb-cf9c-7595-be6c-ed10b1f83700" testName="Alis.Test.Core.Ecs.Components.Render.SpriteTest.Sprite_Constructor_ShouldNotThrow" computerName="MacBook-Pro-de-Pablo" duration="00:00:00.0000310" startTime="2026-08-15T23:35:00.3082320+01:00" endTime="2026-08-15T23:35:00.3082320+01:00" testType="13cdc9d9-ddb5-4fa4-a97d-d965ccfc6d4b" outcome="Passed" testListId="8c84fa94-04c1-424b-9868-57a2d4851a1d" relativeResultsDirectory="ddef8201-2a77-449f-9b71-11bdc895a52e" />
    <UnitTestResult executionId="94db81c3-f9e2-4676-9c45-f6434c913c50" testId="6b30f451-7261-e975-8b7e-0416df8808ff" testName="Alis.Test.Core.Ecs.Components.Render.SpriteTest.Sprite_ShouldHaveExpectedPublicMembers" computerName="MacBook-Pro-de-Pablo" duration="00:00:00.0001189" startTime="2026-08-15T23:35:00.3113270+01:00" endTime="2026-08-15T23:35:00.3113270+01:00" testType="13cdc9d9-ddb5-4fa4-a97d-d965ccfc6d4b" outcome="Passed" testListId="8c84fa94-04c1-424b-9868-57a2d4851a1d" relativeResultsDirectory="94db81c3-f9e2-4676-9c45-f6434c913c50" />
    <UnitTestResult executionId="969ad668-bc79-4d53-b0de-44116554e7a1" testId="b5046d79-08e3-7b27-0d0f-7f7cee9bedf3" testName="Alis.Test.Core.Ecs.Components.Render.SpriteBuilderTest.Build_ReturnsSpriteInstance" computerName="MacBook-Pro-de-Pablo" duration="00:00:00.0000353" startTime="2026-08-15T23:35:00.3177430+01:00" endTime="2026-08-15T23:35:00.3177430+01:00" testType="13cdc9d9-ddb5-4fa4-a97d-d965ccfc6d4b" outcome="Passed" testListId="8c84fa94-04c1-424b-9868-57a2d4851a1d" relativeResultsDirectory="969ad668-bc79-4d53-b0de-44116554e7a1" />
    <UnitTestResult executionId="fead14d3-2d5e-4c69-971c-f7172fe791d2" testId="cf5e081e-9476-3f38-a050-1d6628ea7472" testName="Alis.Test.Core.Ecs.Components.Render.SpriteTest.Sprite_Constructor_ShouldCreateWithDefaultValues" computerName="MacBook-Pro-de-Pablo" duration="00:00:00.0024658" startTime="2026-08-15T23:35:00.3108790+01:00" endTime="2026-08-15T23:35:00.3108790+01:00" testType="13cdc9d9-ddb5-4fa4-a97d-d965ccfc6d4b" outcome="Passed" testListId="8c84fa94-04c1-424b-9868-57a2d4851a1d" relativeResultsDirectory="fead14d3-2d5e-4c69-971c-f7172fe791d2" />
    <UnitTestResult executionId="2024ae9c-1d8c-42b8-a59c-4321d2bb043c" testId="8f91d293-457e-e7de-07bb-a055e0b5af49" testName="Alis.Test.Core.Ecs.Components.Render.SpriteRemainingCoverageTests.SpriteRecordStruct_StoresValues" computerName="MacBook-Pro-de-Pablo" duration="00:00:00.0000536" startTime="2026-08-15T23:35:00.3574220+01:00" endTime="2026-08-15T23:35:00.3574220+01:00" testType="13cdc9d9-ddb5-4fa4-a97d-d965ccfc6d4b" outcome="Passed" testListId="8c84fa94-04c1-424b-9868-57a2d4851a1d" relativeResultsDirectory="2024ae9c-1d8c-42b8-a59c-4321d2bb043c" />
    <UnitTestResult executionId="a334762c-fc37-41d2-9c01-7f4bc6246622" testId="7d1e17cb-06ee-b14b-2dcd-b9d2de00d1fd" testName="Alis.Test.Core.Ecs.Components.Render.SpriteEnhancedCoverageTests.LoadTexture_WhenFilePathNotEmptyAndNameFileDiffers_UpdatesNameFile" computerName="MacBook-Pro-de-Pablo" duration="00:00:00.0002057" startTime="2026-08-15T23:35:00.3278840+01:00" endTime="2026-08-15T23:35:00.3278840+01:00" testType="13cdc9d9-ddb5-4fa4-a97d-d965ccfc6d4b" outcome="Passed" testListId="8c84fa94-04c1-424b-9868-57a2d4851a1d" relativeResultsDirectory="a334762c-fc37-41d2-9c01-7f4bc6246622" />
    <UnitTestResult executionId="68451333-f55b-43ae-a782-ad8f9043083d" testId="0f89d77e-a3f7-1701-8136-6398d8f9a9ea" testName="Alis.Test.Core.Ecs.Components.Render.SpriteRenderCoverageTests.LoadTexture_WithResourceName_LoadsFromResources" computerName="MacBook-Pro-de-Pablo" duration="00:00:00.0222213" startTime="2026-08-15T23:35:00.3875770+01:00" endTime="2026-08-15T23:35:00.3875770+01:00" testType="13cdc9d9-ddb5-4fa4-a97d-d965ccfc6d4b" outcome="Passed" testListId="8c84fa94-04c1-424b-9868-57a2d4851a1d" relativeResultsDirectory="68451333-f55b-43ae-a782-ad8f9043083d" />
    <UnitTestResult executionId="dc151826-52ee-435d-b169-5ab6b23c1e05" testId="7bb31742-a10c-f87d-a1cb-cb9cbe254375" testName="Alis.Test.Core.Ecs.Components.Render.SpriteRenderCoverageTests.LoadTexture_WithExistingFile_ExecutesAndReleases" computerName="MacBook-Pro-de-Pablo" duration="00:00:00.0022898" startTime="2026-08-15T23:35:00.3626450+01:00" endTime="2026-08-15T23:35:00.3626450+01:00" testType="13cdc9d9-ddb5-4fa4-a97d-d965ccfc6d4b" outcome="Passed" testListId="8c84fa94-04c1-424b-9868-57a2d4851a1d" relativeResultsDirectory="dc151826-52ee-435d-b169-5ab6b23c1e05" />
    <UnitTestResult executionId="1d20f950-b7cd-48bf-84f4-7cb8f191bd57" testId="b55fb00e-90e8-c8d1-147b-ac2c0f362ff5" testName="Alis.Test.Core.Ecs.Components.Render.SpriteEnhancedCoverageTests.IsSpriteVisible_ExactEdgeOnY_ReturnsTrue" computerName="MacBook-Pro-de-Pablo" duration="00:00:00.0001072" startTime="2026-08-15T23:35:00.3290850+01:00" endTime="2026-08-15T23:35:00.3290850+01:00" testType="13cdc9d9-ddb5-4fa4-a97d-d965ccfc6d4b" outcome="Passed" testListId="8c84fa94-04c1-424b-9868-57a2d4851a1d" relativeResultsDirectory="1d20f950-b7cd-48bf-84f4-7cb8f191bd57" />
    <UnitTestResult executionId="45f86e72-5a6a-4a9e-a696-150e95ac5cc2" testId="e4ef3b35-ef4a-49e3-1682-317aba6a8eec" testName="Alis.Test.Core.Ecs.Components.Render.SpriteEnhancedCoverageTests.OnExit_WhenTextureNonZeroAndGlThrows_CatchesException" computerName="MacBook-Pro-de-Pablo" duration="00:00:00.0003297" startTime="2026-08-15T23:35:00.3309240+01:00" endTime="2026-08-15T23:35:00.3309240+01:00" testType="13cdc9d9-ddb5-4fa4-a97d-d965ccfc6d4b" outcome="Passed" testListId="8c84fa94-04c1-424b-9868-57a2d4851a1d" relativeResultsDirectory="45f86e72-5a6a-4a9e-a696-150e95ac5cc2" />
    <UnitTestResult executionId="3977dada-326d-446c-af23-9c8c686c120a" testId="fe0c4f18-f41e-95cf-26a0-5887497e0150" testName="Alis.Test.Core.Ecs.Components.Render.SpriteEnhancedCoverageTests.ToString_ContainsTypeAndProperties" computerName="MacBook-Pro-de-Pablo" duration="00:00:00.0035157" startTime="2026-08-15T23:35:00.3346090+01:00" endTime="2026-08-15T23:35:00.3346090+01:00" testType="13cdc9d9-ddb5-4fa4-a97d-d965ccfc6d4b" outcome="Passed" testListId="8c84fa94-04c1-424b-9868-57a2d4851a1d" relativeResultsDirectory="3977dada-326d-446c-af23-9c8c686c120a" />
    <UnitTestResult executionId="cf67b599-0135-4ebb-9302-03ae5b189165" testId="339f6c6b-2e21-e7c7-a385-205d82d99bd1" testName="Alis.Test.Core.Ecs.Components.Render.SpriteEnhancedCoverageTests.LoadTexture_WhenFileNotExistsAndNameFileEmpty_ThrowsFileNotFoundException" computerName="MacBook-Pro-de-Pablo" duration="00:00:00.0038325" startTime="2026-08-15T23:35:00.3235150+01:00" endTime="2026-08-15T23:35:00.3235150+01:00" testType="13cdc9d9-ddb5-4fa4-a97d-d965ccfc6d4b" outcome="Passed" testListId="8c84fa94-04c1-424b-9868-57a2d4851a1d" relativeResultsDirectory="cf67b599-0135-4ebb-9302-03ae5b189165" />
    <UnitTestResult executionId="fc3780a2-bda5-414d-8f71-950fea09bdba" testId="2bd4e5fb-3dcb-57fe-e732-090d3fe6ec5d" testName="Alis.Test.Core.Ecs.Components.Render.SpriteEnhancedCoverageTests.GetHashCode_SameValues_ReturnsSameHash" computerName="MacBook-Pro-de-Pablo" duration="00:00:00.0001079" startTime="2026-08-15T23:35:00.3302060+01:00" endTime="2026-08-15T23:35:00.3302060+01:00" testType="13cdc9d9-ddb5-4fa4-a97d-d965ccfc6d4b" outcome="Passed" testListId="8c84fa94-04c1-424b-9868-57a2d4851a1d" relativeResultsDirectory="fc3780a2-bda5-414d-8f71-950fea09bdba" />
    <UnitTestResult executionId="085a4d99-b256-44ad-801a-efb450eac064" testId="8e03f036-d2cb-6082-f81c-9c8ff3c5865f" testName="Alis.Test.Core.Ecs.Components.Render.SpriteBuilderTest.Constructor_WithContext_CreatesBuilder" computerName="MacBook-Pro-de-Pablo" duration="00:00:00.0000309" startTime="2026-08-15T23:35:00.3179040+01:00" endTime="2026-08-15T23:35:00.3179040+01:00" testType="13cdc9d9-ddb5-4fa4-a97d-d965ccfc6d4b" outcome="Passed" testListId="8c84fa94-04c1-424b-9868-57a2d4851a1d" relativeResultsDirectory="085a4d99-b256-44ad-801a-efb450eac064" />
    <UnitTestResult executionId="cccdae99-08cd-44a0-ad02-3ff973c7dfd5" testId="a45e5778-d1ee-44d3-6044-42b8d15b36c1" testName="Alis.Test.Core.Ecs.Components.Render.SpriteIsSpriteVisibleTest.SpriteOutsideBoundsY_ShouldNotBeVisible" computerName="MacBook-Pro-de-Pablo" duration="00:00:00.0000377" startTime="2026-08-15T23:35:00.3589210+01:00" endTime="2026-08-15T23:35:00.3589210+01:00" testType="13cdc9d9-ddb5-4fa4-a97d-d965ccfc6d4b" outcome="Passed" testListId="8c84fa94-04c1-424b-9868-57a2d4851a1d" relativeResultsDirectory="cccdae99-08cd-44a0-ad02-3ff973c7dfd5" />
    <UnitTestResult executionId="db32f104-103e-48bf-8645-91dd09ad24a1" testId="7d1b9b36-c5e5-9b02-cbbb-5465e3b745cc" testName="Alis.Test.Core.Ecs.Components.Render.SpriteEnhancedCoverageTests.Equals_SameValues_ReturnsTrue" computerName="MacBook-Pro-de-Pablo" duration="00:00:00.0001818" startTime="2026-08-15T23:35:00.3190810+01:00" endTime="2026-08-15T23:35:00.3190810+01:00" testType="13cdc9d9-ddb5-4fa4-a97d-d965ccfc6d4b" outcome="Passed" testListId="8c84fa94-04c1-424b-9868-57a2d4851a1d" relativeResultsDirectory="db32f104-103e-48bf-8645-91dd09ad24a1" />
    <UnitTestResult executionId="46d43620-576c-4d58-871a-f7a8a35a2f05" testId="748fc62c-fad7-1c5c-c26c-87f8b44f418e" testName="Alis.Test.Core.Ecs.Components.Render.ISpriteComplianceTest.Interface_IsImplementedBySprite" computerName="MacBook-Pro-de-Pablo" duration="00:00:00.0000858" startTime="2026-08-15T23:35:00.4140260+01:00" endTime="2026-08-15T23:35:00.4140270+01:00" testType="13cdc9d9-ddb5-4fa4-a97d-d965ccfc6d4b" outcome="Passed" testListId="8c84fa94-04c1-424b-9868-57a2d4851a1d" relativeResultsDirectory="46d43620-576c-4d58-871a-f7a8a35a2f05" />
    <UnitTestResult executionId="f01c871a-6935-4d42-81f2-d30adab4e1da" testId="a2a63dcc-2129-a377-07e2-d308ee3fb74b" testName="Alis.Test.Core.Ecs.Components.Render.SpriteRenderCoverageTests.Render_WithResourceNameAndEmptyPath_Executes" computerName="MacBook-Pro-de-Pablo" duration="00:00:00.0212352" startTime="2026-08-15T23:35:00.4125680+01:00" endTime="2026-08-15T23:35:00.4125680+01:00" testType="13cdc9d9-ddb5-4fa4-a97d-d965ccfc6d4b" outcome="Passed" testListId="8c84fa94-04c1-424b-9868-57a2d4851a1d" relativeResultsDirectory="f01c871a-6935-4d42-81f2-d30adab4e1da" />
    <UnitTestResult executionId="54612dc1-6d0c-451f-973b-d98717be0a5a" testId="4ba52be8-2e94-e2b5-b1d4-494be49c4fa4" testName="Alis.Test.Core.Ecs.Components.Render.SpriteAdditionalCoverageTest.OnStart_IsNoOp_DoesNotThrow" computerName="MacBook-Pro-de-Pablo" duration="00:00:00.0035922" startTime="2026-08-15T23:35:00.2815330+01:00" endTime="2026-08-15T23:35:00.2815410+01:00" testType="13cdc9d9-ddb5-4fa4-a97d-d965ccfc6d4b" outcome="Passed" testListId="8c84fa94-04c1-424b-9868-57a2d4851a1d" relativeResultsDirectory="54612dc1-6d0c-451f-973b-d98717be0a5a" />
    <UnitTestResult executionId="e4745466-dde3-4835-af8a-6f24c04a8e50" testId="b6b83996-e620-c0c1-a04a-a0aaf4255de9" testName="Alis.Test.Core.Ecs.Components.Render.SpriteEnhancedCoverageTests.IsSpriteVisible_ExactEdgeOnX_ReturnsTrue" computerName="MacBook-Pro-de-Pablo" duration="00:00:00.0001316" startTime="2026-08-15T23:35:00.3195160+01:00" endTime="2026-08-15T23:35:00.3195160+01:00" testType="13cdc9d9-ddb5-4fa4-a97d-d965ccfc6d4b" outcome="Passed" testListId="8c84fa94-04c1-424b-9868-57a2d4851a1d" relativeResultsDirectory="e4745466-dde3-4835-af8a-6f24c04a8e50" />
    <UnitTestResult executionId="e1498107-3bbb-40e2-b138-51c5f613651f" testId="df3d2b91-5004-125d-c6ab-5497767ca523" testName="Alis.Test.Core.Ecs.Components.Render.SpriteTest.Sprite_Properties_ShouldBeModifiedIndependently" computerName="MacBook-Pro-de-Pablo" duration="00:00:00.0001479" startTime="2026-08-15T23:35:00.3167260+01:00" endTime="2026-08-15T23:35:00.3167260+01:00" testType="13cdc9d9-ddb5-4fa4-a97d-d965ccfc6d4b" outcome="Passed" testListId="8c84fa94-04c1-424b-9868-57a2d4851a1d" relativeResultsDirectory="e1498107-3bbb-40e2-b138-51c5f613651f" />
    <UnitTestResult executionId="9d3b80ce-d9aa-4101-b7c5-1d25e55689aa" testId="919cadee-de87-6b0b-6ecd-fa1c6ce102c0" testName="Alis.Test.Core.Ecs.GameObjectBuilderTest.WithComponent_WithSpriteConfig_ReturnsBuilder" computerName="MacBook-Pro-de-Pablo" duration="00:00:00.0003386" startTime="2026-08-15T23:35:00.3581130+01:00" endTime="2026-08-15T23:35:00.3581130+01:00" testType="13cdc9d9-ddb5-4fa4-a97d-d965ccfc6d4b" outcome="Passed" testListId="8c84fa94-04c1-424b-9868-57a2d4851a1d" relativeResultsDirectory="9d3b80ce-d9aa-4101-b7c5-1d25e55689aa" />
    <UnitTestResult executionId="58ba966c-8f82-46ae-bac9-c88b24d00b2a" testId="fce19747-6b87-3b7d-567a-24b6cb82e323" testName="Alis.Test.Core.Ecs.Components.Render.SpriteCoverageTest.IsSpriteVisible_WithLargeScale_ReturnsTrue" computerName="MacBook-Pro-de-Pablo" duration="00:00:00.0000440" startTime="2026-08-15T23:35:00.2884460+01:00" endTime="2026-08-15T23:35:00.2884460+01:00" testType="13cdc9d9-ddb5-4fa4-a97d-d965ccfc6d4b" outcome="Passed" testListId="8c84fa94-04c1-424b-9868-57a2d4851a1d" relativeResultsDirectory="58ba966c-8f82-46ae-bac9-c88b24d00b2a" />
    <UnitTestResult executionId="f559dca9-b202-4df6-b63e-3080f3b2a9be" testId="69451e6b-8fa9-dfbb-d806-a94e4c96f349" testName="Alis.Test.Core.Ecs.Components.Render.SpriteRenderCoverageTests.Render_VisibleSpriteAtCameraCenter_Executes" computerName="MacBook-Pro-de-Pablo" duration="00:00:00.0019782" startTime="2026-08-15T23:35:00.3650660+01:00" endTime="2026-08-15T23:35:00.3650660+01:00" testType="13cdc9d9-ddb5-4fa4-a97d-d965ccfc6d4b" outcome="Passed" testListId="8c84fa94-04c1-424b-9868-57a2d4851a1d" relativeResultsDirectory="f559dca9-b202-4df6-b63e-3080f3b2a9be" />
  </Results>
  <TestDefinitions>
    <UnitTest name="Alis.Test.Core.Ecs.Components.Render.SpriteRenderCoverageTests.Render_SharedInitializationPaths_ExecuteInSequence" storage="/users/pabllopf/repositorios/alis/2_application/alis/test/bin/debug/lib/alis.test.dll" id="d8b9b161-a727-1090-1de9-22efeb7270e3">
      <Execution id="e2ca705e-6ffb-4a0c-a279-27b34b26c8ff" />
      <TestMethod codeBase="/Users/pabllopf/repositorios/Alis/2_Application/Alis/test/bin/Debug/lib/Alis.Test.dll" adapterTypeName="executor://xunit/VsTestRunner2/netcoreapp" className="Alis.Test.Core.Ecs.Components.Render.SpriteRenderCoverageTests" name="Render_SharedInitializationPaths_ExecuteInSequence" />
    </UnitTest>
    <UnitTest name="Alis.Test.Core.Ecs.Components.Render.SpriteIsSpriteVisibleTest.SpriteOutsideNegativeX_ShouldNotBeVisible" storage="/users/pabllopf/repositorios/alis/2_application/alis/test/bin/debug/lib/alis.test.dll" id="4d94a4f4-705e-6194-d88f-2aa6621a94b4">
      <Execution id="bc80c80e-3d7a-4283-b1bc-b52ebb55b52d" />
      <TestMethod codeBase="/Users/pabllopf/repositorios/Alis/2_Application/Alis/test/bin/Debug/lib/Alis.Test.dll" adapterTypeName="executor://xunit/VsTestRunner2/netcoreapp" className="Alis.Test.Core.Ecs.Components.Render.SpriteIsSpriteVisibleTest" name="SpriteOutsideNegativeX_ShouldNotBeVisible" />
    </UnitTest>
    <UnitTest name="Alis.Test.Core.Ecs.Components.Render.SpriteRemainingCoverageTests.SpriteRecordStruct_StoresValues" storage="/users/pabllopf/repositorios/alis/2_application/alis/test/bin/debug/lib/alis.test.dll" id="8f91d293-457e-e7de-07bb-a055e0b5af49">
      <Execution id="2024ae9c-1d8c-42b8-a59c-4321d2bb043c" />
      <TestMethod codeBase="/Users/pabllopf/repositorios/Alis/2_Application/Alis/test/bin/Debug/lib/Alis.Test.dll" adapterTypeName="executor://xunit/VsTestRunner2/netcoreapp" className="Alis.Test.Core.Ecs.Components.Render.SpriteRemainingCoverageTests" name="SpriteRecordStruct_StoresValues" />
    </UnitTest>
    <UnitTest name="Alis.Test.Core.Ecs.Components.Render.SpriteRenderCoverageTests.Render_VisibleSpriteAtCameraCenter_Executes" storage="/users/pabllopf/repositorios/alis/2_application/alis/test/bin/debug/lib/alis.test.dll" id="69451e6b-8fa9-dfbb-d806-a94e4c96f349">
      <Execution id="f559dca9-b202-4df6-b63e-3080f3b2a9be" />
      <TestMethod codeBase="/Users/pabllopf/repositorios/Alis/2_Application/Alis/test/bin/Debug/lib/Alis.Test.dll" adapterTypeName="executor://xunit/VsTestRunner2/netcoreapp" className="Alis.Test.Core.Ecs.Components.Render.SpriteRenderCoverageTests" name="Render_VisibleSpriteAtCameraCenter_Executes" />
    </UnitTest>
    <UnitTest name="Alis.Test.Core.Ecs.Components.Render.SpriteBuilderTest.Constructor_WithContext_CreatesBuilder" storage="/users/pabllopf/repositorios/alis/2_application/alis/test/bin/debug/lib/alis.test.dll" id="8e03f036-d2cb-6082-f81c-9c8ff3c5865f">
      <Execution id="085a4d99-b256-44ad-801a-efb450eac064" />
      <TestMethod codeBase="/Users/pabllopf/repositorios/Alis/2_Application/Alis/test/bin/Debug/lib/Alis.Test.dll" adapterTypeName="executor://xunit/VsTestRunner2/netcoreapp" className="Alis.Test.Core.Ecs.Components.Render.SpriteBuilderTest" name="Constructor_WithContext_CreatesBuilder" />
    </UnitTest>
    <UnitTest name="Alis.Test.Core.Ecs.Components.Render.SpriteTest.Sprite_Constructor_ShouldCreateWithDefaultValues" storage="/users/pabllopf/repositorios/alis/2_application/alis/test/bin/debug/lib/alis.test.dll" id="cf5e081e-9476-3f38-a050-1d6628ea7472">
      <Execution id="fead14d3-2d5e-4c69-971c-f7172fe791d2" />
      <TestMethod codeBase="/Users/pabllopf/repositorios/Alis/2_Application/Alis/test/bin/Debug/lib/Alis.Test.dll" adapterTypeName="executor://xunit/VsTestRunner2/netcoreapp" className="Alis.Test.Core.Ecs.Components.Render.SpriteTest" name="Sprite_Constructor_ShouldCreateWithDefaultValues" />
    </UnitTest>
    <UnitTest name="Alis.Test.Core.Ecs.Components.Render.SpriteTest.Sprite_ShouldHaveExpectedPublicMembers" storage="/users/pabllopf/repositorios/alis/2_application/alis/test/bin/debug/lib/alis.test.dll" id="6b30f451-7261-e975-8b7e-0416df8808ff">
      <Execution id="94db81c3-f9e2-4676-9c45-f6434c913c50" />
      <TestMethod codeBase="/Users/pabllopf/repositorios/Alis/2_Application/Alis/test/bin/Debug/lib/Alis.Test.dll" adapterTypeName="executor://xunit/VsTestRunner2/netcoreapp" className="Alis.Test.Core.Ecs.Components.Render.SpriteTest" name="Sprite_ShouldHaveExpectedPublicMembers" />
    </UnitTest>
    <UnitTest name="Alis.Test.Core.Ecs.Components.Render.SpriteEnhancedCoverageTests.OnExit_WhenTextureNonZeroAndGlThrows_CatchesException" storage="/users/pabllopf/repositorios/alis/2_application/alis/test/bin/debug/lib/alis.test.dll" id="e4ef3b35-ef4a-49e3-1682-317aba6a8eec">
      <Execution id="45f86e72-5a6a-4a9e-a696-150e95ac5cc2" />
      <TestMethod codeBase="/Users/pabllopf/repositorios/Alis/2_Application/Alis/test/bin/Debug/lib/Alis.Test.dll" adapterTypeName="executor://xunit/VsTestRunner2/netcoreapp" className="Alis.Test.Core.Ecs.Components.Render.SpriteEnhancedCoverageTests" name="OnExit_WhenTextureNonZeroAndGlThrows_CatchesException" />
    </UnitTest>
    <UnitTest name="Alis.Test.Core.Ecs.Components.Render.SpriteEnhancedCoverageTests.LoadTexture_WhenFileNotExistsAndNameFileEmpty_ThrowsFileNotFoundException" storage="/users/pabllopf/repositorios/alis/2_application/alis/test/bin/debug/lib/alis.test.dll" id="339f6c6b-2e21-e7c7-a385-205d82d99bd1">
      <Execution id="cf67b599-0135-4ebb-9302-03ae5b189165" />
      <TestMethod codeBase="/Users/pabllopf/repositorios/Alis/2_Application/Alis/test/bin/Debug/lib/Alis.Test.dll" adapterTypeName="executor://xunit/VsTestRunner2/netcoreapp" className="Alis.Test.Core.Ecs.Components.Render.SpriteEnhancedCoverageTests" name="LoadTexture_WhenFileNotExistsAndNameFileEmpty_ThrowsFileNotFoundException" />
    </UnitTest>
    <UnitTest name="Alis.Test.Core.Ecs.Components.Render.SpriteTest.Sprite_ShouldBeRecordStructWithValueEquality" storage="/users/pabllopf/repositorios/alis/2_application/alis/test/bin/debug/lib/alis.test.dll" id="2cec0c10-d5ba-2ec8-563a-b0007e00aff0">
      <Execution id="98af5514-2558-441e-b0a5-ba4b42183f9d" />
      <TestMethod codeBase="/Users/pabllopf/repositorios/Alis/2_Application/Alis/test/bin/Debug/lib/Alis.Test.dll" adapterTypeName="executor://xunit/VsTestRunner2/netcoreapp" className="Alis.Test.Core.Ecs.Components.Render.SpriteTest" name="Sprite_ShouldBeRecordStructWithValueEquality" />
    </UnitTest>
    <UnitTest name="Alis.Test.Core.Ecs.Components.Render.SpriteRemainingCoverageTests.OnStart_DoesNotThrow" storage="/users/pabllopf/repositorios/alis/2_application/alis/test/bin/debug/lib/alis.test.dll" id="af810136-9f53-0f18-5dee-0e96df73891e">
      <Execution id="673f4bcd-9b24-462f-a30b-adbe41ef9ae0" />
      <TestMethod codeBase="/Users/pabllopf/repositorios/Alis/2_Application/Alis/test/bin/Debug/lib/Alis.Test.dll" adapterTypeName="executor://xunit/VsTestRunner2/netcoreapp" className="Alis.Test.Core.Ecs.Components.Render.SpriteRemainingCoverageTests" name="OnStart_DoesNotThrow" />
    </UnitTest>
    <UnitTest name="Alis.Test.Core.Ecs.Components.Render.SpriteRemainingCoverageTests.OnUpdate_DoesNotThrow" storage="/users/pabllopf/repositorios/alis/2_application/alis/test/bin/debug/lib/alis.test.dll" id="eaacc525-4f45-bb4e-478d-a6aedcde1c01">
      <Execution id="52e7b629-a1bb-4fde-a337-af821b4e9214" />
      <TestMethod codeBase="/Users/pabllopf/repositorios/Alis/2_Application/Alis/test/bin/Debug/lib/Alis.Test.dll" adapterTypeName="executor://xunit/VsTestRunner2/netcoreapp" className="Alis.Test.Core.Ecs.Components.Render.SpriteRemainingCoverageTests" name="OnUpdate_DoesNotThrow" />
    </UnitTest>
    <UnitTest name="Alis.Test.Core.Ecs.Components.Render.SpriteTest.Sprite_Properties_ShouldBeModifiedIndependently" storage="/users/pabllopf/repositorios/alis/2_application/alis/test/bin/debug/lib/alis.test.dll" id="df3d2b91-5004-125d-c6ab-5497767ca523">
      <Execution id="e1498107-3bbb-40e2-b138-51c5f613651f" />
      <TestMethod codeBase="/Users/pabllopf/repositorios/Alis/2_Application/Alis/test/bin/Debug/lib/Alis.Test.dll" adapterTypeName="executor://xunit/VsTestRunner2/netcoreapp" className="Alis.Test.Core.Ecs.Components.Render.SpriteTest" name="Sprite_Properties_ShouldBeModifiedIndependently" />
    </UnitTest>
    <UnitTest name="Alis.Test.Core.Ecs.Components.Render.SpriteIsSpriteVisibleTest.SpriteWithRotation_ShouldAdjustBounds" storage="/users/pabllopf/repositorios/alis/2_application/alis/test/bin/debug/lib/alis.test.dll" id="7bf13918-6bb0-ef85-d31b-0a3a419145ca">
      <Execution id="3cdde1e4-cf88-4b41-9324-b2bc1c80ec72" />
      <TestMethod codeBase="/Users/pabllopf/repositorios/Alis/2_Application/Alis/test/bin/Debug/lib/Alis.Test.dll" adapterTypeName="executor://xunit/VsTestRunner2/netcoreapp" className="Alis.Test.Core.Ecs.Components.Render.SpriteIsSpriteVisibleTest" name="SpriteWithRotation_ShouldAdjustBounds" />
    </UnitTest>
    <UnitTest name="Alis.Test.Core.Ecs.Components.Render.SpriteCoverageTest.IsSpriteVisible_WithNegativeRotation_ReturnsTrue" storage="/users/pabllopf/repositorios/alis/2_application/alis/test/bin/debug/lib/alis.test.dll" id="4c281d0a-fa4c-3372-7f16-a763daeccec2">
      <Execution id="8e1fd1a7-b79b-4d22-a35e-53d7b72dc7ad" />
      <TestMethod codeBase="/Users/pabllopf/repositorios/Alis/2_Application/Alis/test/bin/Debug/lib/Alis.Test.dll" adapterTypeName="executor://xunit/VsTestRunner2/netcoreapp" className="Alis.Test.Core.Ecs.Components.Render.SpriteCoverageTest" name="IsSpriteVisible_WithNegativeRotation_ReturnsTrue" />
    </UnitTest>
    <UnitTest name="Alis.Test.Core.Ecs.Components.Render.SpriteBuilderTest.SetTexture_SetsTexturePath_ReturnsBuilder" storage="/users/pabllopf/repositorios/alis/2_application/alis/test/bin/debug/lib/alis.test.dll" id="a188e33a-ea3c-1f1f-185d-7dc0151ada4e">
      <Execution id="29348cf2-fc58-462e-b086-0802245b652a" />
      <TestMethod codeBase="/Users/pabllopf/repositorios/Alis/2_Application/Alis/test/bin/Debug/lib/Alis.Test.dll" adapterTypeName="executor://xunit/VsTestRunner2/netcoreapp" className="Alis.Test.Core.Ecs.Components.Render.SpriteBuilderTest" name="SetTexture_SetsTexturePath_ReturnsBuilder" />
    </UnitTest>
    <UnitTest name="Alis.Test.Core.Ecs.Components.Render.SpriteRenderCoverageTests.LoadTexture_WithResourceName_LoadsFromResources" storage="/users/pabllopf/repositorios/alis/2_application/alis/test/bin/debug/lib/alis.test.dll" id="0f89d77e-a3f7-1701-8136-6398d8f9a9ea">
      <Execution id="68451333-f55b-43ae-a782-ad8f9043083d" />
      <TestMethod codeBase="/Users/pabllopf/repositorios/Alis/2_Application/Alis/test/bin/Debug/lib/Alis.Test.dll" adapterTypeName="executor://xunit/VsTestRunner2/netcoreapp" className="Alis.Test.Core.Ecs.Components.Render.SpriteRenderCoverageTests" name="LoadTexture_WithResourceName_LoadsFromResources" />
    </UnitTest>
    <UnitTest name="Alis.Test.Builder.Core.Ecs.Entity.SpriteConfigTest.Delegate_CanBeInvoked" storage="/users/pabllopf/repositorios/alis/2_application/alis/test/bin/debug/lib/alis.test.dll" id="95d2f022-c62e-ad57-51b1-cee7e5746cac">
      <Execution id="9d495dbd-93dc-4028-acea-0a89f4d47088" />
      <TestMethod codeBase="/Users/pabllopf/repositorios/Alis/2_Application/Alis/test/bin/Debug/lib/Alis.Test.dll" adapterTypeName="executor://xunit/VsTestRunner2/netcoreapp" className="Alis.Test.Builder.Core.Ecs.Entity.SpriteConfigTest" name="Delegate_CanBeInvoked" />
    </UnitTest>
    <UnitTest name="Alis.Test.Core.Ecs.Components.Render.SpriteIsSpriteVisibleTest.SpriteAtCameraEdge_ShouldBeVisible" storage="/users/pabllopf/repositorios/alis/2_application/alis/test/bin/debug/lib/alis.test.dll" id="30b0a117-c291-983e-bf04-f764a8c14fd5">
      <Execution id="e5942690-8eec-4b2b-98fc-4f6e98ebb3f2" />
      <TestMethod codeBase="/Users/pabllopf/repositorios/Alis/2_Application/Alis/test/bin/Debug/lib/Alis.Test.dll" adapterTypeName="executor://xunit/VsTestRunner2/netcoreapp" className="Alis.Test.Core.Ecs.Components.Render.SpriteIsSpriteVisibleTest" name="SpriteAtCameraEdge_ShouldBeVisible" />
    </UnitTest>
    <UnitTest name="Alis.Test.Core.Ecs.Components.Render.SpriteTest.Sprite_ShouldImplementISpriteInterface" storage="/users/pabllopf/repositorios/alis/2_application/alis/test/bin/debug/lib/alis.test.dll" id="86c204bc-aff8-a5f6-2bd2-102172cc65da">
      <Execution id="af5b4dd2-a44e-4251-aa20-0d7ab1a74eae" />
      <TestMethod codeBase="/Users/pabllopf/repositorios/Alis/2_Application/Alis/test/bin/Debug/lib/Alis.Test.dll" adapterTypeName="executor://xunit/VsTestRunner2/netcoreapp" className="Alis.Test.Core.Ecs.Components.Render.SpriteTest" name="Sprite_ShouldImplementISpriteInterface" />
    </UnitTest>
    <UnitTest name="Alis.Test.Core.Ecs.Components.Render.SpriteEnhancedCoverageTests.IsSpriteVisible_SmallScaleSpriteAtCameraEdge_ReturnsTrue" storage="/users/pabllopf/repositorios/alis/2_application/alis/test/bin/debug/lib/alis.test.dll" id="087f2617-0390-9584-3536-58aa7aae9629">
      <Execution id="b02891c9-f56f-40fd-a81b-735555833689" />
      <TestMethod codeBase="/Users/pabllopf/repositorios/Alis/2_Application/Alis/test/bin/Debug/lib/Alis.Test.dll" adapterTypeName="executor://xunit/VsTestRunner2/netcoreapp" className="Alis.Test.Core.Ecs.Components.Render.SpriteEnhancedCoverageTests" name="IsSpriteVisible_SmallScaleSpriteAtCameraEdge_ReturnsTrue" />
    </UnitTest>
    <UnitTest name="Alis.Test.Core.Ecs.Components.Render.SpriteTest.Sprite_Properties_ShouldBeGetAndSettable" storage="/users/pabllopf/repositorios/alis/2_application/alis/test/bin/debug/lib/alis.test.dll" id="295ce93d-de18-7d53-cbd7-37401af3c918">
      <Execution id="1b2c30d1-873c-4c42-8327-3dc0070a73c9" />
      <TestMethod codeBase="/Users/pabllopf/repositorios/Alis/2_Application/Alis/test/bin/Debug/lib/Alis.Test.dll" adapterTypeName="executor://xunit/VsTestRunner2/netcoreapp" className="Alis.Test.Core.Ecs.Components.Render.SpriteTest" name="Sprite_Properties_ShouldBeGetAndSettable" />
    </UnitTest>
    <UnitTest name="Alis.Test.Core.Ecs.Components.Render.SpriteTest.Sprite_OnExitMethod_ShouldExistAndBeCallable" storage="/users/pabllopf/repositorios/alis/2_application/alis/test/bin/debug/lib/alis.test.dll" id="d7969dc0-7a4a-a06c-002c-142ccba0876d">
      <Execution id="f09b3f32-7afe-4e8f-aeab-42cbb539ae68" />
      <TestMethod codeBase="/Users/pabllopf/repositorios/Alis/2_Application/Alis/test/bin/Debug/lib/Alis.Test.dll" adapterTypeName="executor://xunit/VsTestRunner2/netcoreapp" className="Alis.Test.Core.Ecs.Components.Render.SpriteTest" name="Sprite_OnExitMethod_ShouldExistAndBeCallable" />
    </UnitTest>
    <UnitTest name="Alis.Test.Core.Ecs.Components.Render.SpriteBuilderTest.ChainingAllProperties_CreatesSprite" storage="/users/pabllopf/repositorios/alis/2_application/alis/test/bin/debug/lib/alis.test.dll" id="23274a3a-ff7e-d256-d261-621f4ff7ac0f">
      <Execution id="eb5b6f80-d116-4e31-9116-16d19296c19d" />
      <TestMethod codeBase="/Users/pabllopf/repositorios/Alis/2_Application/Alis/test/bin/Debug/lib/Alis.Test.dll" adapterTypeName="executor://xunit/VsTestRunner2/netcoreapp" className="Alis.Test.Core.Ecs.Components.Render.SpriteBuilderTest" name="ChainingAllProperties_CreatesSprite" />
    </UnitTest>
    <UnitTest name="Alis.Test.Core.Ecs.Components.Render.SpriteRemainingCoverageTests.NameFile_Property_RoundTrips" storage="/users/pabllopf/repositorios/alis/2_application/alis/test/bin/debug/lib/alis.test.dll" id="2f712fd7-eda3-fc94-bf11-8db34676385d">
      <Execution id="bd1952fe-ec6a-48dc-a141-b876cc706492" />
      <TestMethod codeBase="/Users/pabllopf/repositorios/Alis/2_Application/Alis/test/bin/Debug/lib/Alis.Test.dll" adapterTypeName="executor://xunit/VsTestRunner2/netcoreapp" className="Alis.Test.Core.Ecs.Components.Render.SpriteRemainingCoverageTests" name="NameFile_Property_RoundTrips" />
    </UnitTest>
    <UnitTest name="Alis.Test.Core.Ecs.Components.Render.SpriteRenderCoverageTests.LoadTexture_WithExistingFile_ExecutesAndReleases" storage="/users/pabllopf/repositorios/alis/2_application/alis/test/bin/debug/lib/alis.test.dll" id="7bb31742-a10c-f87d-a1cb-cb9cbe254375">
      <Execution id="dc151826-52ee-435d-b169-5ab6b23c1e05" />
      <TestMethod codeBase="/Users/pabllopf/repositorios/Alis/2_Application/Alis/test/bin/Debug/lib/Alis.Test.dll" adapterTypeName="executor://xunit/VsTestRunner2/netcoreapp" className="Alis.Test.Core.Ecs.Components.Render.SpriteRenderCoverageTests" name="LoadTexture_WithExistingFile_ExecutesAndReleases" />
    </UnitTest>
    <UnitTest name="Alis.Test.Core.Ecs.Components.Render.SpriteEnhancedCoverageTests.GetHashCode_SameValues_ReturnsSameHash" storage="/users/pabllopf/repositorios/alis/2_application/alis/test/bin/debug/lib/alis.test.dll" id="2bd4e5fb-3dcb-57fe-e732-090d3fe6ec5d">
      <Execution id="fc3780a2-bda5-414d-8f71-950fea09bdba" />
      <TestMethod codeBase="/Users/pabllopf/repositorios/Alis/2_Application/Alis/test/bin/Debug/lib/Alis.Test.dll" adapterTypeName="executor://xunit/VsTestRunner2/netcoreapp" className="Alis.Test.Core.Ecs.Components.Render.SpriteEnhancedCoverageTests" name="GetHashCode_SameValues_ReturnsSameHash" />
    </UnitTest>
    <UnitTest name="Alis.Test.Core.Ecs.Components.Render.SpriteEnhancedCoverageTests.Equals_DifferentValues_ReturnsFalse" storage="/users/pabllopf/repositorios/alis/2_application/alis/test/bin/debug/lib/alis.test.dll" id="6e6912f4-1750-900d-1bb9-8181f3f26a90">
      <Execution id="c9b421f7-79b9-44e2-bf87-85363cdf4c17" />
      <TestMethod codeBase="/Users/pabllopf/repositorios/Alis/2_Application/Alis/test/bin/Debug/lib/Alis.Test.dll" adapterTypeName="executor://xunit/VsTestRunner2/netcoreapp" className="Alis.Test.Core.Ecs.Components.Render.SpriteEnhancedCoverageTests" name="Equals_DifferentValues_ReturnsFalse" />
    </UnitTest>
    <UnitTest name="Alis.Test.Core.Ecs.Components.Render.SpriteEnhancedCoverageTests.IsSpriteVisible_SpriteWithNoScale_CannotBeVisible" storage="/users/pabllopf/repositorios/alis/2_application/alis/test/bin/debug/lib/alis.test.dll" id="0aa31a3f-63fc-7fb9-8010-0c8c8a318fa2">
      <Execution id="821ac4f8-ae99-432f-8957-bdc23842f305" />
      <TestMethod codeBase="/Users/pabllopf/repositorios/Alis/2_Application/Alis/test/bin/Debug/lib/Alis.Test.dll" adapterTypeName="executor://xunit/VsTestRunner2/netcoreapp" className="Alis.Test.Core.Ecs.Components.Render.SpriteEnhancedCoverageTests" name="IsSpriteVisible_SpriteWithNoScale_CannotBeVisible" />
    </UnitTest>
    <UnitTest name="Alis.Test.Core.Ecs.Components.Render.SpriteAdditionalCoverageTest.OnUpdate_IsNoOp_DoesNotThrow" storage="/users/pabllopf/repositorios/alis/2_application/alis/test/bin/debug/lib/alis.test.dll" id="d6480b33-3958-e832-1ac6-bd996f025e3f">
      <Execution id="ad6ec35d-2758-44df-90f7-af844f380752" />
      <TestMethod codeBase="/Users/pabllopf/repositorios/Alis/2_Application/Alis/test/bin/Debug/lib/Alis.Test.dll" adapterTypeName="executor://xunit/VsTestRunner2/netcoreapp" className="Alis.Test.Core.Ecs.Components.Render.SpriteAdditionalCoverageTest" name="OnUpdate_IsNoOp_DoesNotThrow" />
    </UnitTest>
    <UnitTest name="Alis.Test.Core.Ecs.Components.Render.SpriteEnhancedCoverageTests.LoadTexture_WhenFilePathNotEmptyAndNameFileDiffers_UpdatesNameFile" storage="/users/pabllopf/repositorios/alis/2_application/alis/test/bin/debug/lib/alis.test.dll" id="7d1e17cb-06ee-b14b-2dcd-b9d2de00d1fd">
      <Execution id="a334762c-fc37-41d2-9c01-7f4bc6246622" />
      <TestMethod codeBase="/Users/pabllopf/repositorios/Alis/2_Application/Alis/test/bin/Debug/lib/Alis.Test.dll" adapterTypeName="executor://xunit/VsTestRunner2/netcoreapp" className="Alis.Test.Core.Ecs.Components.Render.SpriteEnhancedCoverageTests" name="LoadTexture_WhenFilePathNotEmptyAndNameFileDiffers_UpdatesNameFile" />
    </UnitTest>
    <UnitTest name="Alis.Test.Core.Ecs.Components.Render.SpriteBuilderTest.Depth_SetsDepth_ReturnsBuilder" storage="/users/pabllopf/repositorios/alis/2_application/alis/test/bin/debug/lib/alis.test.dll" id="ba87d4ac-f48c-8b5a-a124-d0d74a43b1c3">
      <Execution id="2351b33c-9a1a-49c5-a050-edcedec7bbc5" />
      <TestMethod codeBase="/Users/pabllopf/repositorios/Alis/2_Application/Alis/test/bin/Debug/lib/Alis.Test.dll" adapterTypeName="executor://xunit/VsTestRunner2/netcoreapp" className="Alis.Test.Core.Ecs.Components.Render.SpriteBuilderTest" name="Depth_SetsDepth_ReturnsBuilder" />
    </UnitTest>
    <UnitTest name="Alis.Test.Core.Ecs.GameObjectBuilderTest.WithComponent_WithSpriteConfig_ReturnsBuilder" storage="/users/pabllopf/repositorios/alis/2_application/alis/test/bin/debug/lib/alis.test.dll" id="919cadee-de87-6b0b-6ecd-fa1c6ce102c0">
      <Execution id="9d3b80ce-d9aa-4101-b7c5-1d25e55689aa" />
      <TestMethod codeBase="/Users/pabllopf/repositorios/Alis/2_Application/Alis/test/bin/Debug/lib/Alis.Test.dll" adapterTypeName="executor://xunit/VsTestRunner2/netcoreapp" className="Alis.Test.Core.Ecs.GameObjectBuilderTest" name="WithComponent_WithSpriteConfig_ReturnsBuilder" />
    </UnitTest>
    <UnitTest name="Alis.Test.Core.Ecs.Components.Render.ISpriteComplianceTest.Interface_IsImplementedBySprite" storage="/users/pabllopf/repositorios/alis/2_application/alis/test/bin/debug/lib/alis.test.dll" id="748fc62c-fad7-1c5c-c26c-87f8b44f418e">
      <Execution id="46d43620-576c-4d58-871a-f7a8a35a2f05" />
      <TestMethod codeBase="/Users/pabllopf/repositorios/Alis/2_Application/Alis/test/bin/Debug/lib/Alis.Test.dll" adapterTypeName="executor://xunit/VsTestRunner2/netcoreapp" className="Alis.Test.Core.Ecs.Components.Render.ISpriteComplianceTest" name="Interface_IsImplementedBySprite" />
    </UnitTest>
    <UnitTest name="Alis.Test.Core.Ecs.Components.Render.SpriteRenderCoverageTests.Render_WithResourceNameAndEmptyPath_Executes" storage="/users/pabllopf/repositorios/alis/2_application/alis/test/bin/debug/lib/alis.test.dll" id="a2a63dcc-2129-a377-07e2-d308ee3fb74b">
      <Execution id="f01c871a-6935-4d42-81f2-d30adab4e1da" />
      <TestMethod codeBase="/Users/pabllopf/repositorios/Alis/2_Application/Alis/test/bin/Debug/lib/Alis.Test.dll" adapterTypeName="executor://xunit/VsTestRunner2/netcoreapp" className="Alis.Test.Core.Ecs.Components.Render.SpriteRenderCoverageTests" name="Render_WithResourceNameAndEmptyPath_Executes" />
    </UnitTest>
    <UnitTest name="Alis.Test.Core.Ecs.Components.Render.SpriteCoverageTest.IsSpriteVisible_WithLargeScale_ReturnsTrue" storage="/users/pabllopf/repositorios/alis/2_application/alis/test/bin/debug/lib/alis.test.dll" id="fce19747-6b87-3b7d-567a-24b6cb82e323">
      <Execution id="58ba966c-8f82-46ae-bac9-c88b24d00b2a" />
      <TestMethod codeBase="/Users/pabllopf/repositorios/Alis/2_Application/Alis/test/bin/Debug/lib/Alis.Test.dll" adapterTypeName="executor://xunit/VsTestRunner2/netcoreapp" className="Alis.Test.Core.Ecs.Components.Render.SpriteCoverageTest" name="IsSpriteVisible_WithLargeScale_ReturnsTrue" />
    </UnitTest>
    <UnitTest name="Alis.Test.Core.Ecs.Components.Render.SpriteTest.Sprite_Constructor_WithEmptyName_ShouldNotThrow" storage="/users/pabllopf/repositorios/alis/2_application/alis/test/bin/debug/lib/alis.test.dll" id="553b20c4-214b-8df2-7f6c-daa04df2df0b">
      <Execution id="e104133e-1df7-4c33-a0ea-1a300d57bd6a" />
      <TestMethod codeBase="/Users/pabllopf/repositorios/Alis/2_Application/Alis/test/bin/Debug/lib/Alis.Test.dll" adapterTypeName="executor://xunit/VsTestRunner2/netcoreapp" className="Alis.Test.Core.Ecs.Components.Render.SpriteTest" name="Sprite_Constructor_WithEmptyName_ShouldNotThrow" />
    </UnitTest>
    <UnitTest name="Alis.Test.Core.Ecs.Components.Render.SpriteTest.Sprite_Constructor_ShouldNotThrow" storage="/users/pabllopf/repositorios/alis/2_application/alis/test/bin/debug/lib/alis.test.dll" id="c332cddb-cf9c-7595-be6c-ed10b1f83700">
      <Execution id="ddef8201-2a77-449f-9b71-11bdc895a52e" />
      <TestMethod codeBase="/Users/pabllopf/repositorios/Alis/2_Application/Alis/test/bin/Debug/lib/Alis.Test.dll" adapterTypeName="executor://xunit/VsTestRunner2/netcoreapp" className="Alis.Test.Core.Ecs.Components.Render.SpriteTest" name="Sprite_Constructor_ShouldNotThrow" />
    </UnitTest>
    <UnitTest name="Alis.Test.Core.Ecs.Components.Render.SpriteRemainingCoverageTests.Depth_Property_RoundTrips" storage="/users/pabllopf/repositorios/alis/2_application/alis/test/bin/debug/lib/alis.test.dll" id="754586ac-7047-ee6f-a2c2-d3c3221ce248">
      <Execution id="c25e6e25-cc37-4d6e-99f5-ee923f9d56d0" />
      <TestMethod codeBase="/Users/pabllopf/repositorios/Alis/2_Application/Alis/test/bin/Debug/lib/Alis.Test.dll" adapterTypeName="executor://xunit/VsTestRunner2/netcoreapp" className="Alis.Test.Core.Ecs.Components.Render.SpriteRemainingCoverageTests" name="Depth_Property_RoundTrips" />
    </UnitTest>
    <UnitTest name="Alis.Test.Core.Ecs.Components.Render.SpriteEnhancedCoverageTests.IsSpriteVisible_WithCustomPixelsPerMeter_ComputesCorrectly" storage="/users/pabllopf/repositorios/alis/2_application/alis/test/bin/debug/lib/alis.test.dll" id="91678c8a-9d3b-bef1-469f-7f58d9399e24">
      <Execution id="614381a2-8206-4e47-a37b-03a581a92963" />
      <TestMethod codeBase="/Users/pabllopf/repositorios/Alis/2_Application/Alis/test/bin/Debug/lib/Alis.Test.dll" adapterTypeName="executor://xunit/VsTestRunner2/netcoreapp" className="Alis.Test.Core.Ecs.Components.Render.SpriteEnhancedCoverageTests" name="IsSpriteVisible_WithCustomPixelsPerMeter_ComputesCorrectly" />
    </UnitTest>
    <UnitTest name="Alis.Test.Core.Ecs.Components.Render.SpriteIsSpriteVisibleTest.SpriteWithMinimalRotation_ShouldUseNoRotationBounds" storage="/users/pabllopf/repositorios/alis/2_application/alis/test/bin/debug/lib/alis.test.dll" id="961958c0-4132-aba2-42c8-440f9d29d099">
      <Execution id="c89b767b-d741-46b0-892e-d3eac4cba885" />
      <TestMethod codeBase="/Users/pabllopf/repositorios/Alis/2_Application/Alis/test/bin/Debug/lib/Alis.Test.dll" adapterTypeName="executor://xunit/VsTestRunner2/netcoreapp" className="Alis.Test.Core.Ecs.Components.Render.SpriteIsSpriteVisibleTest" name="SpriteWithMinimalRotation_ShouldUseNoRotationBounds" />
    </UnitTest>
    <UnitTest name="Alis.Test.Core.Ecs.Components.Render.SpriteRenderCoverageTests.Render_AfterLoadTexture_BindsTexture" storage="/users/pabllopf/repositorios/alis/2_application/alis/test/bin/debug/lib/alis.test.dll" id="787f8104-4bfc-18da-5990-37790036649e">
      <Execution id="61833ee6-c528-4b03-a952-ccac8e4748f9" />
      <TestMethod codeBase="/Users/pabllopf/repositorios/Alis/2_Application/Alis/test/bin/Debug/lib/Alis.Test.dll" adapterTypeName="executor://xunit/VsTestRunner2/netcoreapp" className="Alis.Test.Core.Ecs.Components.Render.SpriteRenderCoverageTests" name="Render_AfterLoadTexture_BindsTexture" />
    </UnitTest>
    <UnitTest name="Alis.Test.Core.Ecs.Components.Render.SpriteEnhancedCoverageTests.IsSpriteVisible_JustBeyondEdgeOnY_ReturnsFalse" storage="/users/pabllopf/repositorios/alis/2_application/alis/test/bin/debug/lib/alis.test.dll" id="914f0e8d-afc1-ff7a-031f-b0af9dfa090d">
      <Execution id="f5244e53-e8b8-44d8-b11d-cc84cfa58598" />
      <TestMethod codeBase="/Users/pabllopf/repositorios/Alis/2_Application/Alis/test/bin/Debug/lib/Alis.Test.dll" adapterTypeName="executor://xunit/VsTestRunner2/netcoreapp" className="Alis.Test.Core.Ecs.Components.Render.SpriteEnhancedCoverageTests" name="IsSpriteVisible_JustBeyondEdgeOnY_ReturnsFalse" />
    </UnitTest>
    <UnitTest name="Alis.Test.Core.Ecs.Components.Render.SpriteIsSpriteVisibleTest.RotatedSpriteOutsideBounds_ShouldNotBeVisible" storage="/users/pabllopf/repositorios/alis/2_application/alis/test/bin/debug/lib/alis.test.dll" id="665168d8-d6b4-e549-8dc9-278f54927528">
      <Execution id="e13ec886-2eca-4aab-abd2-40ae77b93993" />
      <TestMethod codeBase="/Users/pabllopf/repositorios/Alis/2_Application/Alis/test/bin/Debug/lib/Alis.Test.dll" adapterTypeName="executor://xunit/VsTestRunner2/netcoreapp" className="Alis.Test.Core.Ecs.Components.Render.SpriteIsSpriteVisibleTest" name="RotatedSpriteOutsideBounds_ShouldNotBeVisible" />
    </UnitTest>
    <UnitTest name="Alis.Test.Core.Ecs.Components.Render.SpriteCoverageTest.IsSpriteVisible_FarOutsideCamera_ReturnsFalse" storage="/users/pabllopf/repositorios/alis/2_application/alis/test/bin/debug/lib/alis.test.dll" id="af2a73c6-48d1-d44d-7169-0182eea4ea33">
      <Execution id="98983fe2-0e5f-41f6-85f5-71907b74cc9a" />
      <TestMethod codeBase="/Users/pabllopf/repositorios/Alis/2_Application/Alis/test/bin/Debug/lib/Alis.Test.dll" adapterTypeName="executor://xunit/VsTestRunner2/netcoreapp" className="Alis.Test.Core.Ecs.Components.Render.SpriteCoverageTest" name="IsSpriteVisible_FarOutsideCamera_ReturnsFalse" />
    </UnitTest>
    <UnitTest name="Alis.Test.Core.Ecs.Components.Render.SpriteTest.Sprite_DefaultState_ShouldBeValid" storage="/users/pabllopf/repositorios/alis/2_application/alis/test/bin/debug/lib/alis.test.dll" id="98256b98-236b-82cc-88b1-bcb16839a344">
      <Execution id="7d1fe039-1c54-473a-bcf8-2f55dd2ecf97" />
      <TestMethod codeBase="/Users/pabllopf/repositorios/Alis/2_Application/Alis/test/bin/Debug/lib/Alis.Test.dll" adapterTypeName="executor://xunit/VsTestRunner2/netcoreapp" className="Alis.Test.Core.Ecs.Components.Render.SpriteTest" name="Sprite_DefaultState_ShouldBeValid" />
    </UnitTest>
    <UnitTest name="Alis.Test.Core.Ecs.Components.Render.SpriteEnhancedCoverageTests.LoadTexture_WhenFileExistsAndGlThrows_ThrowsExternalException" storage="/users/pabllopf/repositorios/alis/2_application/alis/test/bin/debug/lib/alis.test.dll" id="8edbf7d7-4444-93b7-e4d9-4e048c1c60fc">
      <Execution id="fb802b46-88d5-485b-ba58-a68b7b2b35f6" />
      <TestMethod codeBase="/Users/pabllopf/repositorios/Alis/2_Application/Alis/test/bin/Debug/lib/Alis.Test.dll" adapterTypeName="executor://xunit/VsTestRunner2/netcoreapp" className="Alis.Test.Core.Ecs.Components.Render.SpriteEnhancedCoverageTests" name="LoadTexture_WhenFileExistsAndGlThrows_ThrowsExternalException" />
    </UnitTest>
    <UnitTest name="Alis.Test.Core.Ecs.Components.Render.SpriteEnhancedCoverageTests.ToString_ContainsTypeAndProperties" storage="/users/pabllopf/repositorios/alis/2_application/alis/test/bin/debug/lib/alis.test.dll" id="fe0c4f18-f41e-95cf-26a0-5887497e0150">
      <Execution id="3977dada-326d-446c-af23-9c8c686c120a" />
      <TestMethod codeBase="/Users/pabllopf/repositorios/Alis/2_Application/Alis/test/bin/Debug/lib/Alis.Test.dll" adapterTypeName="executor://xunit/VsTestRunner2/netcoreapp" className="Alis.Test.Core.Ecs.Components.Render.SpriteEnhancedCoverageTests" name="ToString_ContainsTypeAndProperties" />
    </UnitTest>
    <UnitTest name="Alis.Test.Core.Ecs.Components.Render.SpriteEnhancedCoverageTests.IsSpriteVisible_JustBeyondEdgeOnX_ReturnsFalse" storage="/users/pabllopf/repositorios/alis/2_application/alis/test/bin/debug/lib/alis.test.dll" id="802b60d8-1833-d31d-e9c2-b0a4d002a9ea">
      <Execution id="6aab7bdc-6a85-43e2-9f09-a56d2094a8c5" />
      <TestMethod codeBase="/Users/pabllopf/repositorios/Alis/2_Application/Alis/test/bin/Debug/lib/Alis.Test.dll" adapterTypeName="executor://xunit/VsTestRunner2/netcoreapp" className="Alis.Test.Core.Ecs.Components.Render.SpriteEnhancedCoverageTests" name="IsSpriteVisible_JustBeyondEdgeOnX_ReturnsFalse" />
    </UnitTest>
    <UnitTest name="Alis.Test.Core.Ecs.Systems.Manager.Graphic.GraphicManagerRemainingPathsTest.RenderSprites_WithAnimatorAndInvisibleSprite_DoesNotThrow" storage="/users/pabllopf/repositorios/alis/2_application/alis/test/bin/debug/lib/alis.test.dll" id="a58b2425-45c6-71c4-64cc-d677b8d74d09">
      <Execution id="b7e3f96f-6f0a-4d22-a9b4-79492e8c22a5" />
      <TestMethod codeBase="/Users/pabllopf/repositorios/Alis/2_Application/Alis/test/bin/Debug/lib/Alis.Test.dll" adapterTypeName="executor://xunit/VsTestRunner2/netcoreapp" className="Alis.Test.Core.Ecs.Systems.Manager.Graphic.GraphicManagerRemainingPathsTest" name="RenderSprites_WithAnimatorAndInvisibleSprite_DoesNotThrow" />
    </UnitTest>
    <UnitTest name="Alis.Test.Core.Ecs.Systems.Manager.Graphic.GraphicManagerRemainingPathsTest.RenderSprites_WithInvisibleSprite_DoesNotThrow" storage="/users/pabllopf/repositorios/alis/2_application/alis/test/bin/debug/lib/alis.test.dll" id="65e1d5c8-1645-8473-a178-b333aa7df2ce">
      <Execution id="ba632f56-8847-46e1-b4b2-0445ab71608f" />
      <TestMethod codeBase="/Users/pabllopf/repositorios/Alis/2_Application/Alis/test/bin/Debug/lib/Alis.Test.dll" adapterTypeName="executor://xunit/VsTestRunner2/netcoreapp" className="Alis.Test.Core.Ecs.Systems.Manager.Graphic.GraphicManagerRemainingPathsTest" name="RenderSprites_WithInvisibleSprite_DoesNotThrow" />
    </UnitTest>
    <UnitTest name="Alis.Test.Core.Ecs.Components.Render.SpriteEnhancedCoverageTests.GetHashCode_DifferentValues_ReturnsDifferentHash" storage="/users/pabllopf/repositorios/alis/2_application/alis/test/bin/debug/lib/alis.test.dll" id="53be9f5f-8095-f011-737f-60e7416fe28b">
      <Execution id="f970e2dd-69a0-458c-8cf1-b6499f349d4a" />
      <TestMethod codeBase="/Users/pabllopf/repositorios/Alis/2_Application/Alis/test/bin/Debug/lib/Alis.Test.dll" adapterTypeName="executor://xunit/VsTestRunner2/netcoreapp" className="Alis.Test.Core.Ecs.Components.Render.SpriteEnhancedCoverageTests" name="GetHashCode_DifferentValues_ReturnsDifferentHash" />
    </UnitTest>
    <UnitTest name="Alis.Test.Core.Ecs.Components.Render.SpriteCoverageTest.IsSpriteVisible_WithRotation_ReturnsTrue" storage="/users/pabllopf/repositorios/alis/2_application/alis/test/bin/debug/lib/alis.test.dll" id="016ad2e2-efe1-0bd1-d2bf-9964112cc67f">
      <Execution id="f8301836-04a0-4289-acd8-4f1ec07f7c5f" />
      <TestMethod codeBase="/Users/pabllopf/repositorios/Alis/2_Application/Alis/test/bin/Debug/lib/Alis.Test.dll" adapterTypeName="executor://xunit/VsTestRunner2/netcoreapp" className="Alis.Test.Core.Ecs.Components.Render.SpriteCoverageTest" name="IsSpriteVisible_WithRotation_ReturnsTrue" />
    </UnitTest>
    <UnitTest name="Alis.Test.Core.Ecs.Components.Render.SpriteEnhancedCoverageTests.LoadTexture_WhenFilePathEmpty_UsesNameFileFallback" storage="/users/pabllopf/repositorios/alis/2_application/alis/test/bin/debug/lib/alis.test.dll" id="fb76f0d2-6063-de52-6aee-afc0a412180d">
      <Execution id="6138a426-f83a-473e-a8d9-5ccb564fe548" />
      <TestMethod codeBase="/Users/pabllopf/repositorios/Alis/2_Application/Alis/test/bin/Debug/lib/Alis.Test.dll" adapterTypeName="executor://xunit/VsTestRunner2/netcoreapp" className="Alis.Test.Core.Ecs.Components.Render.SpriteEnhancedCoverageTests" name="LoadTexture_WhenFilePathEmpty_UsesNameFileFallback" />
    </UnitTest>
    <UnitTest name="Alis.Test.Core.Ecs.Components.Render.SpriteIsSpriteVisibleTest.SpriteOutsideBoundsX_ShouldNotBeVisible" storage="/users/pabllopf/repositorios/alis/2_application/alis/test/bin/debug/lib/alis.test.dll" id="30a7fb9e-5c7b-fe8e-8256-699c95f41e82">
      <Execution id="e3ec41f4-30af-4e34-acc1-0f0975c8b966" />
      <TestMethod codeBase="/Users/pabllopf/repositorios/Alis/2_Application/Alis/test/bin/Debug/lib/Alis.Test.dll" adapterTypeName="executor://xunit/VsTestRunner2/netcoreapp" className="Alis.Test.Core.Ecs.Components.Render.SpriteIsSpriteVisibleTest" name="SpriteOutsideBoundsX_ShouldNotBeVisible" />
    </UnitTest>
    <UnitTest name="Alis.Test.Core.Ecs.Components.Render.SpriteCoverageTest.IsSpriteVisible_CenterWithinCamera_ReturnsTrue" storage="/users/pabllopf/repositorios/alis/2_application/alis/test/bin/debug/lib/alis.test.dll" id="e8dcdbe9-a803-19e2-d517-00b805144f34">
      <Execution id="54b73e66-6855-4431-95a0-b3b3f4e3c4e3" />
      <TestMethod codeBase="/Users/pabllopf/repositorios/Alis/2_Application/Alis/test/bin/Debug/lib/Alis.Test.dll" adapterTypeName="executor://xunit/VsTestRunner2/netcoreapp" className="Alis.Test.Core.Ecs.Components.Render.SpriteCoverageTest" name="IsSpriteVisible_CenterWithinCamera_ReturnsTrue" />
    </UnitTest>
    <UnitTest name="Alis.Test.Core.Ecs.Components.Render.SpriteEnhancedCoverageTests.OnExit_WhenTextureZero_CompletesSuccessfully" storage="/users/pabllopf/repositorios/alis/2_application/alis/test/bin/debug/lib/alis.test.dll" id="b6c79f5a-59fd-f432-75e3-f0c4cb887896">
      <Execution id="c5a18179-fc43-43a8-9701-f0cec40dee12" />
      <TestMethod codeBase="/Users/pabllopf/repositorios/Alis/2_Application/Alis/test/bin/Debug/lib/Alis.Test.dll" adapterTypeName="executor://xunit/VsTestRunner2/netcoreapp" className="Alis.Test.Core.Ecs.Components.Render.SpriteEnhancedCoverageTests" name="OnExit_WhenTextureZero_CompletesSuccessfully" />
    </UnitTest>
    <UnitTest name="Alis.Test.Core.Ecs.Components.Render.SpriteCoverageTest.IsSpriteVisible_AtEdgeOfCamera_ReturnsTrue" storage="/users/pabllopf/repositorios/alis/2_application/alis/test/bin/debug/lib/alis.test.dll" id="1226e5aa-be1c-9919-82bf-103487ee482b">
      <Execution id="d0bf5cec-3833-48f9-8746-7203f91b12b9" />
      <TestMethod codeBase="/Users/pabllopf/repositorios/Alis/2_Application/Alis/test/bin/Debug/lib/Alis.Test.dll" adapterTypeName="executor://xunit/VsTestRunner2/netcoreapp" className="Alis.Test.Core.Ecs.Components.Render.SpriteCoverageTest" name="IsSpriteVisible_AtEdgeOfCamera_ReturnsTrue" />
    </UnitTest>
    <UnitTest name="Alis.Test.Core.Ecs.Components.Render.SpriteIsSpriteVisibleTest.LargeSpriteFarOutsideX_ShouldNotBeVisible" storage="/users/pabllopf/repositorios/alis/2_application/alis/test/bin/debug/lib/alis.test.dll" id="a713d2ee-97c9-de8b-f99d-23a3848f60dd">
      <Execution id="df1be561-6812-45fa-bcb6-d59c880ca8e6" />
      <TestMethod codeBase="/Users/pabllopf/repositorios/Alis/2_Application/Alis/test/bin/Debug/lib/Alis.Test.dll" adapterTypeName="executor://xunit/VsTestRunner2/netcoreapp" className="Alis.Test.Core.Ecs.Components.Render.SpriteIsSpriteVisibleTest" name="LargeSpriteFarOutsideX_ShouldNotBeVisible" />
    </UnitTest>
    <UnitTest name="Alis.Test.Core.Ecs.Components.Render.SpriteEnhancedCoverageTests.Deconstruct_ReturnsCorrectValues" storage="/users/pabllopf/repositorios/alis/2_application/alis/test/bin/debug/lib/alis.test.dll" id="1d41f216-bf60-d268-309b-dbb5f0d93716">
      <Execution id="e60160e7-decc-4866-b6d0-2f150ef94a9b" />
      <TestMethod codeBase="/Users/pabllopf/repositorios/Alis/2_Application/Alis/test/bin/Debug/lib/Alis.Test.dll" adapterTypeName="executor://xunit/VsTestRunner2/netcoreapp" className="Alis.Test.Core.Ecs.Components.Render.SpriteEnhancedCoverageTests" name="Deconstruct_ReturnsCorrectValues" />
    </UnitTest>
    <UnitTest name="Alis.Test.Core.Ecs.Components.Render.SpriteBuilderTest.Build_ReturnsSpriteInstance" storage="/users/pabllopf/repositorios/alis/2_application/alis/test/bin/debug/lib/alis.test.dll" id="b5046d79-08e3-7b27-0d0f-7f7cee9bedf3">
      <Execution id="969ad668-bc79-4d53-b0de-44116554e7a1" />
      <TestMethod codeBase="/Users/pabllopf/repositorios/Alis/2_Application/Alis/test/bin/Debug/lib/Alis.Test.dll" adapterTypeName="executor://xunit/VsTestRunner2/netcoreapp" className="Alis.Test.Core.Ecs.Components.Render.SpriteBuilderTest" name="Build_ReturnsSpriteInstance" />
    </UnitTest>
    <UnitTest name="Alis.Test.Core.Ecs.Components.Render.SpriteIsSpriteVisibleTest.SpriteOutsideBoundsY_ShouldNotBeVisible" storage="/users/pabllopf/repositorios/alis/2_application/alis/test/bin/debug/lib/alis.test.dll" id="a45e5778-d1ee-44d3-6044-42b8d15b36c1">
      <Execution id="cccdae99-08cd-44a0-ad02-3ff973c7dfd5" />
      <TestMethod codeBase="/Users/pabllopf/repositorios/Alis/2_Application/Alis/test/bin/Debug/lib/Alis.Test.dll" adapterTypeName="executor://xunit/VsTestRunner2/netcoreapp" className="Alis.Test.Core.Ecs.Components.Render.SpriteIsSpriteVisibleTest" name="SpriteOutsideBoundsY_ShouldNotBeVisible" />
    </UnitTest>
    <UnitTest name="Alis.Test.Core.Ecs.Components.Render.SpriteEnhancedCoverageTests.IsSpriteVisible_SpriteAtCameraCenterWithMinimalRotation_ReturnsTrue" storage="/users/pabllopf/repositorios/alis/2_application/alis/test/bin/debug/lib/alis.test.dll" id="1472ead1-e947-6e2c-49e4-0cb542f4a00c">
      <Execution id="5b50a451-3770-4c09-8509-4f93588750e1" />
      <TestMethod codeBase="/Users/pabllopf/repositorios/Alis/2_Application/Alis/test/bin/Debug/lib/Alis.Test.dll" adapterTypeName="executor://xunit/VsTestRunner2/netcoreapp" className="Alis.Test.Core.Ecs.Components.Render.SpriteEnhancedCoverageTests" name="IsSpriteVisible_SpriteAtCameraCenterWithMinimalRotation_ReturnsTrue" />
    </UnitTest>
    <UnitTest name="Alis.Test.Core.Ecs.Components.Render.SpriteEnhancedCoverageTests.Equals_SameValues_ReturnsTrue" storage="/users/pabllopf/repositorios/alis/2_application/alis/test/bin/debug/lib/alis.test.dll" id="7d1b9b36-c5e5-9b02-cbbb-5465e3b745cc">
      <Execution id="db32f104-103e-48bf-8645-91dd09ad24a1" />
      <TestMethod codeBase="/Users/pabllopf/repositorios/Alis/2_Application/Alis/test/bin/Debug/lib/Alis.Test.dll" adapterTypeName="executor://xunit/VsTestRunner2/netcoreapp" className="Alis.Test.Core.Ecs.Components.Render.SpriteEnhancedCoverageTests" name="Equals_SameValues_ReturnsTrue" />
    </UnitTest>
    <UnitTest name="Alis.Test.Core.Ecs.Components.Render.SpriteEnhancedCoverageTests.IsSpriteVisible_ExactEdgeOnY_ReturnsTrue" storage="/users/pabllopf/repositorios/alis/2_application/alis/test/bin/debug/lib/alis.test.dll" id="b55fb00e-90e8-c8d1-147b-ac2c0f362ff5">
      <Execution id="1d20f950-b7cd-48bf-84f4-7cb8f191bd57" />
      <TestMethod codeBase="/Users/pabllopf/repositorios/Alis/2_Application/Alis/test/bin/Debug/lib/Alis.Test.dll" adapterTypeName="executor://xunit/VsTestRunner2/netcoreapp" className="Alis.Test.Core.Ecs.Components.Render.SpriteEnhancedCoverageTests" name="IsSpriteVisible_ExactEdgeOnY_ReturnsTrue" />
    </UnitTest>
    <UnitTest name="Alis.Test.Core.Ecs.Components.Render.SpriteRenderCoverageTests.Render_SpriteOutsideCamera_ReturnsEarly" storage="/users/pabllopf/repositorios/alis/2_application/alis/test/bin/debug/lib/alis.test.dll" id="52313d1e-59ee-63f2-ad80-7c8f1e28e984">
      <Execution id="1e1875aa-e21a-4614-aa38-a08aa29cb459" />
      <TestMethod codeBase="/Users/pabllopf/repositorios/Alis/2_Application/Alis/test/bin/Debug/lib/Alis.Test.dll" adapterTypeName="executor://xunit/VsTestRunner2/netcoreapp" className="Alis.Test.Core.Ecs.Components.Render.SpriteRenderCoverageTests" name="Render_SpriteOutsideCamera_ReturnsEarly" />
    </UnitTest>
    <UnitTest name="Alis.Test.Core.Ecs.Components.Render.SpriteAdditionalCoverageTest.OnStart_IsNoOp_DoesNotThrow" storage="/users/pabllopf/repositorios/alis/2_application/alis/test/bin/debug/lib/alis.test.dll" id="4ba52be8-2e94-e2b5-b1d4-494be49c4fa4">
      <Execution id="54612dc1-6d0c-451f-973b-d98717be0a5a" />
      <TestMethod codeBase="/Users/pabllopf/repositorios/Alis/2_Application/Alis/test/bin/Debug/lib/Alis.Test.dll" adapterTypeName="executor://xunit/VsTestRunner2/netcoreapp" className="Alis.Test.Core.Ecs.Components.Render.SpriteAdditionalCoverageTest" name="OnStart_IsNoOp_DoesNotThrow" />
    </UnitTest>
    <UnitTest name="Alis.Test.Core.Ecs.Components.Render.SpriteEnhancedCoverageTests.IsSpriteVisible_ExactEdgeOnX_ReturnsTrue" storage="/users/pabllopf/repositorios/alis/2_application/alis/test/bin/debug/lib/alis.test.dll" id="b6b83996-e620-c0c1-a04a-a0aaf4255de9">
      <Execution id="e4745466-dde3-4835-af8a-6f24c04a8e50" />
      <TestMethod codeBase="/Users/pabllopf/repositorios/Alis/2_Application/Alis/test/bin/Debug/lib/Alis.Test.dll" adapterTypeName="executor://xunit/VsTestRunner2/netcoreapp" className="Alis.Test.Core.Ecs.Components.Render.SpriteEnhancedCoverageTests" name="IsSpriteVisible_ExactEdgeOnX_ReturnsTrue" />
    </UnitTest>
    <UnitTest name="Alis.Test.Core.Ecs.Components.Render.SpriteCoverageTest.IsSpriteVisible_BeyondEdgeOfCamera_ReturnsFalse" storage="/users/pabllopf/repositorios/alis/2_application/alis/test/bin/debug/lib/alis.test.dll" id="b68cf8ca-2f11-45d8-3c3e-ac90be3bcaed">
      <Execution id="b2ee36fd-689c-4fbb-a06b-d306c47063c2" />
      <TestMethod codeBase="/Users/pabllopf/repositorios/Alis/2_Application/Alis/test/bin/Debug/lib/Alis.Test.dll" adapterTypeName="executor://xunit/VsTestRunner2/netcoreapp" className="Alis.Test.Core.Ecs.Components.Render.SpriteCoverageTest" name="IsSpriteVisible_BeyondEdgeOfCamera_ReturnsFalse" />
    </UnitTest>
    <UnitTest name="Alis.Test.Core.Ecs.Components.Render.SpriteIsSpriteVisibleTest.SpriteAtCameraCenter_ShouldBeVisible" storage="/users/pabllopf/repositorios/alis/2_application/alis/test/bin/debug/lib/alis.test.dll" id="d5cc1072-0f38-56eb-278e-50954a5369f9">
      <Execution id="5fd5bd2c-33b1-45a6-b48c-abb1db31f14f" />
      <TestMethod codeBase="/Users/pabllopf/repositorios/Alis/2_Application/Alis/test/bin/Debug/lib/Alis.Test.dll" adapterTypeName="executor://xunit/VsTestRunner2/netcoreapp" className="Alis.Test.Core.Ecs.Components.Render.SpriteIsSpriteVisibleTest" name="SpriteAtCameraCenter_ShouldBeVisible" />
    </UnitTest>
  </TestDefinitions>
  <TestEntries>
    <TestEntry testId="65e1d5c8-1645-8473-a178-b333aa7df2ce" executionId="ba632f56-8847-46e1-b4b2-0445ab71608f" testListId="8c84fa94-04c1-424b-9868-57a2d4851a1d" />
    <TestEntry testId="1226e5aa-be1c-9919-82bf-103487ee482b" executionId="d0bf5cec-3833-48f9-8746-7203f91b12b9" testListId="8c84fa94-04c1-424b-9868-57a2d4851a1d" />
    <TestEntry testId="a58b2425-45c6-71c4-64cc-d677b8d74d09" executionId="b7e3f96f-6f0a-4d22-a9b4-79492e8c22a5" testListId="8c84fa94-04c1-424b-9868-57a2d4851a1d" />
    <TestEntry testId="eaacc525-4f45-bb4e-478d-a6aedcde1c01" executionId="52e7b629-a1bb-4fde-a337-af821b4e9214" testListId="8c84fa94-04c1-424b-9868-57a2d4851a1d" />
    <TestEntry testId="087f2617-0390-9584-3536-58aa7aae9629" executionId="b02891c9-f56f-40fd-a81b-735555833689" testListId="8c84fa94-04c1-424b-9868-57a2d4851a1d" />
    <TestEntry testId="23274a3a-ff7e-d256-d261-621f4ff7ac0f" executionId="eb5b6f80-d116-4e31-9116-16d19296c19d" testListId="8c84fa94-04c1-424b-9868-57a2d4851a1d" />
    <TestEntry testId="4c281d0a-fa4c-3372-7f16-a763daeccec2" executionId="8e1fd1a7-b79b-4d22-a35e-53d7b72dc7ad" testListId="8c84fa94-04c1-424b-9868-57a2d4851a1d" />
    <TestEntry testId="30a7fb9e-5c7b-fe8e-8256-699c95f41e82" executionId="e3ec41f4-30af-4e34-acc1-0f0975c8b966" testListId="8c84fa94-04c1-424b-9868-57a2d4851a1d" />
    <TestEntry testId="30b0a117-c291-983e-bf04-f764a8c14fd5" executionId="e5942690-8eec-4b2b-98fc-4f6e98ebb3f2" testListId="8c84fa94-04c1-424b-9868-57a2d4851a1d" />
    <TestEntry testId="6e6912f4-1750-900d-1bb9-8181f3f26a90" executionId="c9b421f7-79b9-44e2-bf87-85363cdf4c17" testListId="8c84fa94-04c1-424b-9868-57a2d4851a1d" />
    <TestEntry testId="98256b98-236b-82cc-88b1-bcb16839a344" executionId="7d1fe039-1c54-473a-bcf8-2f55dd2ecf97" testListId="8c84fa94-04c1-424b-9868-57a2d4851a1d" />
    <TestEntry testId="2f712fd7-eda3-fc94-bf11-8db34676385d" executionId="bd1952fe-ec6a-48dc-a141-b876cc706492" testListId="8c84fa94-04c1-424b-9868-57a2d4851a1d" />
    <TestEntry testId="fb76f0d2-6063-de52-6aee-afc0a412180d" executionId="6138a426-f83a-473e-a8d9-5ccb564fe548" testListId="8c84fa94-04c1-424b-9868-57a2d4851a1d" />
    <TestEntry testId="86c204bc-aff8-a5f6-2bd2-102172cc65da" executionId="af5b4dd2-a44e-4251-aa20-0d7ab1a74eae" testListId="8c84fa94-04c1-424b-9868-57a2d4851a1d" />
    <TestEntry testId="754586ac-7047-ee6f-a2c2-d3c3221ce248" executionId="c25e6e25-cc37-4d6e-99f5-ee923f9d56d0" testListId="8c84fa94-04c1-424b-9868-57a2d4851a1d" />
    <TestEntry testId="af2a73c6-48d1-d44d-7169-0182eea4ea33" executionId="98983fe2-0e5f-41f6-85f5-71907b74cc9a" testListId="8c84fa94-04c1-424b-9868-57a2d4851a1d" />
    <TestEntry testId="b68cf8ca-2f11-45d8-3c3e-ac90be3bcaed" executionId="b2ee36fd-689c-4fbb-a06b-d306c47063c2" testListId="8c84fa94-04c1-424b-9868-57a2d4851a1d" />
    <TestEntry testId="0aa31a3f-63fc-7fb9-8010-0c8c8a318fa2" executionId="821ac4f8-ae99-432f-8957-bdc23842f305" testListId="8c84fa94-04c1-424b-9868-57a2d4851a1d" />
    <TestEntry testId="53be9f5f-8095-f011-737f-60e7416fe28b" executionId="f970e2dd-69a0-458c-8cf1-b6499f349d4a" testListId="8c84fa94-04c1-424b-9868-57a2d4851a1d" />
    <TestEntry testId="1d41f216-bf60-d268-309b-dbb5f0d93716" executionId="e60160e7-decc-4866-b6d0-2f150ef94a9b" testListId="8c84fa94-04c1-424b-9868-57a2d4851a1d" />
    <TestEntry testId="8edbf7d7-4444-93b7-e4d9-4e048c1c60fc" executionId="fb802b46-88d5-485b-ba58-a68b7b2b35f6" testListId="8c84fa94-04c1-424b-9868-57a2d4851a1d" />
    <TestEntry testId="d5cc1072-0f38-56eb-278e-50954a5369f9" executionId="5fd5bd2c-33b1-45a6-b48c-abb1db31f14f" testListId="8c84fa94-04c1-424b-9868-57a2d4851a1d" />
    <TestEntry testId="95d2f022-c62e-ad57-51b1-cee7e5746cac" executionId="9d495dbd-93dc-4028-acea-0a89f4d47088" testListId="8c84fa94-04c1-424b-9868-57a2d4851a1d" />
    <TestEntry testId="016ad2e2-efe1-0bd1-d2bf-9964112cc67f" executionId="f8301836-04a0-4289-acd8-4f1ec07f7c5f" testListId="8c84fa94-04c1-424b-9868-57a2d4851a1d" />
    <TestEntry testId="914f0e8d-afc1-ff7a-031f-b0af9dfa090d" executionId="f5244e53-e8b8-44d8-b11d-cc84cfa58598" testListId="8c84fa94-04c1-424b-9868-57a2d4851a1d" />
    <TestEntry testId="802b60d8-1833-d31d-e9c2-b0a4d002a9ea" executionId="6aab7bdc-6a85-43e2-9f09-a56d2094a8c5" testListId="8c84fa94-04c1-424b-9868-57a2d4851a1d" />
    <TestEntry testId="d7969dc0-7a4a-a06c-002c-142ccba0876d" executionId="f09b3f32-7afe-4e8f-aeab-42cbb539ae68" testListId="8c84fa94-04c1-424b-9868-57a2d4851a1d" />
    <TestEntry testId="e8dcdbe9-a803-19e2-d517-00b805144f34" executionId="54b73e66-6855-4431-95a0-b3b3f4e3c4e3" testListId="8c84fa94-04c1-424b-9868-57a2d4851a1d" />
    <TestEntry testId="91678c8a-9d3b-bef1-469f-7f58d9399e24" executionId="614381a2-8206-4e47-a37b-03a581a92963" testListId="8c84fa94-04c1-424b-9868-57a2d4851a1d" />
    <TestEntry testId="1472ead1-e947-6e2c-49e4-0cb542f4a00c" executionId="5b50a451-3770-4c09-8509-4f93588750e1" testListId="8c84fa94-04c1-424b-9868-57a2d4851a1d" />
    <TestEntry testId="295ce93d-de18-7d53-cbd7-37401af3c918" executionId="1b2c30d1-873c-4c42-8327-3dc0070a73c9" testListId="8c84fa94-04c1-424b-9868-57a2d4851a1d" />
    <TestEntry testId="af810136-9f53-0f18-5dee-0e96df73891e" executionId="673f4bcd-9b24-462f-a30b-adbe41ef9ae0" testListId="8c84fa94-04c1-424b-9868-57a2d4851a1d" />
    <TestEntry testId="665168d8-d6b4-e549-8dc9-278f54927528" executionId="e13ec886-2eca-4aab-abd2-40ae77b93993" testListId="8c84fa94-04c1-424b-9868-57a2d4851a1d" />
    <TestEntry testId="7bf13918-6bb0-ef85-d31b-0a3a419145ca" executionId="3cdde1e4-cf88-4b41-9324-b2bc1c80ec72" testListId="8c84fa94-04c1-424b-9868-57a2d4851a1d" />
    <TestEntry testId="d6480b33-3958-e832-1ac6-bd996f025e3f" executionId="ad6ec35d-2758-44df-90f7-af844f380752" testListId="8c84fa94-04c1-424b-9868-57a2d4851a1d" />
    <TestEntry testId="52313d1e-59ee-63f2-ad80-7c8f1e28e984" executionId="1e1875aa-e21a-4614-aa38-a08aa29cb459" testListId="8c84fa94-04c1-424b-9868-57a2d4851a1d" />
    <TestEntry testId="787f8104-4bfc-18da-5990-37790036649e" executionId="61833ee6-c528-4b03-a952-ccac8e4748f9" testListId="8c84fa94-04c1-424b-9868-57a2d4851a1d" />
    <TestEntry testId="961958c0-4132-aba2-42c8-440f9d29d099" executionId="c89b767b-d741-46b0-892e-d3eac4cba885" testListId="8c84fa94-04c1-424b-9868-57a2d4851a1d" />
    <TestEntry testId="553b20c4-214b-8df2-7f6c-daa04df2df0b" executionId="e104133e-1df7-4c33-a0ea-1a300d57bd6a" testListId="8c84fa94-04c1-424b-9868-57a2d4851a1d" />
    <TestEntry testId="b6c79f5a-59fd-f432-75e3-f0c4cb887896" executionId="c5a18179-fc43-43a8-9701-f0cec40dee12" testListId="8c84fa94-04c1-424b-9868-57a2d4851a1d" />
    <TestEntry testId="ba87d4ac-f48c-8b5a-a124-d0d74a43b1c3" executionId="2351b33c-9a1a-49c5-a050-edcedec7bbc5" testListId="8c84fa94-04c1-424b-9868-57a2d4851a1d" />
    <TestEntry testId="a188e33a-ea3c-1f1f-185d-7dc0151ada4e" executionId="29348cf2-fc58-462e-b086-0802245b652a" testListId="8c84fa94-04c1-424b-9868-57a2d4851a1d" />
    <TestEntry testId="2cec0c10-d5ba-2ec8-563a-b0007e00aff0" executionId="98af5514-2558-441e-b0a5-ba4b42183f9d" testListId="8c84fa94-04c1-424b-9868-57a2d4851a1d" />
    <TestEntry testId="4d94a4f4-705e-6194-d88f-2aa6621a94b4" executionId="bc80c80e-3d7a-4283-b1bc-b52ebb55b52d" testListId="8c84fa94-04c1-424b-9868-57a2d4851a1d" />
    <TestEntry testId="d8b9b161-a727-1090-1de9-22efeb7270e3" executionId="e2ca705e-6ffb-4a0c-a279-27b34b26c8ff" testListId="8c84fa94-04c1-424b-9868-57a2d4851a1d" />
    <TestEntry testId="a713d2ee-97c9-de8b-f99d-23a3848f60dd" executionId="df1be561-6812-45fa-bcb6-d59c880ca8e6" testListId="8c84fa94-04c1-424b-9868-57a2d4851a1d" />
    <TestEntry testId="c332cddb-cf9c-7595-be6c-ed10b1f83700" executionId="ddef8201-2a77-449f-9b71-11bdc895a52e" testListId="8c84fa94-04c1-424b-9868-57a2d4851a1d" />
    <TestEntry testId="6b30f451-7261-e975-8b7e-0416df8808ff" executionId="94db81c3-f9e2-4676-9c45-f6434c913c50" testListId="8c84fa94-04c1-424b-9868-57a2d4851a1d" />
    <TestEntry testId="b5046d79-08e3-7b27-0d0f-7f7cee9bedf3" executionId="969ad668-bc79-4d53-b0de-44116554e7a1" testListId="8c84fa94-04c1-424b-9868-57a2d4851a1d" />
    <TestEntry testId="cf5e081e-9476-3f38-a050-1d6628ea7472" executionId="fead14d3-2d5e-4c69-971c-f7172fe791d2" testListId="8c84fa94-04c1-424b-9868-57a2d4851a1d" />
    <TestEntry testId="8f91d293-457e-e7de-07bb-a055e0b5af49" executionId="2024ae9c-1d8c-42b8-a59c-4321d2bb043c" testListId="8c84fa94-04c1-424b-9868-57a2d4851a1d" />
    <TestEntry testId="7d1e17cb-06ee-b14b-2dcd-b9d2de00d1fd" executionId="a334762c-fc37-41d2-9c01-7f4bc6246622" testListId="8c84fa94-04c1-424b-9868-57a2d4851a1d" />
    <TestEntry testId="0f89d77e-a3f7-1701-8136-6398d8f9a9ea" executionId="68451333-f55b-43ae-a782-ad8f9043083d" testListId="8c84fa94-04c1-424b-9868-57a2d4851a1d" />
    <TestEntry testId="7bb31742-a10c-f87d-a1cb-cb9cbe254375" executionId="dc151826-52ee-435d-b169-5ab6b23c1e05" testListId="8c84fa94-04c1-424b-9868-57a2d4851a1d" />
    <TestEntry testId="b55fb00e-90e8-c8d1-147b-ac2c0f362ff5" executionId="1d20f950-b7cd-48bf-84f4-7cb8f191bd57" testListId="8c84fa94-04c1-424b-9868-57a2d4851a1d" />
    <TestEntry testId="e4ef3b35-ef4a-49e3-1682-317aba6a8eec" executionId="45f86e72-5a6a-4a9e-a696-150e95ac5cc2" testListId="8c84fa94-04c1-424b-9868-57a2d4851a1d" />
    <TestEntry testId="fe0c4f18-f41e-95cf-26a0-5887497e0150" executionId="3977dada-326d-446c-af23-9c8c686c120a" testListId="8c84fa94-04c1-424b-9868-57a2d4851a1d" />
    <TestEntry testId="339f6c6b-2e21-e7c7-a385-205d82d99bd1" executionId="cf67b599-0135-4ebb-9302-03ae5b189165" testListId="8c84fa94-04c1-424b-9868-57a2d4851a1d" />
    <TestEntry testId="2bd4e5fb-3dcb-57fe-e732-090d3fe6ec5d" executionId="fc3780a2-bda5-414d-8f71-950fea09bdba" testListId="8c84fa94-04c1-424b-9868-57a2d4851a1d" />
    <TestEntry testId="8e03f036-d2cb-6082-f81c-9c8ff3c5865f" executionId="085a4d99-b256-44ad-801a-efb450eac064" testListId="8c84fa94-04c1-424b-9868-57a2d4851a1d" />
    <TestEntry testId="a45e5778-d1ee-44d3-6044-42b8d15b36c1" executionId="cccdae99-08cd-44a0-ad02-3ff973c7dfd5" testListId="8c84fa94-04c1-424b-9868-57a2d4851a1d" />
    <TestEntry testId="7d1b9b36-c5e5-9b02-cbbb-5465e3b745cc" executionId="db32f104-103e-48bf-8645-91dd09ad24a1" testListId="8c84fa94-04c1-424b-9868-57a2d4851a1d" />
    <TestEntry testId="748fc62c-fad7-1c5c-c26c-87f8b44f418e" executionId="46d43620-576c-4d58-871a-f7a8a35a2f05" testListId="8c84fa94-04c1-424b-9868-57a2d4851a1d" />
    <TestEntry testId="a2a63dcc-2129-a377-07e2-d308ee3fb74b" executionId="f01c871a-6935-4d42-81f2-d30adab4e1da" testListId="8c84fa94-04c1-424b-9868-57a2d4851a1d" />
    <TestEntry testId="4ba52be8-2e94-e2b5-b1d4-494be49c4fa4" executionId="54612dc1-6d0c-451f-973b-d98717be0a5a" testListId="8c84fa94-04c1-424b-9868-57a2d4851a1d" />
    <TestEntry testId="b6b83996-e620-c0c1-a04a-a0aaf4255de9" executionId="e4745466-dde3-4835-af8a-6f24c04a8e50" testListId="8c84fa94-04c1-424b-9868-57a2d4851a1d" />
    <TestEntry testId="df3d2b91-5004-125d-c6ab-5497767ca523" executionId="e1498107-3bbb-40e2-b138-51c5f613651f" testListId="8c84fa94-04c1-424b-9868-57a2d4851a1d" />
    <TestEntry testId="919cadee-de87-6b0b-6ecd-fa1c6ce102c0" executionId="9d3b80ce-d9aa-4101-b7c5-1d25e55689aa" testListId="8c84fa94-04c1-424b-9868-57a2d4851a1d" />
    <TestEntry testId="fce19747-6b87-3b7d-567a-24b6cb82e323" executionId="58ba966c-8f82-46ae-bac9-c88b24d00b2a" testListId="8c84fa94-04c1-424b-9868-57a2d4851a1d" />
    <TestEntry testId="69451e6b-8fa9-dfbb-d806-a94e4c96f349" executionId="f559dca9-b202-4df6-b63e-3080f3b2a9be" testListId="8c84fa94-04c1-424b-9868-57a2d4851a1d" />
  </TestEntries>
  <TestLists>
    <TestList name="Resultados sin formato de lista" id="8c84fa94-04c1-424b-9868-57a2d4851a1d" />
    <TestList name="Todos los resultados cargados" id="19431567-8539-422a-85d7-44ee4e166bda" />
  </TestLists>
  <ResultSummary outcome="Completed">
    <Counters total="70" executed="70" passed="70" failed="0" error="0" timeout="0" aborted="0" inconclusive="0" passedButRunAborted="0" notRunnable="0" notExecuted="0" disconnected="0" warning="0" completed="0" inProgress="0" pending="0" />
    <Output>
      <StdOut>[xUnit.net 00:00:00.00] xUnit.net VSTest Adapter v2.5.6+bf9b858c26 (64-bit .NET 8.0.27)
[xUnit.net 00:00:00.03]   Discovering: Alis.Test (method display = ClassAndMethod, method display options = None)
[xUnit.net 00:00:00.08]   Discovered:  Alis.Test (found 941 test cases)
[xUnit.net 00:00:00.09]   Starting:    Alis.Test (parallel test collections = off, stop on fail = off)
[15/8/2026 22:35:00] [Info] [Alis.Core.Aspect.Logging] Sprite instance resources have been released.
[15/8/2026 22:35:00] [Info] [Alis.Core.Aspect.Logging] Sprite instance resources have been released.
[15/8/2026 22:35:00] [Warning] [Alis.Core.Aspect.Logging] Error releasing sprite texture: glDeleteTextures from T
[15/8/2026 22:35:00] [Info] [Alis.Core.Aspect.Logging] Sprite instance resources have been released.
[15/8/2026 22:35:00] [Info] [Alis.Core.Aspect.Logging] Sprite instance resources have been released.
[15/8/2026 22:35:00] [Error] [Alis.Core.Aspect.Logging] Vertex shader compilation failed: 
[15/8/2026 22:35:00] [Error] [Alis.Core.Aspect.Logging] Fragment shader compilation failed: 
[15/8/2026 22:35:00] [Error] [Alis.Core.Aspect.Logging] Shader program link failed: 
[xUnit.net 00:00:00.25]   Finished:    Alis.Test
</StdOut>
    </Output>
    <CollectorDataEntries>
      <Collector agentName="MacBook-Pro-de-Pablo" uri="datacollector://microsoft/CoverletCodeCoverage/1.0" collectorDisplayName="XPlat code coverage">
        <UriAttachments>
          <UriAttachment>
            <A href="MacBook-Pro-de-Pablo/coverage.cobertura.xml"></A>
          </UriAttachment>
        </UriAttachments>
      </Collector>
    </CollectorDataEntries>
  </ResultSummary>
</TestRun>