<?xml version="1.0" encoding="utf-8"?>
<TestRun id="ffc7f715-a24f-4277-958e-cc84dbda70bc" name="@MacBook-Pro-de-Pablo 2026-08-15 23:12:14" xmlns="http://microsoft.com/schemas/VisualStudio/TeamTest/2010">
  <Times creation="2026-08-15T23:12:14.8234870+01:00" queuing="2026-08-15T23:12:14.8234870+01:00" start="2026-08-15T23:12:14.1971480+01:00" finish="2026-08-15T23:12:14.9293680+01:00" />
  <TestSettings name="default" id="9e7a1b36-21a2-47d5-b093-69aa34e0e558">
    <Deployment runDeploymentRoot="_MacBook-Pro-de-Pablo_2026-08-15_23_12_14" />
  </TestSettings>
  <Results>
    <UnitTestResult executionId="51ba5836-23a9-44fd-b111-265d97bedf85" testId="b6cc7073-ba8b-bc63-142a-3acf7ab41cc5" testName="Alis.Core.Aspect.Math.Test.Util.ConstantTests.Log2E_ShouldBeCorrect" computerName="MacBook-Pro-de-Pablo" duration="00:00:00.0000136" startTime="2026-08-15T23:12:14.8040740+01:00" endTime="2026-08-15T23:12:14.8040740+01:00" testType="13cdc9d9-ddb5-4fa4-a97d-d965ccfc6d4b" outcome="Passed" testListId="8c84fa94-04c1-424b-9868-57a2d4851a1d" relativeResultsDirectory="51ba5836-23a9-44fd-b111-265d97bedf85" />
    <UnitTestResult executionId="5db4448a-e547-430a-bf4c-cb5ae7d629f0" testId="b929b56c-7d61-fa71-cd8d-e2af15051ac3" testName="Alis.Core.Aspect.Math.Test.Util.ConstantTests.Pi_ShouldBeCorrect" computerName="MacBook-Pro-de-Pablo" duration="00:00:00.0000180" startTime="2026-08-15T23:12:14.8011940+01:00" endTime="2026-08-15T23:12:14.8011940+01:00" testType="13cdc9d9-ddb5-4fa4-a97d-d965ccfc6d4b" outcome="Passed" testListId="8c84fa94-04c1-424b-9868-57a2d4851a1d" relativeResultsDirectory="5db4448a-e547-430a-bf4c-cb5ae7d629f0" />
    <UnitTestResult executionId="2d2cd163-36f1-46a9-87a0-c69e553e3a51" testId="b9c657fd-979f-c957-1b78-abca1ed48778" testName="Alis.Core.Aspect.Math.Test.Util.ConstantTests.Log10E_ShouldBeCorrect" computerName="MacBook-Pro-de-Pablo" duration="00:00:00.0000270" startTime="2026-08-15T23:12:14.8028500+01:00" endTime="2026-08-15T23:12:14.8028500+01:00" testType="13cdc9d9-ddb5-4fa4-a97d-d965ccfc6d4b" outcome="Passed" testListId="8c84fa94-04c1-424b-9868-57a2d4851a1d" relativeResultsDirectory="2d2cd163-36f1-46a9-87a0-c69e553e3a51" />
    <UnitTestResult executionId="87ccd5b2-11e3-4fc3-a758-170045f93249" testId="f055f7f7-e057-095a-bfde-060975429354" testName="Alis.Core.Aspect.Math.Test.Util.ConstantTest.Constant_Log10E_ShouldBeCorrect" computerName="MacBook-Pro-de-Pablo" duration="00:00:00.0000224" startTime="2026-08-15T23:12:14.7916710+01:00" endTime="2026-08-15T23:12:14.7916710+01:00" testType="13cdc9d9-ddb5-4fa4-a97d-d965ccfc6d4b" outcome="Passed" testListId="8c84fa94-04c1-424b-9868-57a2d4851a1d" relativeResultsDirectory="87ccd5b2-11e3-4fc3-a758-170045f93249" />
    <UnitTestResult executionId="015917d6-1dbb-4791-92a4-1f1fe744138c" testId="34953f15-9fd1-ff0b-e827-8ca8d3380a01" testName="Alis.Core.Aspect.Math.Test.Util.ConstantTests.PiOver4_ShouldBeCorrect" computerName="MacBook-Pro-de-Pablo" duration="00:00:00.0000150" startTime="2026-08-15T23:12:14.8045320+01:00" endTime="2026-08-15T23:12:14.8045320+01:00" testType="13cdc9d9-ddb5-4fa4-a97d-d965ccfc6d4b" outcome="Passed" testListId="8c84fa94-04c1-424b-9868-57a2d4851a1d" relativeResultsDirectory="015917d6-1dbb-4791-92a4-1f1fe744138c" />
    <UnitTestResult executionId="3b06abc2-2359-497c-be49-c5538951c30c" testId="a8487524-b8ea-22a9-0e43-925039792945" testName="Alis.Core.Aspect.Math.Test.Util.ConstantRemainingCoverageTests.Tau_IsAliasOfTwoPi" computerName="MacBook-Pro-de-Pablo" duration="00:00:00.0000145" startTime="2026-08-15T23:12:14.8041350+01:00" endTime="2026-08-15T23:12:14.8041350+01:00" testType="13cdc9d9-ddb5-4fa4-a97d-d965ccfc6d4b" outcome="Passed" testListId="8c84fa94-04c1-424b-9868-57a2d4851a1d" relativeResultsDirectory="3b06abc2-2359-497c-be49-c5538951c30c" />
    <UnitTestResult executionId="e14ab28f-a6b0-4b57-af88-e306428da306" testId="979d8399-0911-196b-ad00-a881fdb44547" testName="Alis.Core.Aspect.Math.Test.Util.ConstantTests.PiOver2_ShouldBeCorrect" computerName="MacBook-Pro-de-Pablo" duration="00:00:00.0000143" startTime="2026-08-15T23:12:14.8037600+01:00" endTime="2026-08-15T23:12:14.8037600+01:00" testType="13cdc9d9-ddb5-4fa4-a97d-d965ccfc6d4b" outcome="Passed" testListId="8c84fa94-04c1-424b-9868-57a2d4851a1d" relativeResultsDirectory="e14ab28f-a6b0-4b57-af88-e306428da306" />
    <UnitTestResult executionId="12b4bb16-adac-4934-b534-f3a1360e5584" testId="aeb6e7a7-44ee-f314-00d1-83772eac2a65" testName="Alis.Core.Aspect.Math.Test.Util.ConstantRemainingCoverageTests.E_MatchesMathE" computerName="MacBook-Pro-de-Pablo" duration="00:00:00.0000138" startTime="2026-08-15T23:12:14.8045920+01:00" endTime="2026-08-15T23:12:14.8045920+01:00" testType="13cdc9d9-ddb5-4fa4-a97d-d965ccfc6d4b" outcome="Passed" testListId="8c84fa94-04c1-424b-9868-57a2d4851a1d" relativeResultsDirectory="12b4bb16-adac-4934-b534-f3a1360e5584" />
    <UnitTestResult executionId="fd49cb3e-c97e-46c2-a9b3-df07d1d99062" testId="358e6794-8245-c3f2-aabe-7d475790b6d3" testName="Alis.Core.Aspect.Math.Test.Util.ConstantRemainingCoverageTests.PiOver4_MatchesMathPiDividedByFour" computerName="MacBook-Pro-de-Pablo" duration="00:00:00.0000185" startTime="2026-08-15T23:12:14.8035350+01:00" endTime="2026-08-15T23:12:14.8035350+01:00" testType="13cdc9d9-ddb5-4fa4-a97d-d965ccfc6d4b" outcome="Passed" testListId="8c84fa94-04c1-424b-9868-57a2d4851a1d" relativeResultsDirectory="fd49cb3e-c97e-46c2-a9b3-df07d1d99062" />
    <UnitTestResult executionId="b5ded4af-db4c-47e1-bc06-2e3976d92e35" testId="e829ef7a-f29e-65b1-a7ed-0538eac7e32f" testName="Alis.Core.Aspect.Math.Test.ConstantTest.Epsilon_ReturnsExpectedValue" computerName="MacBook-Pro-de-Pablo" duration="00:00:00.0000143" startTime="2026-08-15T23:12:14.8048470+01:00" endTime="2026-08-15T23:12:14.8048470+01:00" testType="13cdc9d9-ddb5-4fa4-a97d-d965ccfc6d4b" outcome="Passed" testListId="8c84fa94-04c1-424b-9868-57a2d4851a1d" relativeResultsDirectory="b5ded4af-db4c-47e1-bc06-2e3976d92e35" />
    <UnitTestResult executionId="b1ce79e6-afdf-4ddb-9f7a-800e90097a63" testId="72daedfb-bc3d-d29c-fd9d-b7db6593a029" testName="Alis.Core.Aspect.Math.Test.Util.ConstantRemainingCoverageTests.Epsilon_HasExpectedValue" computerName="MacBook-Pro-de-Pablo" duration="00:00:00.0030509" startTime="2026-08-15T23:12:14.7914820+01:00" endTime="2026-08-15T23:12:14.7914820+01:00" testType="13cdc9d9-ddb5-4fa4-a97d-d965ccfc6d4b" outcome="Passed" testListId="8c84fa94-04c1-424b-9868-57a2d4851a1d" relativeResultsDirectory="b1ce79e6-afdf-4ddb-9f7a-800e90097a63" />
    <UnitTestResult executionId="fb61462f-a030-4448-9870-e749cf8f9a40" testId="d24ea899-6c15-75f0-1062-3c408f87a375" testName="Alis.Core.Aspect.Math.Test.Util.ConstantTests.Epsilon_ShouldBeCorrect" computerName="MacBook-Pro-de-Pablo" duration="00:00:00.0000193" startTime="2026-08-15T23:12:14.7916070+01:00" endTime="2026-08-15T23:12:14.7916070+01:00" testType="13cdc9d9-ddb5-4fa4-a97d-d965ccfc6d4b" outcome="Passed" testListId="8c84fa94-04c1-424b-9868-57a2d4851a1d" relativeResultsDirectory="fb61462f-a030-4448-9870-e749cf8f9a40" />
    <UnitTestResult executionId="2fcc85d4-7522-4d7f-93af-618b5ed35b0e" testId="77bb8917-c9dc-1640-3ad8-82c16c62d485" testName="Alis.Core.Aspect.Math.Test.Util.ConstantTest.Constant_Pi_ShouldBeCorrect" computerName="MacBook-Pro-de-Pablo" duration="00:00:00.0000152" startTime="2026-08-15T23:12:14.8043660+01:00" endTime="2026-08-15T23:12:14.8043660+01:00" testType="13cdc9d9-ddb5-4fa4-a97d-d965ccfc6d4b" outcome="Passed" testListId="8c84fa94-04c1-424b-9868-57a2d4851a1d" relativeResultsDirectory="2fcc85d4-7522-4d7f-93af-618b5ed35b0e" />
    <UnitTestResult executionId="09afd19a-8a1c-4358-a54a-98fafa5bb11b" testId="056664ce-764b-e68d-f54f-98a9277107c0" testName="Alis.Core.Aspect.Math.Test.Util.ConstantTest.Constant_PiOver2_ShouldBeCorrect" computerName="MacBook-Pro-de-Pablo" duration="00:00:00.0000157" startTime="2026-08-15T23:12:14.8017880+01:00" endTime="2026-08-15T23:12:14.8017880+01:00" testType="13cdc9d9-ddb5-4fa4-a97d-d965ccfc6d4b" outcome="Passed" testListId="8c84fa94-04c1-424b-9868-57a2d4851a1d" relativeResultsDirectory="09afd19a-8a1c-4358-a54a-98fafa5bb11b" />
    <UnitTestResult executionId="b2abc0ff-738a-4304-8541-f7649df1abbe" testId="65674040-0b3a-fa87-9ffe-0db2b83da7a6" testName="Alis.Core.Aspect.Math.Test.ConstantTest.Log2E_ReturnsExpectedValue" computerName="MacBook-Pro-de-Pablo" duration="00:00:00.0000153" startTime="2026-08-15T23:12:14.8030810+01:00" endTime="2026-08-15T23:12:14.8030810+01:00" testType="13cdc9d9-ddb5-4fa4-a97d-d965ccfc6d4b" outcome="Passed" testListId="8c84fa94-04c1-424b-9868-57a2d4851a1d" relativeResultsDirectory="b2abc0ff-738a-4304-8541-f7649df1abbe" />
    <UnitTestResult executionId="8bf9eddc-cea0-48a2-ae0e-febed6b55dea" testId="f15f93a0-8192-1034-7207-51ef02c74a46" testName="Alis.Core.Aspect.Math.Test.ConstantTest.Log10E_ReturnsExpectedValue" computerName="MacBook-Pro-de-Pablo" duration="00:00:00.0000151" startTime="2026-08-15T23:12:14.8035910+01:00" endTime="2026-08-15T23:12:14.8035910+01:00" testType="13cdc9d9-ddb5-4fa4-a97d-d965ccfc6d4b" outcome="Passed" testListId="8c84fa94-04c1-424b-9868-57a2d4851a1d" relativeResultsDirectory="8bf9eddc-cea0-48a2-ae0e-febed6b55dea" />
    <UnitTestResult executionId="2cf1632c-a68f-4ba8-b90b-f9cbba0511e1" testId="e12d1b0b-856c-f33f-7962-2c8fb84cb5f4" testName="Alis.Core.Aspect.Math.Test.ConstantTest.Euler_ReturnsExpectedValue" computerName="MacBook-Pro-de-Pablo" duration="00:00:00.0000177" startTime="2026-08-15T23:12:14.8026170+01:00" endTime="2026-08-15T23:12:14.8026170+01:00" testType="13cdc9d9-ddb5-4fa4-a97d-d965ccfc6d4b" outcome="Passed" testListId="8c84fa94-04c1-424b-9868-57a2d4851a1d" relativeResultsDirectory="2cf1632c-a68f-4ba8-b90b-f9cbba0511e1" />
    <UnitTestResult executionId="6dd4e1c9-028c-4c05-b168-c63bd451bb2a" testId="5c0ab640-b9e5-ac19-3274-acfd1eae772f" testName="Alis.Core.Aspect.Math.Test.ConstantTest.Tau_ReturnsExpectedValue" computerName="MacBook-Pro-de-Pablo" duration="00:00:00.0015749" startTime="2026-08-15T23:12:14.7878470+01:00" endTime="2026-08-15T23:12:14.7878550+01:00" testType="13cdc9d9-ddb5-4fa4-a97d-d965ccfc6d4b" outcome="Passed" testListId="8c84fa94-04c1-424b-9868-57a2d4851a1d" relativeResultsDirectory="6dd4e1c9-028c-4c05-b168-c63bd451bb2a" />
    <UnitTestResult executionId="cb370596-580a-4c75-93bc-c26cd73de0c6" testId="c4f83d4c-8477-0ae2-ca30-23dd4c551b31" testName="Alis.Core.Aspect.Math.Test.Util.ConstantTest.Constant_E_ShouldBeCorrect" computerName="MacBook-Pro-de-Pablo" duration="00:00:00.0000187" startTime="2026-08-15T23:12:14.8032900+01:00" endTime="2026-08-15T23:12:14.8032900+01:00" testType="13cdc9d9-ddb5-4fa4-a97d-d965ccfc6d4b" outcome="Passed" testListId="8c84fa94-04c1-424b-9868-57a2d4851a1d" relativeResultsDirectory="cb370596-580a-4c75-93bc-c26cd73de0c6" />
    <UnitTestResult executionId="ba3bf8c1-d24d-4afe-8804-9d16da8e0ff8" testId="3a19cfe0-a029-744e-6f57-6b5eaebcdc90" testName="Alis.Core.Aspect.Math.Test.Util.ConstantTests.Euler_ShouldBeCorrect" computerName="MacBook-Pro-de-Pablo" duration="00:00:00.0019463" startTime="2026-08-15T23:12:14.7907790+01:00" endTime="2026-08-15T23:12:14.7907790+01:00" testType="13cdc9d9-ddb5-4fa4-a97d-d965ccfc6d4b" outcome="Passed" testListId="8c84fa94-04c1-424b-9868-57a2d4851a1d" relativeResultsDirectory="ba3bf8c1-d24d-4afe-8804-9d16da8e0ff8" />
    <UnitTestResult executionId="aa322895-41a2-4097-8368-45d3dd41daf7" testId="dac21da1-a416-bc02-7d31-fde6dc8b70fd" testName="Alis.Core.Aspect.Math.Test.ConstantTest.Pi_ReturnsExpectedValue" computerName="MacBook-Pro-de-Pablo" duration="00:00:00.0000220" startTime="2026-08-15T23:12:14.7915470+01:00" endTime="2026-08-15T23:12:14.7915470+01:00" testType="13cdc9d9-ddb5-4fa4-a97d-d965ccfc6d4b" outcome="Passed" testListId="8c84fa94-04c1-424b-9868-57a2d4851a1d" relativeResultsDirectory="aa322895-41a2-4097-8368-45d3dd41daf7" />
    <UnitTestResult executionId="e751bb63-4b47-4c07-ad7a-b2e0a7c0910a" testId="ae344461-ca0b-0505-8634-34f2032d1fc4" testName="Alis.Core.Aspect.Math.Test.Util.ConstantTests.TwoPi_ShouldBeCorrect" computerName="MacBook-Pro-de-Pablo" duration="00:00:00.0000152" startTime="2026-08-15T23:12:14.8017250+01:00" endTime="2026-08-15T23:12:14.8017250+01:00" testType="13cdc9d9-ddb5-4fa4-a97d-d965ccfc6d4b" outcome="Passed" testListId="8c84fa94-04c1-424b-9868-57a2d4851a1d" relativeResultsDirectory="e751bb63-4b47-4c07-ad7a-b2e0a7c0910a" />
    <UnitTestResult executionId="74f2911b-00fc-4a43-890a-650502310491" testId="f6c56e3d-333f-d453-0163-0557216443b7" testName="Alis.Core.Aspect.Math.Test.Util.ConstantRemainingCoverageTests.TwoPi_MatchesMathPiTimesTwo" computerName="MacBook-Pro-de-Pablo" duration="00:00:00.0000166" startTime="2026-08-15T23:12:14.8085270+01:00" endTime="2026-08-15T23:12:14.8085280+01:00" testType="13cdc9d9-ddb5-4fa4-a97d-d965ccfc6d4b" outcome="Passed" testListId="8c84fa94-04c1-424b-9868-57a2d4851a1d" relativeResultsDirectory="74f2911b-00fc-4a43-890a-650502310491" />
    <UnitTestResult executionId="9a62c9a5-40fa-436c-bcff-02fab9ca3646" testId="2219b64c-528d-e2cf-08b0-e2d54b997c5c" testName="Alis.Core.Aspect.Math.Test.ConstantTest.E_ReturnsExpectedValue" computerName="MacBook-Pro-de-Pablo" duration="00:00:00.0000169" startTime="2026-08-15T23:12:14.8053010+01:00" endTime="2026-08-15T23:12:14.8053010+01:00" testType="13cdc9d9-ddb5-4fa4-a97d-d965ccfc6d4b" outcome="Passed" testListId="8c84fa94-04c1-424b-9868-57a2d4851a1d" relativeResultsDirectory="9a62c9a5-40fa-436c-bcff-02fab9ca3646" />
    <UnitTestResult executionId="548093ee-78f9-4bef-b7e0-80443a9454b7" testId="f5a24b87-6581-eabd-a07a-c2f6b9dd6fc8" testName="Alis.Core.Aspect.Math.Test.Util.ConstantTest.Constant_PiOver4_ShouldBeCorrect" computerName="MacBook-Pro-de-Pablo" duration="00:00:00.0000165" startTime="2026-08-15T23:12:14.8037070+01:00" endTime="2026-08-15T23:12:14.8037070+01:00" testType="13cdc9d9-ddb5-4fa4-a97d-d965ccfc6d4b" outcome="Passed" testListId="8c84fa94-04c1-424b-9868-57a2d4851a1d" relativeResultsDirectory="548093ee-78f9-4bef-b7e0-80443a9454b7" />
    <UnitTestResult executionId="c99109d9-2213-423f-b720-4d7801bc2bd3" testId="f3af188c-538c-0f03-e7e7-f4e4ca5fa0fe" testName="Alis.Core.Aspect.Math.Test.ConstantTest.PiOver4_ReturnsExpectedValue" computerName="MacBook-Pro-de-Pablo" duration="00:00:00.0000142" startTime="2026-08-15T23:12:14.8086840+01:00" endTime="2026-08-15T23:12:14.8086840+01:00" testType="13cdc9d9-ddb5-4fa4-a97d-d965ccfc6d4b" outcome="Passed" testListId="8c84fa94-04c1-424b-9868-57a2d4851a1d" relativeResultsDirectory="c99109d9-2213-423f-b720-4d7801bc2bd3" />
    <UnitTestResult executionId="9ea76475-a5b5-43a3-80d5-05c450eb3c1f" testId="bdf54b98-c127-4de2-c1bd-e241835b595e" testName="Alis.Core.Aspect.Math.Test.ConstantTest.PiOver2_ReturnsExpectedValue" computerName="MacBook-Pro-de-Pablo" duration="00:00:00.0000284" startTime="2026-08-15T23:12:14.8015460+01:00" endTime="2026-08-15T23:12:14.8015460+01:00" testType="13cdc9d9-ddb5-4fa4-a97d-d965ccfc6d4b" outcome="Passed" testListId="8c84fa94-04c1-424b-9868-57a2d4851a1d" relativeResultsDirectory="9ea76475-a5b5-43a3-80d5-05c450eb3c1f" />
    <UnitTestResult executionId="061da3f8-cfc3-4d1b-b0bb-5adeba5d611e" testId="bd5c1684-b836-bb53-0ec1-072f97327dba" testName="Alis.Core.Aspect.Math.Test.Util.ConstantRemainingCoverageTests.Log2E_HasExpectedValue" computerName="MacBook-Pro-de-Pablo" duration="00:00:00.0000148" startTime="2026-08-15T23:12:14.8051080+01:00" endTime="2026-08-15T23:12:14.8051080+01:00" testType="13cdc9d9-ddb5-4fa4-a97d-d965ccfc6d4b" outcome="Passed" testListId="8c84fa94-04c1-424b-9868-57a2d4851a1d" relativeResultsDirectory="061da3f8-cfc3-4d1b-b0bb-5adeba5d611e" />
    <UnitTestResult executionId="af0abdca-7b2b-4f61-81b1-b74c54948b8c" testId="91451a48-2526-005c-0c81-5e52f9caa3e7" testName="Alis.Core.Aspect.Math.Test.Util.ConstantTest.Constant_Euler_ShouldBeCorrect" computerName="MacBook-Pro-de-Pablo" duration="00:00:00.0000200" startTime="2026-08-15T23:12:14.8012880+01:00" endTime="2026-08-15T23:12:14.8012880+01:00" testType="13cdc9d9-ddb5-4fa4-a97d-d965ccfc6d4b" outcome="Passed" testListId="8c84fa94-04c1-424b-9868-57a2d4851a1d" relativeResultsDirectory="af0abdca-7b2b-4f61-81b1-b74c54948b8c" />
    <UnitTestResult executionId="81d6ce32-2e95-4c11-8b10-ebc2f6f7c0f3" testId="5f537226-9e3b-a4d0-d029-087ded4f3190" testName="Alis.Core.Aspect.Math.Test.Util.ConstantRemainingCoverageTests.Log10E_HasExpectedValue" computerName="MacBook-Pro-de-Pablo" duration="00:00:00.0000208" startTime="2026-08-15T23:12:14.8014890+01:00" endTime="2026-08-15T23:12:14.8014890+01:00" testType="13cdc9d9-ddb5-4fa4-a97d-d965ccfc6d4b" outcome="Passed" testListId="8c84fa94-04c1-424b-9868-57a2d4851a1d" relativeResultsDirectory="81d6ce32-2e95-4c11-8b10-ebc2f6f7c0f3" />
    <UnitTestResult executionId="c88dc2ac-3a04-443f-9d99-1f3fd6ba0056" testId="8063e9d6-976b-6512-0b21-6f8b407c4d23" testName="Alis.Core.Aspect.Math.Test.Util.ConstantRemainingCoverageTests.PiOver2_MatchesMathPiDividedByTwo" computerName="MacBook-Pro-de-Pablo" duration="00:00:00.0000165" startTime="2026-08-15T23:12:14.8024720+01:00" endTime="2026-08-15T23:12:14.8024720+01:00" testType="13cdc9d9-ddb5-4fa4-a97d-d965ccfc6d4b" outcome="Passed" testListId="8c84fa94-04c1-424b-9868-57a2d4851a1d" relativeResultsDirectory="c88dc2ac-3a04-443f-9d99-1f3fd6ba0056" />
    <UnitTestResult executionId="68bb1ed5-965a-4454-921d-678bf45361f6" testId="631158fb-0dce-492e-fd73-63a281247e38" testName="Alis.Core.Aspect.Math.Test.Util.ConstantRemainingCoverageTests.Pi_MatchesMathPi" computerName="MacBook-Pro-de-Pablo" duration="00:00:00.0000157" startTime="2026-08-15T23:12:14.8029670+01:00" endTime="2026-08-15T23:12:14.8029670+01:00" testType="13cdc9d9-ddb5-4fa4-a97d-d965ccfc6d4b" outcome="Passed" testListId="8c84fa94-04c1-424b-9868-57a2d4851a1d" relativeResultsDirectory="68bb1ed5-965a-4454-921d-678bf45361f6" />
    <UnitTestResult executionId="7f45881d-cbd8-48ca-aab4-d5f2fd2d9613" testId="d5e82ab8-7ac0-3949-76c9-4a4437283021" testName="Alis.Core.Aspect.Math.Test.Util.ConstantTests.Tau_ShouldBeCorrect" computerName="MacBook-Pro-de-Pablo" duration="00:00:00.0000143" startTime="2026-08-15T23:12:14.8034140+01:00" endTime="2026-08-15T23:12:14.8034140+01:00" testType="13cdc9d9-ddb5-4fa4-a97d-d965ccfc6d4b" outcome="Passed" testListId="8c84fa94-04c1-424b-9868-57a2d4851a1d" relativeResultsDirectory="7f45881d-cbd8-48ca-aab4-d5f2fd2d9613" />
    <UnitTestResult executionId="d22fe0ca-98c1-473c-8e45-dcbaa5d18a1b" testId="e83a2c04-671e-296c-37e5-329d6ccc0d84" testName="Alis.Core.Aspect.Math.Test.Util.ConstantTest.Constant_Tau_ShouldBeCorrect" computerName="MacBook-Pro-de-Pablo" duration="00:00:00.0000200" startTime="2026-08-15T23:12:14.8026830+01:00" endTime="2026-08-15T23:12:14.8026830+01:00" testType="13cdc9d9-ddb5-4fa4-a97d-d965ccfc6d4b" outcome="Passed" testListId="8c84fa94-04c1-424b-9868-57a2d4851a1d" relativeResultsDirectory="d22fe0ca-98c1-473c-8e45-dcbaa5d18a1b" />
    <UnitTestResult executionId="0c48ef2c-5d8b-4e46-a324-8a2410883042" testId="e23e6206-6ccd-6b6e-86af-5daf73b172f0" testName="Alis.Core.Aspect.Math.Test.Util.ConstantTest.Constant_Log2E_ShouldBeCorrect" computerName="MacBook-Pro-de-Pablo" duration="00:00:00.0000138" startTime="2026-08-15T23:12:14.8054240+01:00" endTime="2026-08-15T23:12:14.8054240+01:00" testType="13cdc9d9-ddb5-4fa4-a97d-d965ccfc6d4b" outcome="Passed" testListId="8c84fa94-04c1-424b-9868-57a2d4851a1d" relativeResultsDirectory="0c48ef2c-5d8b-4e46-a324-8a2410883042" />
    <UnitTestResult executionId="bd482da9-ed1b-4f4b-b2fe-808f47d4308e" testId="46bd9030-b2a9-2a81-6ffa-d363c534a553" testName="Alis.Core.Aspect.Math.Test.Util.ConstantTest.Constant_TwoPi_ShouldBeCorrect" computerName="MacBook-Pro-de-Pablo" duration="00:00:00.0019333" startTime="2026-08-15T23:12:14.7909770+01:00" endTime="2026-08-15T23:12:14.7909770+01:00" testType="13cdc9d9-ddb5-4fa4-a97d-d965ccfc6d4b" outcome="Passed" testListId="8c84fa94-04c1-424b-9868-57a2d4851a1d" relativeResultsDirectory="bd482da9-ed1b-4f4b-b2fe-808f47d4308e" />
    <UnitTestResult executionId="23e331f2-f81a-4727-8143-6bad613ceb68" testId="5cfabaa5-5666-31c8-8f42-4346dd340b90" testName="Alis.Core.Aspect.Math.Test.Util.ConstantRemainingCoverageTests.Euler_HasExpectedValue" computerName="MacBook-Pro-de-Pablo" duration="00:00:00.0000133" startTime="2026-08-15T23:12:14.8087530+01:00" endTime="2026-08-15T23:12:14.8087530+01:00" testType="13cdc9d9-ddb5-4fa4-a97d-d965ccfc6d4b" outcome="Passed" testListId="8c84fa94-04c1-424b-9868-57a2d4851a1d" relativeResultsDirectory="23e331f2-f81a-4727-8143-6bad613ceb68" />
    <UnitTestResult executionId="679a0e52-b99f-4f2b-9fb1-136b991c02bc" testId="5e18b69a-d2a8-ec6c-19ba-a3115261ddcc" testName="Alis.Core.Aspect.Math.Test.Util.ConstantTest.Constant_Epsilon_ShouldBeCorrect" computerName="MacBook-Pro-de-Pablo" duration="00:00:00.0000181" startTime="2026-08-15T23:12:14.8049690+01:00" endTime="2026-08-15T23:12:14.8049690+01:00" testType="13cdc9d9-ddb5-4fa4-a97d-d965ccfc6d4b" outcome="Passed" testListId="8c84fa94-04c1-424b-9868-57a2d4851a1d" relativeResultsDirectory="679a0e52-b99f-4f2b-9fb1-136b991c02bc" />
    <UnitTestResult executionId="52ea9e0a-8a6b-4fea-a0de-9111791560a2" testId="651ac1f0-839c-7ee9-3a75-ac333d9b1948" testName="Alis.Core.Aspect.Math.Test.Util.ConstantTests.E_ShouldBeCorrect" computerName="MacBook-Pro-de-Pablo" duration="00:00:00.0000170" startTime="2026-08-15T23:12:14.8051730+01:00" endTime="2026-08-15T23:12:14.8051730+01:00" testType="13cdc9d9-ddb5-4fa4-a97d-d965ccfc6d4b" outcome="Passed" testListId="8c84fa94-04c1-424b-9868-57a2d4851a1d" relativeResultsDirectory="52ea9e0a-8a6b-4fea-a0de-9111791560a2" />
    <UnitTestResult executionId="f3f02aeb-3505-400d-82a1-99990cb23759" testId="1a1c951f-dda9-2f62-9d09-188548488cca" testName="Alis.Core.Aspect.Math.Test.ConstantTest.TwoPi_ReturnsExpectedValue" computerName="MacBook-Pro-de-Pablo" duration="00:00:00.0000190" startTime="2026-08-15T23:12:14.8043040+01:00" endTime="2026-08-15T23:12:14.8043040+01:00" testType="13cdc9d9-ddb5-4fa4-a97d-d965ccfc6d4b" outcome="Passed" testListId="8c84fa94-04c1-424b-9868-57a2d4851a1d" relativeResultsDirectory="f3f02aeb-3505-400d-82a1-99990cb23759" />
  </Results>
  <TestDefinitions>
    <UnitTest name="Alis.Core.Aspect.Math.Test.Util.ConstantTest.Constant_Log2E_ShouldBeCorrect" storage="/users/pabllopf/repositorios/alis/6_ideation/math/test/bin/debug/lib/alis.core.aspect.math.test.dll" id="e23e6206-6ccd-6b6e-86af-5daf73b172f0">
      <Execution id="0c48ef2c-5d8b-4e46-a324-8a2410883042" />
      <TestMethod codeBase="/Users/pabllopf/repositorios/Alis/6_Ideation/Math/test/bin/Debug/lib/Alis.Core.Aspect.Math.Test.dll" adapterTypeName="executor://xunit/VsTestRunner2/netcoreapp" className="Alis.Core.Aspect.Math.Test.Util.ConstantTest" name="Constant_Log2E_ShouldBeCorrect" />
    </UnitTest>
    <UnitTest name="Alis.Core.Aspect.Math.Test.Util.ConstantTest.Constant_Euler_ShouldBeCorrect" storage="/users/pabllopf/repositorios/alis/6_ideation/math/test/bin/debug/lib/alis.core.aspect.math.test.dll" id="91451a48-2526-005c-0c81-5e52f9caa3e7">
      <Execution id="af0abdca-7b2b-4f61-81b1-b74c54948b8c" />
      <TestMethod codeBase="/Users/pabllopf/repositorios/Alis/6_Ideation/Math/test/bin/Debug/lib/Alis.Core.Aspect.Math.Test.dll" adapterTypeName="executor://xunit/VsTestRunner2/netcoreapp" className="Alis.Core.Aspect.Math.Test.Util.ConstantTest" name="Constant_Euler_ShouldBeCorrect" />
    </UnitTest>
    <UnitTest name="Alis.Core.Aspect.Math.Test.Util.ConstantTests.Euler_ShouldBeCorrect" storage="/users/pabllopf/repositorios/alis/6_ideation/math/test/bin/debug/lib/alis.core.aspect.math.test.dll" id="3a19cfe0-a029-744e-6f57-6b5eaebcdc90">
      <Execution id="ba3bf8c1-d24d-4afe-8804-9d16da8e0ff8" />
      <TestMethod codeBase="/Users/pabllopf/repositorios/Alis/6_Ideation/Math/test/bin/Debug/lib/Alis.Core.Aspect.Math.Test.dll" adapterTypeName="executor://xunit/VsTestRunner2/netcoreapp" className="Alis.Core.Aspect.Math.Test.Util.ConstantTests" name="Euler_ShouldBeCorrect" />
    </UnitTest>
    <UnitTest name="Alis.Core.Aspect.Math.Test.Util.ConstantTest.Constant_Tau_ShouldBeCorrect" storage="/users/pabllopf/repositorios/alis/6_ideation/math/test/bin/debug/lib/alis.core.aspect.math.test.dll" id="e83a2c04-671e-296c-37e5-329d6ccc0d84">
      <Execution id="d22fe0ca-98c1-473c-8e45-dcbaa5d18a1b" />
      <TestMethod codeBase="/Users/pabllopf/repositorios/Alis/6_Ideation/Math/test/bin/Debug/lib/Alis.Core.Aspect.Math.Test.dll" adapterTypeName="executor://xunit/VsTestRunner2/netcoreapp" className="Alis.Core.Aspect.Math.Test.Util.ConstantTest" name="Constant_Tau_ShouldBeCorrect" />
    </UnitTest>
    <UnitTest name="Alis.Core.Aspect.Math.Test.ConstantTest.PiOver2_ReturnsExpectedValue" storage="/users/pabllopf/repositorios/alis/6_ideation/math/test/bin/debug/lib/alis.core.aspect.math.test.dll" id="bdf54b98-c127-4de2-c1bd-e241835b595e">
      <Execution id="9ea76475-a5b5-43a3-80d5-05c450eb3c1f" />
      <TestMethod codeBase="/Users/pabllopf/repositorios/Alis/6_Ideation/Math/test/bin/Debug/lib/Alis.Core.Aspect.Math.Test.dll" adapterTypeName="executor://xunit/VsTestRunner2/netcoreapp" className="Alis.Core.Aspect.Math.Test.ConstantTest" name="PiOver2_ReturnsExpectedValue" />
    </UnitTest>
    <UnitTest name="Alis.Core.Aspect.Math.Test.ConstantTest.Log2E_ReturnsExpectedValue" storage="/users/pabllopf/repositorios/alis/6_ideation/math/test/bin/debug/lib/alis.core.aspect.math.test.dll" id="65674040-0b3a-fa87-9ffe-0db2b83da7a6">
      <Execution id="b2abc0ff-738a-4304-8541-f7649df1abbe" />
      <TestMethod codeBase="/Users/pabllopf/repositorios/Alis/6_Ideation/Math/test/bin/Debug/lib/Alis.Core.Aspect.Math.Test.dll" adapterTypeName="executor://xunit/VsTestRunner2/netcoreapp" className="Alis.Core.Aspect.Math.Test.ConstantTest" name="Log2E_ReturnsExpectedValue" />
    </UnitTest>
    <UnitTest name="Alis.Core.Aspect.Math.Test.Util.ConstantRemainingCoverageTests.Epsilon_HasExpectedValue" storage="/users/pabllopf/repositorios/alis/6_ideation/math/test/bin/debug/lib/alis.core.aspect.math.test.dll" id="72daedfb-bc3d-d29c-fd9d-b7db6593a029">
      <Execution id="b1ce79e6-afdf-4ddb-9f7a-800e90097a63" />
      <TestMethod codeBase="/Users/pabllopf/repositorios/Alis/6_Ideation/Math/test/bin/Debug/lib/Alis.Core.Aspect.Math.Test.dll" adapterTypeName="executor://xunit/VsTestRunner2/netcoreapp" className="Alis.Core.Aspect.Math.Test.Util.ConstantRemainingCoverageTests" name="Epsilon_HasExpectedValue" />
    </UnitTest>
    <UnitTest name="Alis.Core.Aspect.Math.Test.Util.ConstantTests.Pi_ShouldBeCorrect" storage="/users/pabllopf/repositorios/alis/6_ideation/math/test/bin/debug/lib/alis.core.aspect.math.test.dll" id="b929b56c-7d61-fa71-cd8d-e2af15051ac3">
      <Execution id="5db4448a-e547-430a-bf4c-cb5ae7d629f0" />
      <TestMethod codeBase="/Users/pabllopf/repositorios/Alis/6_Ideation/Math/test/bin/Debug/lib/Alis.Core.Aspect.Math.Test.dll" adapterTypeName="executor://xunit/VsTestRunner2/netcoreapp" className="Alis.Core.Aspect.Math.Test.Util.ConstantTests" name="Pi_ShouldBeCorrect" />
    </UnitTest>
    <UnitTest name="Alis.Core.Aspect.Math.Test.Util.ConstantTest.Constant_TwoPi_ShouldBeCorrect" storage="/users/pabllopf/repositorios/alis/6_ideation/math/test/bin/debug/lib/alis.core.aspect.math.test.dll" id="46bd9030-b2a9-2a81-6ffa-d363c534a553">
      <Execution id="bd482da9-ed1b-4f4b-b2fe-808f47d4308e" />
      <TestMethod codeBase="/Users/pabllopf/repositorios/Alis/6_Ideation/Math/test/bin/Debug/lib/Alis.Core.Aspect.Math.Test.dll" adapterTypeName="executor://xunit/VsTestRunner2/netcoreapp" className="Alis.Core.Aspect.Math.Test.Util.ConstantTest" name="Constant_TwoPi_ShouldBeCorrect" />
    </UnitTest>
    <UnitTest name="Alis.Core.Aspect.Math.Test.Util.ConstantRemainingCoverageTests.Log10E_HasExpectedValue" storage="/users/pabllopf/repositorios/alis/6_ideation/math/test/bin/debug/lib/alis.core.aspect.math.test.dll" id="5f537226-9e3b-a4d0-d029-087ded4f3190">
      <Execution id="81d6ce32-2e95-4c11-8b10-ebc2f6f7c0f3" />
      <TestMethod codeBase="/Users/pabllopf/repositorios/Alis/6_Ideation/Math/test/bin/Debug/lib/Alis.Core.Aspect.Math.Test.dll" adapterTypeName="executor://xunit/VsTestRunner2/netcoreapp" className="Alis.Core.Aspect.Math.Test.Util.ConstantRemainingCoverageTests" name="Log10E_HasExpectedValue" />
    </UnitTest>
    <UnitTest name="Alis.Core.Aspect.Math.Test.ConstantTest.Pi_ReturnsExpectedValue" storage="/users/pabllopf/repositorios/alis/6_ideation/math/test/bin/debug/lib/alis.core.aspect.math.test.dll" id="dac21da1-a416-bc02-7d31-fde6dc8b70fd">
      <Execution id="aa322895-41a2-4097-8368-45d3dd41daf7" />
      <TestMethod codeBase="/Users/pabllopf/repositorios/Alis/6_Ideation/Math/test/bin/Debug/lib/Alis.Core.Aspect.Math.Test.dll" adapterTypeName="executor://xunit/VsTestRunner2/netcoreapp" className="Alis.Core.Aspect.Math.Test.ConstantTest" name="Pi_ReturnsExpectedValue" />
    </UnitTest>
    <UnitTest name="Alis.Core.Aspect.Math.Test.Util.ConstantRemainingCoverageTests.E_MatchesMathE" storage="/users/pabllopf/repositorios/alis/6_ideation/math/test/bin/debug/lib/alis.core.aspect.math.test.dll" id="aeb6e7a7-44ee-f314-00d1-83772eac2a65">
      <Execution id="12b4bb16-adac-4934-b534-f3a1360e5584" />
      <TestMethod codeBase="/Users/pabllopf/repositorios/Alis/6_Ideation/Math/test/bin/Debug/lib/Alis.Core.Aspect.Math.Test.dll" adapterTypeName="executor://xunit/VsTestRunner2/netcoreapp" className="Alis.Core.Aspect.Math.Test.Util.ConstantRemainingCoverageTests" name="E_MatchesMathE" />
    </UnitTest>
    <UnitTest name="Alis.Core.Aspect.Math.Test.ConstantTest.E_ReturnsExpectedValue" storage="/users/pabllopf/repositorios/alis/6_ideation/math/test/bin/debug/lib/alis.core.aspect.math.test.dll" id="2219b64c-528d-e2cf-08b0-e2d54b997c5c">
      <Execution id="9a62c9a5-40fa-436c-bcff-02fab9ca3646" />
      <TestMethod codeBase="/Users/pabllopf/repositorios/Alis/6_Ideation/Math/test/bin/Debug/lib/Alis.Core.Aspect.Math.Test.dll" adapterTypeName="executor://xunit/VsTestRunner2/netcoreapp" className="Alis.Core.Aspect.Math.Test.ConstantTest" name="E_ReturnsExpectedValue" />
    </UnitTest>
    <UnitTest name="Alis.Core.Aspect.Math.Test.Util.ConstantTests.PiOver4_ShouldBeCorrect" storage="/users/pabllopf/repositorios/alis/6_ideation/math/test/bin/debug/lib/alis.core.aspect.math.test.dll" id="34953f15-9fd1-ff0b-e827-8ca8d3380a01">
      <Execution id="015917d6-1dbb-4791-92a4-1f1fe744138c" />
      <TestMethod codeBase="/Users/pabllopf/repositorios/Alis/6_Ideation/Math/test/bin/Debug/lib/Alis.Core.Aspect.Math.Test.dll" adapterTypeName="executor://xunit/VsTestRunner2/netcoreapp" className="Alis.Core.Aspect.Math.Test.Util.ConstantTests" name="PiOver4_ShouldBeCorrect" />
    </UnitTest>
    <UnitTest name="Alis.Core.Aspect.Math.Test.ConstantTest.Log10E_ReturnsExpectedValue" storage="/users/pabllopf/repositorios/alis/6_ideation/math/test/bin/debug/lib/alis.core.aspect.math.test.dll" id="f15f93a0-8192-1034-7207-51ef02c74a46">
      <Execution id="8bf9eddc-cea0-48a2-ae0e-febed6b55dea" />
      <TestMethod codeBase="/Users/pabllopf/repositorios/Alis/6_Ideation/Math/test/bin/Debug/lib/Alis.Core.Aspect.Math.Test.dll" adapterTypeName="executor://xunit/VsTestRunner2/netcoreapp" className="Alis.Core.Aspect.Math.Test.ConstantTest" name="Log10E_ReturnsExpectedValue" />
    </UnitTest>
    <UnitTest name="Alis.Core.Aspect.Math.Test.ConstantTest.Epsilon_ReturnsExpectedValue" storage="/users/pabllopf/repositorios/alis/6_ideation/math/test/bin/debug/lib/alis.core.aspect.math.test.dll" id="e829ef7a-f29e-65b1-a7ed-0538eac7e32f">
      <Execution id="b5ded4af-db4c-47e1-bc06-2e3976d92e35" />
      <TestMethod codeBase="/Users/pabllopf/repositorios/Alis/6_Ideation/Math/test/bin/Debug/lib/Alis.Core.Aspect.Math.Test.dll" adapterTypeName="executor://xunit/VsTestRunner2/netcoreapp" className="Alis.Core.Aspect.Math.Test.ConstantTest" name="Epsilon_ReturnsExpectedValue" />
    </UnitTest>
    <UnitTest name="Alis.Core.Aspect.Math.Test.Util.ConstantTest.Constant_Epsilon_ShouldBeCorrect" storage="/users/pabllopf/repositorios/alis/6_ideation/math/test/bin/debug/lib/alis.core.aspect.math.test.dll" id="5e18b69a-d2a8-ec6c-19ba-a3115261ddcc">
      <Execution id="679a0e52-b99f-4f2b-9fb1-136b991c02bc" />
      <TestMethod codeBase="/Users/pabllopf/repositorios/Alis/6_Ideation/Math/test/bin/Debug/lib/Alis.Core.Aspect.Math.Test.dll" adapterTypeName="executor://xunit/VsTestRunner2/netcoreapp" className="Alis.Core.Aspect.Math.Test.Util.ConstantTest" name="Constant_Epsilon_ShouldBeCorrect" />
    </UnitTest>
    <UnitTest name="Alis.Core.Aspect.Math.Test.Util.ConstantTests.E_ShouldBeCorrect" storage="/users/pabllopf/repositorios/alis/6_ideation/math/test/bin/debug/lib/alis.core.aspect.math.test.dll" id="651ac1f0-839c-7ee9-3a75-ac333d9b1948">
      <Execution id="52ea9e0a-8a6b-4fea-a0de-9111791560a2" />
      <TestMethod codeBase="/Users/pabllopf/repositorios/Alis/6_Ideation/Math/test/bin/Debug/lib/Alis.Core.Aspect.Math.Test.dll" adapterTypeName="executor://xunit/VsTestRunner2/netcoreapp" className="Alis.Core.Aspect.Math.Test.Util.ConstantTests" name="E_ShouldBeCorrect" />
    </UnitTest>
    <UnitTest name="Alis.Core.Aspect.Math.Test.Util.ConstantTests.TwoPi_ShouldBeCorrect" storage="/users/pabllopf/repositorios/alis/6_ideation/math/test/bin/debug/lib/alis.core.aspect.math.test.dll" id="ae344461-ca0b-0505-8634-34f2032d1fc4">
      <Execution id="e751bb63-4b47-4c07-ad7a-b2e0a7c0910a" />
      <TestMethod codeBase="/Users/pabllopf/repositorios/Alis/6_Ideation/Math/test/bin/Debug/lib/Alis.Core.Aspect.Math.Test.dll" adapterTypeName="executor://xunit/VsTestRunner2/netcoreapp" className="Alis.Core.Aspect.Math.Test.Util.ConstantTests" name="TwoPi_ShouldBeCorrect" />
    </UnitTest>
    <UnitTest name="Alis.Core.Aspect.Math.Test.Util.ConstantTest.Constant_PiOver2_ShouldBeCorrect" storage="/users/pabllopf/repositorios/alis/6_ideation/math/test/bin/debug/lib/alis.core.aspect.math.test.dll" id="056664ce-764b-e68d-f54f-98a9277107c0">
      <Execution id="09afd19a-8a1c-4358-a54a-98fafa5bb11b" />
      <TestMethod codeBase="/Users/pabllopf/repositorios/Alis/6_Ideation/Math/test/bin/Debug/lib/Alis.Core.Aspect.Math.Test.dll" adapterTypeName="executor://xunit/VsTestRunner2/netcoreapp" className="Alis.Core.Aspect.Math.Test.Util.ConstantTest" name="Constant_PiOver2_ShouldBeCorrect" />
    </UnitTest>
    <UnitTest name="Alis.Core.Aspect.Math.Test.Util.ConstantTests.Log10E_ShouldBeCorrect" storage="/users/pabllopf/repositorios/alis/6_ideation/math/test/bin/debug/lib/alis.core.aspect.math.test.dll" id="b9c657fd-979f-c957-1b78-abca1ed48778">
      <Execution id="2d2cd163-36f1-46a9-87a0-c69e553e3a51" />
      <TestMethod codeBase="/Users/pabllopf/repositorios/Alis/6_Ideation/Math/test/bin/Debug/lib/Alis.Core.Aspect.Math.Test.dll" adapterTypeName="executor://xunit/VsTestRunner2/netcoreapp" className="Alis.Core.Aspect.Math.Test.Util.ConstantTests" name="Log10E_ShouldBeCorrect" />
    </UnitTest>
    <UnitTest name="Alis.Core.Aspect.Math.Test.Util.ConstantTests.Log2E_ShouldBeCorrect" storage="/users/pabllopf/repositorios/alis/6_ideation/math/test/bin/debug/lib/alis.core.aspect.math.test.dll" id="b6cc7073-ba8b-bc63-142a-3acf7ab41cc5">
      <Execution id="51ba5836-23a9-44fd-b111-265d97bedf85" />
      <TestMethod codeBase="/Users/pabllopf/repositorios/Alis/6_Ideation/Math/test/bin/Debug/lib/Alis.Core.Aspect.Math.Test.dll" adapterTypeName="executor://xunit/VsTestRunner2/netcoreapp" className="Alis.Core.Aspect.Math.Test.Util.ConstantTests" name="Log2E_ShouldBeCorrect" />
    </UnitTest>
    <UnitTest name="Alis.Core.Aspect.Math.Test.Util.ConstantTests.Epsilon_ShouldBeCorrect" storage="/users/pabllopf/repositorios/alis/6_ideation/math/test/bin/debug/lib/alis.core.aspect.math.test.dll" id="d24ea899-6c15-75f0-1062-3c408f87a375">
      <Execution id="fb61462f-a030-4448-9870-e749cf8f9a40" />
      <TestMethod codeBase="/Users/pabllopf/repositorios/Alis/6_Ideation/Math/test/bin/Debug/lib/Alis.Core.Aspect.Math.Test.dll" adapterTypeName="executor://xunit/VsTestRunner2/netcoreapp" className="Alis.Core.Aspect.Math.Test.Util.ConstantTests" name="Epsilon_ShouldBeCorrect" />
    </UnitTest>
    <UnitTest name="Alis.Core.Aspect.Math.Test.Util.ConstantRemainingCoverageTests.PiOver4_MatchesMathPiDividedByFour" storage="/users/pabllopf/repositorios/alis/6_ideation/math/test/bin/debug/lib/alis.core.aspect.math.test.dll" id="358e6794-8245-c3f2-aabe-7d475790b6d3">
      <Execution id="fd49cb3e-c97e-46c2-a9b3-df07d1d99062" />
      <TestMethod codeBase="/Users/pabllopf/repositorios/Alis/6_Ideation/Math/test/bin/Debug/lib/Alis.Core.Aspect.Math.Test.dll" adapterTypeName="executor://xunit/VsTestRunner2/netcoreapp" className="Alis.Core.Aspect.Math.Test.Util.ConstantRemainingCoverageTests" name="PiOver4_MatchesMathPiDividedByFour" />
    </UnitTest>
    <UnitTest name="Alis.Core.Aspect.Math.Test.ConstantTest.TwoPi_ReturnsExpectedValue" storage="/users/pabllopf/repositorios/alis/6_ideation/math/test/bin/debug/lib/alis.core.aspect.math.test.dll" id="1a1c951f-dda9-2f62-9d09-188548488cca">
      <Execution id="f3f02aeb-3505-400d-82a1-99990cb23759" />
      <TestMethod codeBase="/Users/pabllopf/repositorios/Alis/6_Ideation/Math/test/bin/Debug/lib/Alis.Core.Aspect.Math.Test.dll" adapterTypeName="executor://xunit/VsTestRunner2/netcoreapp" className="Alis.Core.Aspect.Math.Test.ConstantTest" name="TwoPi_ReturnsExpectedValue" />
    </UnitTest>
    <UnitTest name="Alis.Core.Aspect.Math.Test.ConstantTest.Tau_ReturnsExpectedValue" storage="/users/pabllopf/repositorios/alis/6_ideation/math/test/bin/debug/lib/alis.core.aspect.math.test.dll" id="5c0ab640-b9e5-ac19-3274-acfd1eae772f">
      <Execution id="6dd4e1c9-028c-4c05-b168-c63bd451bb2a" />
      <TestMethod codeBase="/Users/pabllopf/repositorios/Alis/6_Ideation/Math/test/bin/Debug/lib/Alis.Core.Aspect.Math.Test.dll" adapterTypeName="executor://xunit/VsTestRunner2/netcoreapp" className="Alis.Core.Aspect.Math.Test.ConstantTest" name="Tau_ReturnsExpectedValue" />
    </UnitTest>
    <UnitTest name="Alis.Core.Aspect.Math.Test.Util.ConstantRemainingCoverageTests.Log2E_HasExpectedValue" storage="/users/pabllopf/repositorios/alis/6_ideation/math/test/bin/debug/lib/alis.core.aspect.math.test.dll" id="bd5c1684-b836-bb53-0ec1-072f97327dba">
      <Execution id="061da3f8-cfc3-4d1b-b0bb-5adeba5d611e" />
      <TestMethod codeBase="/Users/pabllopf/repositorios/Alis/6_Ideation/Math/test/bin/Debug/lib/Alis.Core.Aspect.Math.Test.dll" adapterTypeName="executor://xunit/VsTestRunner2/netcoreapp" className="Alis.Core.Aspect.Math.Test.Util.ConstantRemainingCoverageTests" name="Log2E_HasExpectedValue" />
    </UnitTest>
    <UnitTest name="Alis.Core.Aspect.Math.Test.Util.ConstantTests.Tau_ShouldBeCorrect" storage="/users/pabllopf/repositorios/alis/6_ideation/math/test/bin/debug/lib/alis.core.aspect.math.test.dll" id="d5e82ab8-7ac0-3949-76c9-4a4437283021">
      <Execution id="7f45881d-cbd8-48ca-aab4-d5f2fd2d9613" />
      <TestMethod codeBase="/Users/pabllopf/repositorios/Alis/6_Ideation/Math/test/bin/Debug/lib/Alis.Core.Aspect.Math.Test.dll" adapterTypeName="executor://xunit/VsTestRunner2/netcoreapp" className="Alis.Core.Aspect.Math.Test.Util.ConstantTests" name="Tau_ShouldBeCorrect" />
    </UnitTest>
    <UnitTest name="Alis.Core.Aspect.Math.Test.Util.ConstantTest.Constant_E_ShouldBeCorrect" storage="/users/pabllopf/repositorios/alis/6_ideation/math/test/bin/debug/lib/alis.core.aspect.math.test.dll" id="c4f83d4c-8477-0ae2-ca30-23dd4c551b31">
      <Execution id="cb370596-580a-4c75-93bc-c26cd73de0c6" />
      <TestMethod codeBase="/Users/pabllopf/repositorios/Alis/6_Ideation/Math/test/bin/Debug/lib/Alis.Core.Aspect.Math.Test.dll" adapterTypeName="executor://xunit/VsTestRunner2/netcoreapp" className="Alis.Core.Aspect.Math.Test.Util.ConstantTest" name="Constant_E_ShouldBeCorrect" />
    </UnitTest>
    <UnitTest name="Alis.Core.Aspect.Math.Test.Util.ConstantTests.PiOver2_ShouldBeCorrect" storage="/users/pabllopf/repositorios/alis/6_ideation/math/test/bin/debug/lib/alis.core.aspect.math.test.dll" id="979d8399-0911-196b-ad00-a881fdb44547">
      <Execution id="e14ab28f-a6b0-4b57-af88-e306428da306" />
      <TestMethod codeBase="/Users/pabllopf/repositorios/Alis/6_Ideation/Math/test/bin/Debug/lib/Alis.Core.Aspect.Math.Test.dll" adapterTypeName="executor://xunit/VsTestRunner2/netcoreapp" className="Alis.Core.Aspect.Math.Test.Util.ConstantTests" name="PiOver2_ShouldBeCorrect" />
    </UnitTest>
    <UnitTest name="Alis.Core.Aspect.Math.Test.Util.ConstantRemainingCoverageTests.Pi_MatchesMathPi" storage="/users/pabllopf/repositorios/alis/6_ideation/math/test/bin/debug/lib/alis.core.aspect.math.test.dll" id="631158fb-0dce-492e-fd73-63a281247e38">
      <Execution id="68bb1ed5-965a-4454-921d-678bf45361f6" />
      <TestMethod codeBase="/Users/pabllopf/repositorios/Alis/6_Ideation/Math/test/bin/Debug/lib/Alis.Core.Aspect.Math.Test.dll" adapterTypeName="executor://xunit/VsTestRunner2/netcoreapp" className="Alis.Core.Aspect.Math.Test.Util.ConstantRemainingCoverageTests" name="Pi_MatchesMathPi" />
    </UnitTest>
    <UnitTest name="Alis.Core.Aspect.Math.Test.Util.ConstantTest.Constant_Pi_ShouldBeCorrect" storage="/users/pabllopf/repositorios/alis/6_ideation/math/test/bin/debug/lib/alis.core.aspect.math.test.dll" id="77bb8917-c9dc-1640-3ad8-82c16c62d485">
      <Execution id="2fcc85d4-7522-4d7f-93af-618b5ed35b0e" />
      <TestMethod codeBase="/Users/pabllopf/repositorios/Alis/6_Ideation/Math/test/bin/Debug/lib/Alis.Core.Aspect.Math.Test.dll" adapterTypeName="executor://xunit/VsTestRunner2/netcoreapp" className="Alis.Core.Aspect.Math.Test.Util.ConstantTest" name="Constant_Pi_ShouldBeCorrect" />
    </UnitTest>
    <UnitTest name="Alis.Core.Aspect.Math.Test.Util.ConstantRemainingCoverageTests.PiOver2_MatchesMathPiDividedByTwo" storage="/users/pabllopf/repositorios/alis/6_ideation/math/test/bin/debug/lib/alis.core.aspect.math.test.dll" id="8063e9d6-976b-6512-0b21-6f8b407c4d23">
      <Execution id="c88dc2ac-3a04-443f-9d99-1f3fd6ba0056" />
      <TestMethod codeBase="/Users/pabllopf/repositorios/Alis/6_Ideation/Math/test/bin/Debug/lib/Alis.Core.Aspect.Math.Test.dll" adapterTypeName="executor://xunit/VsTestRunner2/netcoreapp" className="Alis.Core.Aspect.Math.Test.Util.ConstantRemainingCoverageTests" name="PiOver2_MatchesMathPiDividedByTwo" />
    </UnitTest>
    <UnitTest name="Alis.Core.Aspect.Math.Test.Util.ConstantTest.Constant_Log10E_ShouldBeCorrect" storage="/users/pabllopf/repositorios/alis/6_ideation/math/test/bin/debug/lib/alis.core.aspect.math.test.dll" id="f055f7f7-e057-095a-bfde-060975429354">
      <Execution id="87ccd5b2-11e3-4fc3-a758-170045f93249" />
      <TestMethod codeBase="/Users/pabllopf/repositorios/Alis/6_Ideation/Math/test/bin/Debug/lib/Alis.Core.Aspect.Math.Test.dll" adapterTypeName="executor://xunit/VsTestRunner2/netcoreapp" className="Alis.Core.Aspect.Math.Test.Util.ConstantTest" name="Constant_Log10E_ShouldBeCorrect" />
    </UnitTest>
    <UnitTest name="Alis.Core.Aspect.Math.Test.Util.ConstantRemainingCoverageTests.TwoPi_MatchesMathPiTimesTwo" storage="/users/pabllopf/repositorios/alis/6_ideation/math/test/bin/debug/lib/alis.core.aspect.math.test.dll" id="f6c56e3d-333f-d453-0163-0557216443b7">
      <Execution id="74f2911b-00fc-4a43-890a-650502310491" />
      <TestMethod codeBase="/Users/pabllopf/repositorios/Alis/6_Ideation/Math/test/bin/Debug/lib/Alis.Core.Aspect.Math.Test.dll" adapterTypeName="executor://xunit/VsTestRunner2/netcoreapp" className="Alis.Core.Aspect.Math.Test.Util.ConstantRemainingCoverageTests" name="TwoPi_MatchesMathPiTimesTwo" />
    </UnitTest>
    <UnitTest name="Alis.Core.Aspect.Math.Test.Util.ConstantRemainingCoverageTests.Tau_IsAliasOfTwoPi" storage="/users/pabllopf/repositorios/alis/6_ideation/math/test/bin/debug/lib/alis.core.aspect.math.test.dll" id="a8487524-b8ea-22a9-0e43-925039792945">
      <Execution id="3b06abc2-2359-497c-be49-c5538951c30c" />
      <TestMethod codeBase="/Users/pabllopf/repositorios/Alis/6_Ideation/Math/test/bin/Debug/lib/Alis.Core.Aspect.Math.Test.dll" adapterTypeName="executor://xunit/VsTestRunner2/netcoreapp" className="Alis.Core.Aspect.Math.Test.Util.ConstantRemainingCoverageTests" name="Tau_IsAliasOfTwoPi" />
    </UnitTest>
    <UnitTest name="Alis.Core.Aspect.Math.Test.ConstantTest.Euler_ReturnsExpectedValue" storage="/users/pabllopf/repositorios/alis/6_ideation/math/test/bin/debug/lib/alis.core.aspect.math.test.dll" id="e12d1b0b-856c-f33f-7962-2c8fb84cb5f4">
      <Execution id="2cf1632c-a68f-4ba8-b90b-f9cbba0511e1" />
      <TestMethod codeBase="/Users/pabllopf/repositorios/Alis/6_Ideation/Math/test/bin/Debug/lib/Alis.Core.Aspect.Math.Test.dll" adapterTypeName="executor://xunit/VsTestRunner2/netcoreapp" className="Alis.Core.Aspect.Math.Test.ConstantTest" name="Euler_ReturnsExpectedValue" />
    </UnitTest>
    <UnitTest name="Alis.Core.Aspect.Math.Test.Util.ConstantRemainingCoverageTests.Euler_HasExpectedValue" storage="/users/pabllopf/repositorios/alis/6_ideation/math/test/bin/debug/lib/alis.core.aspect.math.test.dll" id="5cfabaa5-5666-31c8-8f42-4346dd340b90">
      <Execution id="23e331f2-f81a-4727-8143-6bad613ceb68" />
      <TestMethod codeBase="/Users/pabllopf/repositorios/Alis/6_Ideation/Math/test/bin/Debug/lib/Alis.Core.Aspect.Math.Test.dll" adapterTypeName="executor://xunit/VsTestRunner2/netcoreapp" className="Alis.Core.Aspect.Math.Test.Util.ConstantRemainingCoverageTests" name="Euler_HasExpectedValue" />
    </UnitTest>
    <UnitTest name="Alis.Core.Aspect.Math.Test.Util.ConstantTest.Constant_PiOver4_ShouldBeCorrect" storage="/users/pabllopf/repositorios/alis/6_ideation/math/test/bin/debug/lib/alis.core.aspect.math.test.dll" id="f5a24b87-6581-eabd-a07a-c2f6b9dd6fc8">
      <Execution id="548093ee-78f9-4bef-b7e0-80443a9454b7" />
      <TestMethod codeBase="/Users/pabllopf/repositorios/Alis/6_Ideation/Math/test/bin/Debug/lib/Alis.Core.Aspect.Math.Test.dll" adapterTypeName="executor://xunit/VsTestRunner2/netcoreapp" className="Alis.Core.Aspect.Math.Test.Util.ConstantTest" name="Constant_PiOver4_ShouldBeCorrect" />
    </UnitTest>
    <UnitTest name="Alis.Core.Aspect.Math.Test.ConstantTest.PiOver4_ReturnsExpectedValue" storage="/users/pabllopf/repositorios/alis/6_ideation/math/test/bin/debug/lib/alis.core.aspect.math.test.dll" id="f3af188c-538c-0f03-e7e7-f4e4ca5fa0fe">
      <Execution id="c99109d9-2213-423f-b720-4d7801bc2bd3" />
      <TestMethod codeBase="/Users/pabllopf/repositorios/Alis/6_Ideation/Math/test/bin/Debug/lib/Alis.Core.Aspect.Math.Test.dll" adapterTypeName="executor://xunit/VsTestRunner2/netcoreapp" className="Alis.Core.Aspect.Math.Test.ConstantTest" name="PiOver4_ReturnsExpectedValue" />
    </UnitTest>
  </TestDefinitions>
  <TestEntries>
    <TestEntry testId="b6cc7073-ba8b-bc63-142a-3acf7ab41cc5" executionId="51ba5836-23a9-44fd-b111-265d97bedf85" testListId="8c84fa94-04c1-424b-9868-57a2d4851a1d" />
    <TestEntry testId="b929b56c-7d61-fa71-cd8d-e2af15051ac3" executionId="5db4448a-e547-430a-bf4c-cb5ae7d629f0" testListId="8c84fa94-04c1-424b-9868-57a2d4851a1d" />
    <TestEntry testId="b9c657fd-979f-c957-1b78-abca1ed48778" executionId="2d2cd163-36f1-46a9-87a0-c69e553e3a51" testListId="8c84fa94-04c1-424b-9868-57a2d4851a1d" />
    <TestEntry testId="f055f7f7-e057-095a-bfde-060975429354" executionId="87ccd5b2-11e3-4fc3-a758-170045f93249" testListId="8c84fa94-04c1-424b-9868-57a2d4851a1d" />
    <TestEntry testId="34953f15-9fd1-ff0b-e827-8ca8d3380a01" executionId="015917d6-1dbb-4791-92a4-1f1fe744138c" testListId="8c84fa94-04c1-424b-9868-57a2d4851a1d" />
    <TestEntry testId="a8487524-b8ea-22a9-0e43-925039792945" executionId="3b06abc2-2359-497c-be49-c5538951c30c" testListId="8c84fa94-04c1-424b-9868-57a2d4851a1d" />
    <TestEntry testId="979d8399-0911-196b-ad00-a881fdb44547" executionId="e14ab28f-a6b0-4b57-af88-e306428da306" testListId="8c84fa94-04c1-424b-9868-57a2d4851a1d" />
    <TestEntry testId="aeb6e7a7-44ee-f314-00d1-83772eac2a65" executionId="12b4bb16-adac-4934-b534-f3a1360e5584" testListId="8c84fa94-04c1-424b-9868-57a2d4851a1d" />
    <TestEntry testId="358e6794-8245-c3f2-aabe-7d475790b6d3" executionId="fd49cb3e-c97e-46c2-a9b3-df07d1d99062" testListId="8c84fa94-04c1-424b-9868-57a2d4851a1d" />
    <TestEntry testId="e829ef7a-f29e-65b1-a7ed-0538eac7e32f" executionId="b5ded4af-db4c-47e1-bc06-2e3976d92e35" testListId="8c84fa94-04c1-424b-9868-57a2d4851a1d" />
    <TestEntry testId="72daedfb-bc3d-d29c-fd9d-b7db6593a029" executionId="b1ce79e6-afdf-4ddb-9f7a-800e90097a63" testListId="8c84fa94-04c1-424b-9868-57a2d4851a1d" />
    <TestEntry testId="d24ea899-6c15-75f0-1062-3c408f87a375" executionId="fb61462f-a030-4448-9870-e749cf8f9a40" testListId="8c84fa94-04c1-424b-9868-57a2d4851a1d" />
    <TestEntry testId="77bb8917-c9dc-1640-3ad8-82c16c62d485" executionId="2fcc85d4-7522-4d7f-93af-618b5ed35b0e" testListId="8c84fa94-04c1-424b-9868-57a2d4851a1d" />
    <TestEntry testId="056664ce-764b-e68d-f54f-98a9277107c0" executionId="09afd19a-8a1c-4358-a54a-98fafa5bb11b" testListId="8c84fa94-04c1-424b-9868-57a2d4851a1d" />
    <TestEntry testId="65674040-0b3a-fa87-9ffe-0db2b83da7a6" executionId="b2abc0ff-738a-4304-8541-f7649df1abbe" testListId="8c84fa94-04c1-424b-9868-57a2d4851a1d" />
    <TestEntry testId="f15f93a0-8192-1034-7207-51ef02c74a46" executionId="8bf9eddc-cea0-48a2-ae0e-febed6b55dea" testListId="8c84fa94-04c1-424b-9868-57a2d4851a1d" />
    <TestEntry testId="e12d1b0b-856c-f33f-7962-2c8fb84cb5f4" executionId="2cf1632c-a68f-4ba8-b90b-f9cbba0511e1" testListId="8c84fa94-04c1-424b-9868-57a2d4851a1d" />
    <TestEntry testId="5c0ab640-b9e5-ac19-3274-acfd1eae772f" executionId="6dd4e1c9-028c-4c05-b168-c63bd451bb2a" testListId="8c84fa94-04c1-424b-9868-57a2d4851a1d" />
    <TestEntry testId="c4f83d4c-8477-0ae2-ca30-23dd4c551b31" executionId="cb370596-580a-4c75-93bc-c26cd73de0c6" testListId="8c84fa94-04c1-424b-9868-57a2d4851a1d" />
    <TestEntry testId="3a19cfe0-a029-744e-6f57-6b5eaebcdc90" executionId="ba3bf8c1-d24d-4afe-8804-9d16da8e0ff8" testListId="8c84fa94-04c1-424b-9868-57a2d4851a1d" />
    <TestEntry testId="dac21da1-a416-bc02-7d31-fde6dc8b70fd" executionId="aa322895-41a2-4097-8368-45d3dd41daf7" testListId="8c84fa94-04c1-424b-9868-57a2d4851a1d" />
    <TestEntry testId="ae344461-ca0b-0505-8634-34f2032d1fc4" executionId="e751bb63-4b47-4c07-ad7a-b2e0a7c0910a" testListId="8c84fa94-04c1-424b-9868-57a2d4851a1d" />
    <TestEntry testId="f6c56e3d-333f-d453-0163-0557216443b7" executionId="74f2911b-00fc-4a43-890a-650502310491" testListId="8c84fa94-04c1-424b-9868-57a2d4851a1d" />
    <TestEntry testId="2219b64c-528d-e2cf-08b0-e2d54b997c5c" executionId="9a62c9a5-40fa-436c-bcff-02fab9ca3646" testListId="8c84fa94-04c1-424b-9868-57a2d4851a1d" />
    <TestEntry testId="f5a24b87-6581-eabd-a07a-c2f6b9dd6fc8" executionId="548093ee-78f9-4bef-b7e0-80443a9454b7" testListId="8c84fa94-04c1-424b-9868-57a2d4851a1d" />
    <TestEntry testId="f3af188c-538c-0f03-e7e7-f4e4ca5fa0fe" executionId="c99109d9-2213-423f-b720-4d7801bc2bd3" testListId="8c84fa94-04c1-424b-9868-57a2d4851a1d" />
    <TestEntry testId="bdf54b98-c127-4de2-c1bd-e241835b595e" executionId="9ea76475-a5b5-43a3-80d5-05c450eb3c1f" testListId="8c84fa94-04c1-424b-9868-57a2d4851a1d" />
    <TestEntry testId="bd5c1684-b836-bb53-0ec1-072f97327dba" executionId="061da3f8-cfc3-4d1b-b0bb-5adeba5d611e" testListId="8c84fa94-04c1-424b-9868-57a2d4851a1d" />
    <TestEntry testId="91451a48-2526-005c-0c81-5e52f9caa3e7" executionId="af0abdca-7b2b-4f61-81b1-b74c54948b8c" testListId="8c84fa94-04c1-424b-9868-57a2d4851a1d" />
    <TestEntry testId="5f537226-9e3b-a4d0-d029-087ded4f3190" executionId="81d6ce32-2e95-4c11-8b10-ebc2f6f7c0f3" testListId="8c84fa94-04c1-424b-9868-57a2d4851a1d" />
    <TestEntry testId="8063e9d6-976b-6512-0b21-6f8b407c4d23" executionId="c88dc2ac-3a04-443f-9d99-1f3fd6ba0056" testListId="8c84fa94-04c1-424b-9868-57a2d4851a1d" />
    <TestEntry testId="631158fb-0dce-492e-fd73-63a281247e38" executionId="68bb1ed5-965a-4454-921d-678bf45361f6" testListId="8c84fa94-04c1-424b-9868-57a2d4851a1d" />
    <TestEntry testId="d5e82ab8-7ac0-3949-76c9-4a4437283021" executionId="7f45881d-cbd8-48ca-aab4-d5f2fd2d9613" testListId="8c84fa94-04c1-424b-9868-57a2d4851a1d" />
    <TestEntry testId="e83a2c04-671e-296c-37e5-329d6ccc0d84" executionId="d22fe0ca-98c1-473c-8e45-dcbaa5d18a1b" testListId="8c84fa94-04c1-424b-9868-57a2d4851a1d" />
    <TestEntry testId="e23e6206-6ccd-6b6e-86af-5daf73b172f0" executionId="0c48ef2c-5d8b-4e46-a324-8a2410883042" testListId="8c84fa94-04c1-424b-9868-57a2d4851a1d" />
    <TestEntry testId="46bd9030-b2a9-2a81-6ffa-d363c534a553" executionId="bd482da9-ed1b-4f4b-b2fe-808f47d4308e" testListId="8c84fa94-04c1-424b-9868-57a2d4851a1d" />
    <TestEntry testId="5cfabaa5-5666-31c8-8f42-4346dd340b90" executionId="23e331f2-f81a-4727-8143-6bad613ceb68" testListId="8c84fa94-04c1-424b-9868-57a2d4851a1d" />
    <TestEntry testId="5e18b69a-d2a8-ec6c-19ba-a3115261ddcc" executionId="679a0e52-b99f-4f2b-9fb1-136b991c02bc" testListId="8c84fa94-04c1-424b-9868-57a2d4851a1d" />
    <TestEntry testId="651ac1f0-839c-7ee9-3a75-ac333d9b1948" executionId="52ea9e0a-8a6b-4fea-a0de-9111791560a2" testListId="8c84fa94-04c1-424b-9868-57a2d4851a1d" />
    <TestEntry testId="1a1c951f-dda9-2f62-9d09-188548488cca" executionId="f3f02aeb-3505-400d-82a1-99990cb23759" testListId="8c84fa94-04c1-424b-9868-57a2d4851a1d" />
  </TestEntries>
  <TestLists>
    <TestList name="Resultados sin formato de lista" id="8c84fa94-04c1-424b-9868-57a2d4851a1d" />
    <TestList name="Todos los resultados cargados" id="19431567-8539-422a-85d7-44ee4e166bda" />
  </TestLists>
  <ResultSummary outcome="Completed">
    <Counters total="40" executed="40" passed="40" failed="0" error="0" timeout="0" aborted="0" inconclusive="0" passedButRunAborted="0" notRunnable="0" notExecuted="0" disconnected="0" warning="0" completed="0" inProgress="0" pending="0" />
    <Output>
      <StdOut>[xUnit.net 00:00:00.00] xUnit.net VSTest Adapter v2.5.6+bf9b858c26 (64-bit .NET 8.0.27)
[xUnit.net 00:00:00.03]   Discovering: Alis.Core.Aspect.Math.Test
[xUnit.net 00:00:00.09]   Discovered:  Alis.Core.Aspect.Math.Test
[xUnit.net 00:00:00.09]   Starting:    Alis.Core.Aspect.Math.Test
[xUnit.net 00:00:00.14]   Finished:    Alis.Core.Aspect.Math.Test
</StdOut>
    </Output>
    <CollectorDataEntries>
      <Collector agentName="MacBook-Pro-de-Pablo" uri="datacollector://microsoft/CoverletCodeCoverage/1.0" collectorDisplayName="XPlat code coverage">
        <UriAttachments>
          <UriAttachment>
            <A href="MacBook-Pro-de-Pablo/coverage.cobertura.xml"></A>
          </UriAttachment>
        </UriAttachments>
      </Collector>
    </CollectorDataEntries>
  </ResultSummary>
</TestRun>