<?xml version="1.0" encoding="utf-8"?>
<TestRun id="93cd9955-b694-4914-85b1-52b2bd5911fc" name="@MacBook-Pro-de-Pablo 2026-08-15 23:15:13" xmlns="http://microsoft.com/schemas/VisualStudio/TeamTest/2010">
  <Times creation="2026-08-15T23:15:13.5085980+01:00" queuing="2026-08-15T23:15:13.5085980+01:00" start="2026-08-15T23:15:11.6405670+01:00" finish="2026-08-15T23:15:13.5111420+01:00" />
  <TestSettings name="default" id="91057e6c-faff-40d9-a4e3-dbaf02fc96e0">
    <Deployment runDeploymentRoot="_MacBook-Pro-de-Pablo_2026-08-15_23_15_13" />
  </TestSettings>
  <Results>
    <UnitTestResult executionId="79263181-8db4-4f8b-9dec-b027ac982dd3" testId="ef19360b-adcf-8254-a894-31936ae7cfc6" testName="Alis.Extension.Graphic.Sdl2.Test.SdlInputConstTest.HapticDirectionConstants_AreCorrect" computerName="MacBook-Pro-de-Pablo" duration="00:00:00.0000318" startTime="2026-08-15T23:15:13.0436650+01:00" endTime="2026-08-15T23:15:13.0436650+01:00" testType="13cdc9d9-ddb5-4fa4-a97d-d965ccfc6d4b" outcome="Passed" testListId="8c84fa94-04c1-424b-9868-57a2d4851a1d" relativeResultsDirectory="79263181-8db4-4f8b-9dec-b027ac982dd3" />
    <UnitTestResult executionId="96dc2e45-d50a-4013-b8ac-2e63fec39534" testId="fa3f4cb0-9796-d40b-2973-e9310ea2cf83" testName="Alis.Extension.Graphic.Sdl2.Test.SdlInputConstTest.IphoneMaxGForce_IsCorrect" computerName="MacBook-Pro-de-Pablo" duration="00:00:00.0001696" startTime="2026-08-15T23:15:13.0434850+01:00" endTime="2026-08-15T23:15:13.0434850+01:00" testType="13cdc9d9-ddb5-4fa4-a97d-d965ccfc6d4b" outcome="Passed" testListId="8c84fa94-04c1-424b-9868-57a2d4851a1d" relativeResultsDirectory="96dc2e45-d50a-4013-b8ac-2e63fec39534" />
    <UnitTestResult executionId="a8a9b397-50e1-4340-8d58-2547399eb23e" testId="a3d092dc-65e5-0393-145c-7d5b19804197" testName="Alis.Extension.Graphic.Sdl2.Test.Mapping.Sdl2MappingRemainingCoverageTests.SdlInputConst_HasExpectedValues" computerName="MacBook-Pro-de-Pablo" duration="00:00:00.0033628" startTime="2026-08-15T23:15:13.0338580+01:00" endTime="2026-08-15T23:15:13.0338690+01:00" testType="13cdc9d9-ddb5-4fa4-a97d-d965ccfc6d4b" outcome="Passed" testListId="8c84fa94-04c1-424b-9868-57a2d4851a1d" relativeResultsDirectory="a8a9b397-50e1-4340-8d58-2547399eb23e" />
    <UnitTestResult executionId="018177f4-3249-4bf0-bfbd-035cd95bfe4e" testId="dae197d6-e231-d3b6-a4bb-2d97c2ce0139" testName="Alis.Extension.Graphic.Sdl2.Test.SdlInputConstTest.HapticEffectConstants_AreCorrect" computerName="MacBook-Pro-de-Pablo" duration="00:00:00.0000779" startTime="2026-08-15T23:15:13.0429940+01:00" endTime="2026-08-15T23:15:13.0429940+01:00" testType="13cdc9d9-ddb5-4fa4-a97d-d965ccfc6d4b" outcome="Passed" testListId="8c84fa94-04c1-424b-9868-57a2d4851a1d" relativeResultsDirectory="018177f4-3249-4bf0-bfbd-035cd95bfe4e" />
    <UnitTestResult executionId="8337a1e6-4976-40c2-b72f-cd06a24d20ef" testId="14b5941d-4dac-d5b4-bb6c-f59f99ecffa4" testName="Alis.Extension.Graphic.Sdl2.Test.SdlInputConstTest.TouchMouseId_IsMaxValue" computerName="MacBook-Pro-de-Pablo" duration="00:00:00.0000198" startTime="2026-08-15T23:15:13.0426070+01:00" endTime="2026-08-15T23:15:13.0426070+01:00" testType="13cdc9d9-ddb5-4fa4-a97d-d965ccfc6d4b" outcome="Passed" testListId="8c84fa94-04c1-424b-9868-57a2d4851a1d" relativeResultsDirectory="8337a1e6-4976-40c2-b72f-cd06a24d20ef" />
    <UnitTestResult executionId="2de92ff0-f40e-4e5d-9138-a8de72a733dd" testId="592e5196-1d65-cbc7-cd59-e8ccb20f90dc" testName="Alis.Extension.Graphic.Sdl2.Test.SdlInputConstTest.KScancodeMask_IsCorrect" computerName="MacBook-Pro-de-Pablo" duration="00:00:00.0000452" startTime="2026-08-15T23:15:13.0424400+01:00" endTime="2026-08-15T23:15:13.0424400+01:00" testType="13cdc9d9-ddb5-4fa4-a97d-d965ccfc6d4b" outcome="Passed" testListId="8c84fa94-04c1-424b-9868-57a2d4851a1d" relativeResultsDirectory="2de92ff0-f40e-4e5d-9138-a8de72a733dd" />
    <UnitTestResult executionId="2bef7adc-80b0-416e-aff6-01d02c6ec4cf" testId="34d7f947-f09e-3474-970d-d96e9a1a2dc9" testName="Alis.Extension.Graphic.Sdl2.Test.Mapping.Sdl2MappingRemainingCoverageTests.SdlInputConst_HatCombinations_HaveExpectedValues" computerName="MacBook-Pro-de-Pablo" duration="00:00:00.0000686" startTime="2026-08-15T23:15:13.0412000+01:00" endTime="2026-08-15T23:15:13.0412000+01:00" testType="13cdc9d9-ddb5-4fa4-a97d-d965ccfc6d4b" outcome="Passed" testListId="8c84fa94-04c1-424b-9868-57a2d4851a1d" relativeResultsDirectory="2bef7adc-80b0-416e-aff6-01d02c6ec4cf" />
    <UnitTestResult executionId="7a922b03-1c1f-43a7-81b4-42a2fae90328" testId="9951ea1b-dc3f-1495-ea3f-c445f5aa2bf8" testName="Alis.Extension.Graphic.Sdl2.Test.SdlInputConstTest.HatConstants_AreCorrect" computerName="MacBook-Pro-de-Pablo" duration="00:00:00.0000345" startTime="2026-08-15T23:15:13.0431820+01:00" endTime="2026-08-15T23:15:13.0431820+01:00" testType="13cdc9d9-ddb5-4fa4-a97d-d965ccfc6d4b" outcome="Passed" testListId="8c84fa94-04c1-424b-9868-57a2d4851a1d" relativeResultsDirectory="7a922b03-1c1f-43a7-81b4-42a2fae90328" />
    <UnitTestResult executionId="c481b341-7d0f-4d96-9f51-c683c6405c3a" testId="f8abe1da-d7d2-c556-2626-b54301c95d83" testName="Alis.Extension.Graphic.Sdl2.Test.SdlInputConstTest.ButtonConstants_AreCorrect" computerName="MacBook-Pro-de-Pablo" duration="00:00:00.0000271" startTime="2026-08-15T23:15:13.0427770+01:00" endTime="2026-08-15T23:15:13.0427770+01:00" testType="13cdc9d9-ddb5-4fa4-a97d-d965ccfc6d4b" outcome="Passed" testListId="8c84fa94-04c1-424b-9868-57a2d4851a1d" relativeResultsDirectory="c481b341-7d0f-4d96-9f51-c683c6405c3a" />
  </Results>
  <TestDefinitions>
    <UnitTest name="Alis.Extension.Graphic.Sdl2.Test.SdlInputConstTest.TouchMouseId_IsMaxValue" storage="/users/pabllopf/repositorios/alis/1_presentation/extension/graphic/sdl2/test/bin/debug/lib/alis.extension.graphic.sdl2.test.dll" id="14b5941d-4dac-d5b4-bb6c-f59f99ecffa4">
      <Execution id="8337a1e6-4976-40c2-b72f-cd06a24d20ef" />
      <TestMethod codeBase="/Users/pabllopf/repositorios/Alis/1_Presentation/Extension/Graphic/Sdl2/test/bin/Debug/lib/Alis.Extension.Graphic.Sdl2.Test.dll" adapterTypeName="executor://xunit/VsTestRunner2/netcoreapp" className="Alis.Extension.Graphic.Sdl2.Test.SdlInputConstTest" name="TouchMouseId_IsMaxValue" />
    </UnitTest>
    <UnitTest name="Alis.Extension.Graphic.Sdl2.Test.Mapping.Sdl2MappingRemainingCoverageTests.SdlInputConst_HasExpectedValues" storage="/users/pabllopf/repositorios/alis/1_presentation/extension/graphic/sdl2/test/bin/debug/lib/alis.extension.graphic.sdl2.test.dll" id="a3d092dc-65e5-0393-145c-7d5b19804197">
      <Execution id="a8a9b397-50e1-4340-8d58-2547399eb23e" />
      <TestMethod codeBase="/Users/pabllopf/repositorios/Alis/1_Presentation/Extension/Graphic/Sdl2/test/bin/Debug/lib/Alis.Extension.Graphic.Sdl2.Test.dll" adapterTypeName="executor://xunit/VsTestRunner2/netcoreapp" className="Alis.Extension.Graphic.Sdl2.Test.Mapping.Sdl2MappingRemainingCoverageTests" name="SdlInputConst_HasExpectedValues" />
    </UnitTest>
    <UnitTest name="Alis.Extension.Graphic.Sdl2.Test.SdlInputConstTest.HapticDirectionConstants_AreCorrect" storage="/users/pabllopf/repositorios/alis/1_presentation/extension/graphic/sdl2/test/bin/debug/lib/alis.extension.graphic.sdl2.test.dll" id="ef19360b-adcf-8254-a894-31936ae7cfc6">
      <Execution id="79263181-8db4-4f8b-9dec-b027ac982dd3" />
      <TestMethod codeBase="/Users/pabllopf/repositorios/Alis/1_Presentation/Extension/Graphic/Sdl2/test/bin/Debug/lib/Alis.Extension.Graphic.Sdl2.Test.dll" adapterTypeName="executor://xunit/VsTestRunner2/netcoreapp" className="Alis.Extension.Graphic.Sdl2.Test.SdlInputConstTest" name="HapticDirectionConstants_AreCorrect" />
    </UnitTest>
    <UnitTest name="Alis.Extension.Graphic.Sdl2.Test.SdlInputConstTest.KScancodeMask_IsCorrect" storage="/users/pabllopf/repositorios/alis/1_presentation/extension/graphic/sdl2/test/bin/debug/lib/alis.extension.graphic.sdl2.test.dll" id="592e5196-1d65-cbc7-cd59-e8ccb20f90dc">
      <Execution id="2de92ff0-f40e-4e5d-9138-a8de72a733dd" />
      <TestMethod codeBase="/Users/pabllopf/repositorios/Alis/1_Presentation/Extension/Graphic/Sdl2/test/bin/Debug/lib/Alis.Extension.Graphic.Sdl2.Test.dll" adapterTypeName="executor://xunit/VsTestRunner2/netcoreapp" className="Alis.Extension.Graphic.Sdl2.Test.SdlInputConstTest" name="KScancodeMask_IsCorrect" />
    </UnitTest>
    <UnitTest name="Alis.Extension.Graphic.Sdl2.Test.SdlInputConstTest.ButtonConstants_AreCorrect" storage="/users/pabllopf/repositorios/alis/1_presentation/extension/graphic/sdl2/test/bin/debug/lib/alis.extension.graphic.sdl2.test.dll" id="f8abe1da-d7d2-c556-2626-b54301c95d83">
      <Execution id="c481b341-7d0f-4d96-9f51-c683c6405c3a" />
      <TestMethod codeBase="/Users/pabllopf/repositorios/Alis/1_Presentation/Extension/Graphic/Sdl2/test/bin/Debug/lib/Alis.Extension.Graphic.Sdl2.Test.dll" adapterTypeName="executor://xunit/VsTestRunner2/netcoreapp" className="Alis.Extension.Graphic.Sdl2.Test.SdlInputConstTest" name="ButtonConstants_AreCorrect" />
    </UnitTest>
    <UnitTest name="Alis.Extension.Graphic.Sdl2.Test.SdlInputConstTest.HapticEffectConstants_AreCorrect" storage="/users/pabllopf/repositorios/alis/1_presentation/extension/graphic/sdl2/test/bin/debug/lib/alis.extension.graphic.sdl2.test.dll" id="dae197d6-e231-d3b6-a4bb-2d97c2ce0139">
      <Execution id="018177f4-3249-4bf0-bfbd-035cd95bfe4e" />
      <TestMethod codeBase="/Users/pabllopf/repositorios/Alis/1_Presentation/Extension/Graphic/Sdl2/test/bin/Debug/lib/Alis.Extension.Graphic.Sdl2.Test.dll" adapterTypeName="executor://xunit/VsTestRunner2/netcoreapp" className="Alis.Extension.Graphic.Sdl2.Test.SdlInputConstTest" name="HapticEffectConstants_AreCorrect" />
    </UnitTest>
    <UnitTest name="Alis.Extension.Graphic.Sdl2.Test.Mapping.Sdl2MappingRemainingCoverageTests.SdlInputConst_HatCombinations_HaveExpectedValues" storage="/users/pabllopf/repositorios/alis/1_presentation/extension/graphic/sdl2/test/bin/debug/lib/alis.extension.graphic.sdl2.test.dll" id="34d7f947-f09e-3474-970d-d96e9a1a2dc9">
      <Execution id="2bef7adc-80b0-416e-aff6-01d02c6ec4cf" />
      <TestMethod codeBase="/Users/pabllopf/repositorios/Alis/1_Presentation/Extension/Graphic/Sdl2/test/bin/Debug/lib/Alis.Extension.Graphic.Sdl2.Test.dll" adapterTypeName="executor://xunit/VsTestRunner2/netcoreapp" className="Alis.Extension.Graphic.Sdl2.Test.Mapping.Sdl2MappingRemainingCoverageTests" name="SdlInputConst_HatCombinations_HaveExpectedValues" />
    </UnitTest>
    <UnitTest name="Alis.Extension.Graphic.Sdl2.Test.SdlInputConstTest.IphoneMaxGForce_IsCorrect" storage="/users/pabllopf/repositorios/alis/1_presentation/extension/graphic/sdl2/test/bin/debug/lib/alis.extension.graphic.sdl2.test.dll" id="fa3f4cb0-9796-d40b-2973-e9310ea2cf83">
      <Execution id="96dc2e45-d50a-4013-b8ac-2e63fec39534" />
      <TestMethod codeBase="/Users/pabllopf/repositorios/Alis/1_Presentation/Extension/Graphic/Sdl2/test/bin/Debug/lib/Alis.Extension.Graphic.Sdl2.Test.dll" adapterTypeName="executor://xunit/VsTestRunner2/netcoreapp" className="Alis.Extension.Graphic.Sdl2.Test.SdlInputConstTest" name="IphoneMaxGForce_IsCorrect" />
    </UnitTest>
    <UnitTest name="Alis.Extension.Graphic.Sdl2.Test.SdlInputConstTest.HatConstants_AreCorrect" storage="/users/pabllopf/repositorios/alis/1_presentation/extension/graphic/sdl2/test/bin/debug/lib/alis.extension.graphic.sdl2.test.dll" id="9951ea1b-dc3f-1495-ea3f-c445f5aa2bf8">
      <Execution id="7a922b03-1c1f-43a7-81b4-42a2fae90328" />
      <TestMethod codeBase="/Users/pabllopf/repositorios/Alis/1_Presentation/Extension/Graphic/Sdl2/test/bin/Debug/lib/Alis.Extension.Graphic.Sdl2.Test.dll" adapterTypeName="executor://xunit/VsTestRunner2/netcoreapp" className="Alis.Extension.Graphic.Sdl2.Test.SdlInputConstTest" name="HatConstants_AreCorrect" />
    </UnitTest>
  </TestDefinitions>
  <TestEntries>
    <TestEntry testId="ef19360b-adcf-8254-a894-31936ae7cfc6" executionId="79263181-8db4-4f8b-9dec-b027ac982dd3" testListId="8c84fa94-04c1-424b-9868-57a2d4851a1d" />
    <TestEntry testId="fa3f4cb0-9796-d40b-2973-e9310ea2cf83" executionId="96dc2e45-d50a-4013-b8ac-2e63fec39534" testListId="8c84fa94-04c1-424b-9868-57a2d4851a1d" />
    <TestEntry testId="a3d092dc-65e5-0393-145c-7d5b19804197" executionId="a8a9b397-50e1-4340-8d58-2547399eb23e" testListId="8c84fa94-04c1-424b-9868-57a2d4851a1d" />
    <TestEntry testId="dae197d6-e231-d3b6-a4bb-2d97c2ce0139" executionId="018177f4-3249-4bf0-bfbd-035cd95bfe4e" testListId="8c84fa94-04c1-424b-9868-57a2d4851a1d" />
    <TestEntry testId="14b5941d-4dac-d5b4-bb6c-f59f99ecffa4" executionId="8337a1e6-4976-40c2-b72f-cd06a24d20ef" testListId="8c84fa94-04c1-424b-9868-57a2d4851a1d" />
    <TestEntry testId="592e5196-1d65-cbc7-cd59-e8ccb20f90dc" executionId="2de92ff0-f40e-4e5d-9138-a8de72a733dd" testListId="8c84fa94-04c1-424b-9868-57a2d4851a1d" />
    <TestEntry testId="34d7f947-f09e-3474-970d-d96e9a1a2dc9" executionId="2bef7adc-80b0-416e-aff6-01d02c6ec4cf" testListId="8c84fa94-04c1-424b-9868-57a2d4851a1d" />
    <TestEntry testId="9951ea1b-dc3f-1495-ea3f-c445f5aa2bf8" executionId="7a922b03-1c1f-43a7-81b4-42a2fae90328" testListId="8c84fa94-04c1-424b-9868-57a2d4851a1d" />
    <TestEntry testId="f8abe1da-d7d2-c556-2626-b54301c95d83" executionId="c481b341-7d0f-4d96-9f51-c683c6405c3a" testListId="8c84fa94-04c1-424b-9868-57a2d4851a1d" />
  </TestEntries>
  <TestLists>
    <TestList name="Resultados sin formato de lista" id="8c84fa94-04c1-424b-9868-57a2d4851a1d" />
    <TestList name="Todos los resultados cargados" id="19431567-8539-422a-85d7-44ee4e166bda" />
  </TestLists>
  <ResultSummary outcome="Completed">
    <Counters total="9" executed="9" passed="9" failed="0" error="0" timeout="0" aborted="0" inconclusive="0" passedButRunAborted="0" notRunnable="0" notExecuted="0" disconnected="0" warning="0" completed="0" inProgress="0" pending="0" />
    <Output>
      <StdOut>[xUnit.net 00:00:00.00] xUnit.net VSTest Adapter v2.5.6+bf9b858c26 (64-bit .NET 8.0.27)
[xUnit.net 00:00:00.03]   Discovering: Alis.Extension.Graphic.Sdl2.Test (method display = ClassAndMethod, method display options = None)
[xUnit.net 00:00:00.11]   Discovered:  Alis.Extension.Graphic.Sdl2.Test (found 551 test cases)
[xUnit.net 00:00:00.11]   Starting:    Alis.Extension.Graphic.Sdl2.Test (parallel test collections = off, stop on fail = off)
[xUnit.net 00:00:00.15]   Finished:    Alis.Extension.Graphic.Sdl2.Test
</StdOut>
    </Output>
    <CollectorDataEntries>
      <Collector agentName="MacBook-Pro-de-Pablo" uri="datacollector://microsoft/CoverletCodeCoverage/1.0" collectorDisplayName="XPlat code coverage">
        <UriAttachments>
          <UriAttachment>
            <A href="MacBook-Pro-de-Pablo/coverage.cobertura.xml"></A>
          </UriAttachment>
        </UriAttachments>
      </Collector>
    </CollectorDataEntries>
  </ResultSummary>
</TestRun>