<?xml version="1.0" encoding="utf-8"?>
<TestRun id="d36bc471-5332-49d1-91a9-171c0c2d267c" name="@MacBook-Pro-de-Pablo 2026-08-15 23:13:55" xmlns="http://microsoft.com/schemas/VisualStudio/TeamTest/2010">
  <Times creation="2026-08-15T23:13:55.5837780+01:00" queuing="2026-08-15T23:13:55.5837780+01:00" start="2026-08-15T23:13:53.5170260+01:00" finish="2026-08-15T23:13:56.1291000+01:00" />
  <TestSettings name="default" id="136d8d76-2029-4fca-a6bc-685c70122cb6">
    <Deployment runDeploymentRoot="_MacBook-Pro-de-Pablo_2026-08-15_23_13_55" />
  </TestSettings>
  <Results>
    <UnitTestResult executionId="08221a81-e5cb-47bc-b2cb-d07bc0438124" testId="2c09006a-2c26-afec-e00f-4572a1fab1d3" testName="Alis.Extension.Graphic.Sfml.Test.Windows.KeyboardContractTest.Key_Escape_ShouldHaveCorrectValue" computerName="MacBook-Pro-de-Pablo" duration="00:00:00.0000357" startTime="2026-08-15T23:13:55.5478810+01:00" endTime="2026-08-15T23:13:55.5478810+01:00" testType="13cdc9d9-ddb5-4fa4-a97d-d965ccfc6d4b" outcome="Passed" testListId="8c84fa94-04c1-424b-9868-57a2d4851a1d" relativeResultsDirectory="08221a81-e5cb-47bc-b2cb-d07bc0438124" />
    <UnitTestResult executionId="d1826049-2794-4fc1-9e02-f71127b89d32" testId="f3dbdd8d-1026-1e1a-cad1-069186d05a9c" testName="Alis.Extension.Graphic.Sfml.Test.Windows.KeyboardExecutionTests.IsKeyPressed_ExecutesWithoutThrowing" computerName="MacBook-Pro-de-Pablo" duration="00:00:00.0001009" startTime="2026-08-15T23:13:55.6034310+01:00" endTime="2026-08-15T23:13:55.6034310+01:00" testType="13cdc9d9-ddb5-4fa4-a97d-d965ccfc6d4b" outcome="Passed" testListId="8c84fa94-04c1-424b-9868-57a2d4851a1d" relativeResultsDirectory="d1826049-2794-4fc1-9e02-f71127b89d32" />
    <UnitTestResult executionId="13972c31-b5b3-474f-b471-e38c15cc7578" testId="4e3f237b-4285-a99f-a8f2-0989eb71d476" testName="Alis.Extension.Graphic.Sfml.Test.Windows.KeyboardContractTest.Key_RControl_ShouldHaveCorrectValue" computerName="MacBook-Pro-de-Pablo" duration="00:00:00.0000433" startTime="2026-08-15T23:13:55.5584050+01:00" endTime="2026-08-15T23:13:55.5584050+01:00" testType="13cdc9d9-ddb5-4fa4-a97d-d965ccfc6d4b" outcome="Passed" testListId="8c84fa94-04c1-424b-9868-57a2d4851a1d" relativeResultsDirectory="13972c31-b5b3-474f-b471-e38c15cc7578" />
    <UnitTestResult executionId="c19e8471-0051-45e1-b693-f30f6f883751" testId="9c4cc43d-72d0-3367-b0d6-92d4f7122b0f" testName="Alis.Extension.Graphic.Sfml.Test.Windows.KeyboardContractTest.Key_LAlt_ShouldHaveCorrectValue" computerName="MacBook-Pro-de-Pablo" duration="00:00:00.0017211" startTime="2026-08-15T23:13:55.5474290+01:00" endTime="2026-08-15T23:13:55.5474290+01:00" testType="13cdc9d9-ddb5-4fa4-a97d-d965ccfc6d4b" outcome="Passed" testListId="8c84fa94-04c1-424b-9868-57a2d4851a1d" relativeResultsDirectory="c19e8471-0051-45e1-b693-f30f6f883751" />
    <UnitTestResult executionId="0a7d416d-ea8c-4e4b-b557-9c6ba35e641a" testId="73dede99-f1e5-7cc7-ba7a-3f399aa76868" testName="Alis.Extension.Graphic.Sfml.Test.SfmlSmallRemainingCoverageTests.Keyboard_SetVirtualKeyboardVisible_DoesNotThrow" computerName="MacBook-Pro-de-Pablo" duration="00:00:00.0009379" startTime="2026-08-15T23:13:55.5622970+01:00" endTime="2026-08-15T23:13:55.5622970+01:00" testType="13cdc9d9-ddb5-4fa4-a97d-d965ccfc6d4b" outcome="Passed" testListId="8c84fa94-04c1-424b-9868-57a2d4851a1d" relativeResultsDirectory="0a7d416d-ea8c-4e4b-b557-9c6ba35e641a" />
    <UnitTestResult executionId="7a2b911b-80cc-452f-bdf7-8bf54019249e" testId="cffc2b72-ba46-4d49-fd0f-3f28b60cf9be" testName="Alis.Extension.Graphic.Sfml.Test.Windows.KeyboardContractTest.Key_RAlt_ShouldHaveCorrectValue" computerName="MacBook-Pro-de-Pablo" duration="00:00:00.0000198" startTime="2026-08-15T23:13:55.5592590+01:00" endTime="2026-08-15T23:13:55.5592590+01:00" testType="13cdc9d9-ddb5-4fa4-a97d-d965ccfc6d4b" outcome="Passed" testListId="8c84fa94-04c1-424b-9868-57a2d4851a1d" relativeResultsDirectory="7a2b911b-80cc-452f-bdf7-8bf54019249e" />
    <UnitTestResult executionId="c357527a-98eb-4d8f-a525-d975358e07be" testId="918d1853-b8fd-b5eb-5f6c-346e841c00fe" testName="Alis.Extension.Graphic.Sfml.Test.Windows.KeyboardContractTest.Keyboard_ShouldDefineKeyEnum" computerName="MacBook-Pro-de-Pablo" duration="00:00:00.0001466" startTime="2026-08-15T23:13:55.5589310+01:00" endTime="2026-08-15T23:13:55.5589310+01:00" testType="13cdc9d9-ddb5-4fa4-a97d-d965ccfc6d4b" outcome="Passed" testListId="8c84fa94-04c1-424b-9868-57a2d4851a1d" relativeResultsDirectory="c357527a-98eb-4d8f-a525-d975358e07be" />
    <UnitTestResult executionId="f00e6f46-f9d8-4c81-8336-3015e88d56e3" testId="f8d4d0b6-ed5c-844b-16e9-1a0c31732321" testName="Alis.Extension.Graphic.Sfml.Test.Windows.KeyboardContractTest.Key_Unknown_ShouldBeNegativeOne" computerName="MacBook-Pro-de-Pablo" duration="00:00:00.0000258" startTime="2026-08-15T23:13:55.5602250+01:00" endTime="2026-08-15T23:13:55.5602250+01:00" testType="13cdc9d9-ddb5-4fa4-a97d-d965ccfc6d4b" outcome="Passed" testListId="8c84fa94-04c1-424b-9868-57a2d4851a1d" relativeResultsDirectory="f00e6f46-f9d8-4c81-8336-3015e88d56e3" />
    <UnitTestResult executionId="13fe8f82-5f70-4adb-b711-dfbd543ba724" testId="08272ed2-dd95-013c-6a28-a7e913994555" testName="Alis.Extension.Graphic.Sfml.Test.Windows.KeyboardRemainingCoverageTests.Key_Enum_Navigation_AreSequential" computerName="MacBook-Pro-de-Pablo" duration="00:00:00.0001241" startTime="2026-08-15T23:13:55.6039700+01:00" endTime="2026-08-15T23:13:55.6039700+01:00" testType="13cdc9d9-ddb5-4fa4-a97d-d965ccfc6d4b" outcome="Passed" testListId="8c84fa94-04c1-424b-9868-57a2d4851a1d" relativeResultsDirectory="13fe8f82-5f70-4adb-b711-dfbd543ba724" />
    <UnitTestResult executionId="5173db6d-6b8b-457c-9386-9f8062a8e23e" testId="aaea0aff-2f6f-9191-66c5-1d91d4bd2745" testName="Alis.Extension.Graphic.Sfml.Test.Windows.KeyboardContractTest.Keyboard_ShouldBeStaticClass" computerName="MacBook-Pro-de-Pablo" duration="00:00:00.0016115" startTime="2026-08-15T23:13:55.5408950+01:00" endTime="2026-08-15T23:13:55.5409030+01:00" testType="13cdc9d9-ddb5-4fa4-a97d-d965ccfc6d4b" outcome="Passed" testListId="8c84fa94-04c1-424b-9868-57a2d4851a1d" relativeResultsDirectory="5173db6d-6b8b-457c-9386-9f8062a8e23e" />
    <UnitTestResult executionId="c7c46e84-c442-4246-815a-4d81a9dbdafb" testId="4bb94038-b517-502c-8b0b-fd0467eed451" testName="Alis.Extension.Graphic.Sfml.Test.SfmlSmallRemainingCoverageTests.Keyboard_IsKeyPressed_ReturnsBool" computerName="MacBook-Pro-de-Pablo" duration="00:00:00.0396378" startTime="2026-08-15T23:13:55.6028700+01:00" endTime="2026-08-15T23:13:55.6028700+01:00" testType="13cdc9d9-ddb5-4fa4-a97d-d965ccfc6d4b" outcome="Passed" testListId="8c84fa94-04c1-424b-9868-57a2d4851a1d" relativeResultsDirectory="c7c46e84-c442-4246-815a-4d81a9dbdafb" />
    <UnitTestResult executionId="2939f011-43f9-437b-99ea-f5a46d2a7608" testId="feb73d8d-18d2-dfcb-d9d4-651e6a1041d8" testName="Alis.Extension.Graphic.Sfml.Test.Windows.KeyboardRemainingCoverageTests.Key_Enum_Numbers_AreSequential" computerName="MacBook-Pro-de-Pablo" duration="00:00:00.0000267" startTime="2026-08-15T23:13:55.6043440+01:00" endTime="2026-08-15T23:13:55.6043440+01:00" testType="13cdc9d9-ddb5-4fa4-a97d-d965ccfc6d4b" outcome="Passed" testListId="8c84fa94-04c1-424b-9868-57a2d4851a1d" relativeResultsDirectory="2939f011-43f9-437b-99ea-f5a46d2a7608" />
    <UnitTestResult executionId="f6113b0f-4244-455d-9d73-d8d8dca20a22" testId="56108136-f928-7847-3624-98e4163d70dd" testName="Alis.Extension.Graphic.Sfml.Test.Windows.KeyboardRemainingCoverageTests.IsKeyPressed_WithoutNativeLibrary_Throws" computerName="MacBook-Pro-de-Pablo" duration="00:00:00.0004232" startTime="2026-08-15T23:13:55.6053300+01:00" endTime="2026-08-15T23:13:55.6053300+01:00" testType="13cdc9d9-ddb5-4fa4-a97d-d965ccfc6d4b" outcome="Passed" testListId="8c84fa94-04c1-424b-9868-57a2d4851a1d" relativeResultsDirectory="f6113b0f-4244-455d-9d73-d8d8dca20a22" />
    <UnitTestResult executionId="4762508c-5afa-419a-b644-a91270c10f75" testId="bf8fa58d-2e4c-6396-92c4-f61bf6b58ff6" testName="Alis.Extension.Graphic.Sfml.Test.Windows.KeyboardContractTest.Key_LShift_ShouldHaveCorrectValue" computerName="MacBook-Pro-de-Pablo" duration="00:00:00.0000212" startTime="2026-08-15T23:13:55.5480530+01:00" endTime="2026-08-15T23:13:55.5480530+01:00" testType="13cdc9d9-ddb5-4fa4-a97d-d965ccfc6d4b" outcome="Passed" testListId="8c84fa94-04c1-424b-9868-57a2d4851a1d" relativeResultsDirectory="4762508c-5afa-419a-b644-a91270c10f75" />
    <UnitTestResult executionId="f3b06a33-2a1f-43bd-af54-d1902011a47c" testId="87e4a8f8-44da-c82b-39b6-afad9b99df1c" testName="Alis.Extension.Graphic.Sfml.Test.Windows.KeyboardContractTest.Key_RSystem_ShouldHaveCorrectValue" computerName="MacBook-Pro-de-Pablo" duration="00:00:00.0000395" startTime="2026-08-15T23:13:55.5581460+01:00" endTime="2026-08-15T23:13:55.5581460+01:00" testType="13cdc9d9-ddb5-4fa4-a97d-d965ccfc6d4b" outcome="Passed" testListId="8c84fa94-04c1-424b-9868-57a2d4851a1d" relativeResultsDirectory="f3b06a33-2a1f-43bd-af54-d1902011a47c" />
    <UnitTestResult executionId="12b3abcc-1258-4bf2-b76f-3ea50ab58573" testId="ffa54cf3-b19d-c300-2a11-78b9772f4228" testName="Alis.Extension.Graphic.Sfml.Test.Windows.KeyboardContractTest.Key_B_ShouldBeOne" computerName="MacBook-Pro-de-Pablo" duration="00:00:00.0000174" startTime="2026-08-15T23:13:55.5488390+01:00" endTime="2026-08-15T23:13:55.5488390+01:00" testType="13cdc9d9-ddb5-4fa4-a97d-d965ccfc6d4b" outcome="Passed" testListId="8c84fa94-04c1-424b-9868-57a2d4851a1d" relativeResultsDirectory="12b3abcc-1258-4bf2-b76f-3ea50ab58573" />
    <UnitTestResult executionId="f703a8a5-762e-4fc8-a6e5-24e22fd228db" testId="526d5f42-6c76-1a8d-5887-e12d34924a9a" testName="Alis.Extension.Graphic.Sfml.Test.Windows.KeyboardRemainingCoverageTests.Key_Enum_Letters_AreSequential" computerName="MacBook-Pro-de-Pablo" duration="00:00:00.0000304" startTime="2026-08-15T23:13:55.6041610+01:00" endTime="2026-08-15T23:13:55.6041610+01:00" testType="13cdc9d9-ddb5-4fa4-a97d-d965ccfc6d4b" outcome="Passed" testListId="8c84fa94-04c1-424b-9868-57a2d4851a1d" relativeResultsDirectory="f703a8a5-762e-4fc8-a6e5-24e22fd228db" />
    <UnitTestResult executionId="38ca6c27-1445-4218-a5d5-1ab1f95096d5" testId="619350d6-ae02-28c0-2bfb-1b7f5ea7c9a5" testName="Alis.Extension.Graphic.Sfml.Test.Windows.KeyboardContractTest.AllPublicMethods_ShouldBeStatic" computerName="MacBook-Pro-de-Pablo" duration="00:00:00.0006428" startTime="2026-08-15T23:13:55.5600380+01:00" endTime="2026-08-15T23:13:55.5600380+01:00" testType="13cdc9d9-ddb5-4fa4-a97d-d965ccfc6d4b" outcome="Passed" testListId="8c84fa94-04c1-424b-9868-57a2d4851a1d" relativeResultsDirectory="38ca6c27-1445-4218-a5d5-1ab1f95096d5" />
    <UnitTestResult executionId="cf1ab5d5-d6b9-41cd-bf85-17ed7cc91478" testId="3b7c47d0-a8bb-7f38-e9c4-a5e311e280a0" testName="Alis.Extension.Graphic.Sfml.Test.Windows.KeyboardRemainingCoverageTests.SetVirtualKeyboardVisible_WithoutNativeLibrary_Throws" computerName="MacBook-Pro-de-Pablo" duration="00:00:00.0001789" startTime="2026-08-15T23:13:55.6060660+01:00" endTime="2026-08-15T23:13:55.6060660+01:00" testType="13cdc9d9-ddb5-4fa4-a97d-d965ccfc6d4b" outcome="Passed" testListId="8c84fa94-04c1-424b-9868-57a2d4851a1d" relativeResultsDirectory="cf1ab5d5-d6b9-41cd-bf85-17ed7cc91478" />
    <UnitTestResult executionId="387bf6c9-aed7-47bd-944f-30b25df76a99" testId="7d097776-33d4-23ec-e254-b8dc3f1ad0f0" testName="Alis.Extension.Graphic.Sfml.Test.Windows.KeyboardContractTest.Key_Enter_ShouldHaveCorrectValue" computerName="MacBook-Pro-de-Pablo" duration="00:00:00.0000179" startTime="2026-08-15T23:13:55.5483810+01:00" endTime="2026-08-15T23:13:55.5483810+01:00" testType="13cdc9d9-ddb5-4fa4-a97d-d965ccfc6d4b" outcome="Passed" testListId="8c84fa94-04c1-424b-9868-57a2d4851a1d" relativeResultsDirectory="387bf6c9-aed7-47bd-944f-30b25df76a99" />
    <UnitTestResult executionId="1b5b32f4-1fb6-4278-b249-3d5008f88ef5" testId="015e62a9-8a1b-62a5-f6e2-8a3fc7658a19" testName="Alis.Extension.Graphic.Sfml.Test.Windows.KeyboardRemainingCoverageTests.Key_Enum_Punctuation_AreSequential" computerName="MacBook-Pro-de-Pablo" duration="00:00:00.0000646" startTime="2026-08-15T23:13:55.6047630+01:00" endTime="2026-08-15T23:13:55.6047630+01:00" testType="13cdc9d9-ddb5-4fa4-a97d-d965ccfc6d4b" outcome="Passed" testListId="8c84fa94-04c1-424b-9868-57a2d4851a1d" relativeResultsDirectory="1b5b32f4-1fb6-4278-b249-3d5008f88ef5" />
    <UnitTestResult executionId="425e4b2f-283b-4d25-9491-22a310debf92" testId="fd176416-a46b-1b7c-6d09-74fa023973ee" testName="Alis.Extension.Graphic.Sfml.Test.Windows.KeyboardContractTest.Key_RShift_ShouldHaveCorrectValue" computerName="MacBook-Pro-de-Pablo" duration="00:00:00.0000240" startTime="2026-08-15T23:13:55.5591040+01:00" endTime="2026-08-15T23:13:55.5591040+01:00" testType="13cdc9d9-ddb5-4fa4-a97d-d965ccfc6d4b" outcome="Passed" testListId="8c84fa94-04c1-424b-9868-57a2d4851a1d" relativeResultsDirectory="425e4b2f-283b-4d25-9491-22a310debf92" />
    <UnitTestResult executionId="cebe5f3e-0dc2-488f-83f9-b620da47ab6b" testId="6d54c37f-3613-7794-8d43-09887cad3302" testName="Alis.Extension.Graphic.Sfml.Test.Windows.KeyboardContractTest.Key_A_ShouldBeZero" computerName="MacBook-Pro-de-Pablo" duration="00:00:00.0000191" startTime="2026-08-15T23:13:55.5482200+01:00" endTime="2026-08-15T23:13:55.5482200+01:00" testType="13cdc9d9-ddb5-4fa4-a97d-d965ccfc6d4b" outcome="Passed" testListId="8c84fa94-04c1-424b-9868-57a2d4851a1d" relativeResultsDirectory="cebe5f3e-0dc2-488f-83f9-b620da47ab6b" />
    <UnitTestResult executionId="58d75e17-e9ee-4f47-bcfa-4e0db5e524e9" testId="665042ad-512e-db21-c16a-e147e54dc591" testName="Alis.Extension.Graphic.Sfml.Test.Windows.KeyboardRemainingCoverageTests.Key_Enum_NumpadAndFunction_AreSequential" computerName="MacBook-Pro-de-Pablo" duration="00:00:00.0000413" startTime="2026-08-15T23:13:55.6057400+01:00" endTime="2026-08-15T23:13:55.6057400+01:00" testType="13cdc9d9-ddb5-4fa4-a97d-d965ccfc6d4b" outcome="Passed" testListId="8c84fa94-04c1-424b-9868-57a2d4851a1d" relativeResultsDirectory="58d75e17-e9ee-4f47-bcfa-4e0db5e524e9" />
    <UnitTestResult executionId="d78eb3cd-25da-499b-874d-592c54e2636a" testId="aa845e8c-5e51-7c0e-24b6-2107c0bf8609" testName="Alis.Extension.Graphic.Sfml.Test.Windows.KeyboardContractTest.Key_LControl_ShouldHaveCorrectValue" computerName="MacBook-Pro-de-Pablo" duration="00:00:00.0000173" startTime="2026-08-15T23:13:55.5485410+01:00" endTime="2026-08-15T23:13:55.5485410+01:00" testType="13cdc9d9-ddb5-4fa4-a97d-d965ccfc6d4b" outcome="Passed" testListId="8c84fa94-04c1-424b-9868-57a2d4851a1d" relativeResultsDirectory="d78eb3cd-25da-499b-874d-592c54e2636a" />
    <UnitTestResult executionId="36d09cab-51d9-4073-bfaa-33cd1cf58509" testId="19a488a9-d4ae-495c-0a6a-4fb1fc51941a" testName="Alis.Extension.Graphic.Sfml.Test.Windows.KeyboardRemainingCoverageTests.Key_Enum_ControlValues_AreSequential" computerName="MacBook-Pro-de-Pablo" duration="00:00:00.0000625" startTime="2026-08-15T23:13:55.6045540+01:00" endTime="2026-08-15T23:13:55.6045540+01:00" testType="13cdc9d9-ddb5-4fa4-a97d-d965ccfc6d4b" outcome="Passed" testListId="8c84fa94-04c1-424b-9868-57a2d4851a1d" relativeResultsDirectory="36d09cab-51d9-4073-bfaa-33cd1cf58509" />
    <UnitTestResult executionId="b050384b-9a06-462f-839d-b8ec1f6c814a" testId="b904959d-1202-84c5-db4e-fef70cce8f67" testName="Alis.Extension.Graphic.Sfml.Test.Windows.KeyboardContractTest.Key_LSystem_ShouldHaveCorrectValue" computerName="MacBook-Pro-de-Pablo" duration="00:00:00.0000410" startTime="2026-08-15T23:13:55.5586370+01:00" endTime="2026-08-15T23:13:55.5586370+01:00" testType="13cdc9d9-ddb5-4fa4-a97d-d965ccfc6d4b" outcome="Passed" testListId="8c84fa94-04c1-424b-9868-57a2d4851a1d" relativeResultsDirectory="b050384b-9a06-462f-839d-b8ec1f6c814a" />
    <UnitTestResult executionId="1840e0ca-bdcc-4cce-a2b6-c8078a950462" testId="a816548a-d1de-871c-a123-06f36c107eb4" testName="Alis.Extension.Graphic.Sfml.Test.Windows.KeyboardExecutionTests.SetVirtualKeyboardVisible_ExecutesWithoutThrowing" computerName="MacBook-Pro-de-Pablo" duration="00:00:00.0000245" startTime="2026-08-15T23:13:55.6036320+01:00" endTime="2026-08-15T23:13:55.6036320+01:00" testType="13cdc9d9-ddb5-4fa4-a97d-d965ccfc6d4b" outcome="Passed" testListId="8c84fa94-04c1-424b-9868-57a2d4851a1d" relativeResultsDirectory="1840e0ca-bdcc-4cce-a2b6-c8078a950462" />
    <UnitTestResult executionId="9c87bfa3-cfd3-425e-a836-a049a2fd709e" testId="bed6825f-dc23-0fa4-fe6c-e15cb0c1c29d" testName="Alis.Extension.Graphic.Sfml.Test.Windows.KeyboardContractTest.Key_Space_ShouldHaveCorrectValue" computerName="MacBook-Pro-de-Pablo" duration="00:00:00.0000167" startTime="2026-08-15T23:13:55.5486910+01:00" endTime="2026-08-15T23:13:55.5486910+01:00" testType="13cdc9d9-ddb5-4fa4-a97d-d965ccfc6d4b" outcome="Passed" testListId="8c84fa94-04c1-424b-9868-57a2d4851a1d" relativeResultsDirectory="9c87bfa3-cfd3-425e-a836-a049a2fd709e" />
  </Results>
  <TestDefinitions>
    <UnitTest name="Alis.Extension.Graphic.Sfml.Test.Windows.KeyboardContractTest.Key_B_ShouldBeOne" storage="/users/pabllopf/repositorios/alis/1_presentation/extension/graphic/sfml/test/bin/debug/lib/alis.extension.graphic.sfml.test.dll" id="ffa54cf3-b19d-c300-2a11-78b9772f4228">
      <Execution id="12b3abcc-1258-4bf2-b76f-3ea50ab58573" />
      <TestMethod codeBase="/Users/pabllopf/repositorios/Alis/1_Presentation/Extension/Graphic/Sfml/test/bin/Debug/lib/Alis.Extension.Graphic.Sfml.Test.dll" adapterTypeName="executor://xunit/VsTestRunner2/netcoreapp" className="Alis.Extension.Graphic.Sfml.Test.Windows.KeyboardContractTest" name="Key_B_ShouldBeOne" />
    </UnitTest>
    <UnitTest name="Alis.Extension.Graphic.Sfml.Test.Windows.KeyboardContractTest.Key_Escape_ShouldHaveCorrectValue" storage="/users/pabllopf/repositorios/alis/1_presentation/extension/graphic/sfml/test/bin/debug/lib/alis.extension.graphic.sfml.test.dll" id="2c09006a-2c26-afec-e00f-4572a1fab1d3">
      <Execution id="08221a81-e5cb-47bc-b2cb-d07bc0438124" />
      <TestMethod codeBase="/Users/pabllopf/repositorios/Alis/1_Presentation/Extension/Graphic/Sfml/test/bin/Debug/lib/Alis.Extension.Graphic.Sfml.Test.dll" adapterTypeName="executor://xunit/VsTestRunner2/netcoreapp" className="Alis.Extension.Graphic.Sfml.Test.Windows.KeyboardContractTest" name="Key_Escape_ShouldHaveCorrectValue" />
    </UnitTest>
    <UnitTest name="Alis.Extension.Graphic.Sfml.Test.Windows.KeyboardContractTest.Key_LControl_ShouldHaveCorrectValue" storage="/users/pabllopf/repositorios/alis/1_presentation/extension/graphic/sfml/test/bin/debug/lib/alis.extension.graphic.sfml.test.dll" id="aa845e8c-5e51-7c0e-24b6-2107c0bf8609">
      <Execution id="d78eb3cd-25da-499b-874d-592c54e2636a" />
      <TestMethod codeBase="/Users/pabllopf/repositorios/Alis/1_Presentation/Extension/Graphic/Sfml/test/bin/Debug/lib/Alis.Extension.Graphic.Sfml.Test.dll" adapterTypeName="executor://xunit/VsTestRunner2/netcoreapp" className="Alis.Extension.Graphic.Sfml.Test.Windows.KeyboardContractTest" name="Key_LControl_ShouldHaveCorrectValue" />
    </UnitTest>
    <UnitTest name="Alis.Extension.Graphic.Sfml.Test.Windows.KeyboardRemainingCoverageTests.SetVirtualKeyboardVisible_WithoutNativeLibrary_Throws" storage="/users/pabllopf/repositorios/alis/1_presentation/extension/graphic/sfml/test/bin/debug/lib/alis.extension.graphic.sfml.test.dll" id="3b7c47d0-a8bb-7f38-e9c4-a5e311e280a0">
      <Execution id="cf1ab5d5-d6b9-41cd-bf85-17ed7cc91478" />
      <TestMethod codeBase="/Users/pabllopf/repositorios/Alis/1_Presentation/Extension/Graphic/Sfml/test/bin/Debug/lib/Alis.Extension.Graphic.Sfml.Test.dll" adapterTypeName="executor://xunit/VsTestRunner2/netcoreapp" className="Alis.Extension.Graphic.Sfml.Test.Windows.KeyboardRemainingCoverageTests" name="SetVirtualKeyboardVisible_WithoutNativeLibrary_Throws" />
    </UnitTest>
    <UnitTest name="Alis.Extension.Graphic.Sfml.Test.Windows.KeyboardExecutionTests.SetVirtualKeyboardVisible_ExecutesWithoutThrowing" storage="/users/pabllopf/repositorios/alis/1_presentation/extension/graphic/sfml/test/bin/debug/lib/alis.extension.graphic.sfml.test.dll" id="a816548a-d1de-871c-a123-06f36c107eb4">
      <Execution id="1840e0ca-bdcc-4cce-a2b6-c8078a950462" />
      <TestMethod codeBase="/Users/pabllopf/repositorios/Alis/1_Presentation/Extension/Graphic/Sfml/test/bin/Debug/lib/Alis.Extension.Graphic.Sfml.Test.dll" adapterTypeName="executor://xunit/VsTestRunner2/netcoreapp" className="Alis.Extension.Graphic.Sfml.Test.Windows.KeyboardExecutionTests" name="SetVirtualKeyboardVisible_ExecutesWithoutThrowing" />
    </UnitTest>
    <UnitTest name="Alis.Extension.Graphic.Sfml.Test.Windows.KeyboardContractTest.Key_LAlt_ShouldHaveCorrectValue" storage="/users/pabllopf/repositorios/alis/1_presentation/extension/graphic/sfml/test/bin/debug/lib/alis.extension.graphic.sfml.test.dll" id="9c4cc43d-72d0-3367-b0d6-92d4f7122b0f">
      <Execution id="c19e8471-0051-45e1-b693-f30f6f883751" />
      <TestMethod codeBase="/Users/pabllopf/repositorios/Alis/1_Presentation/Extension/Graphic/Sfml/test/bin/Debug/lib/Alis.Extension.Graphic.Sfml.Test.dll" adapterTypeName="executor://xunit/VsTestRunner2/netcoreapp" className="Alis.Extension.Graphic.Sfml.Test.Windows.KeyboardContractTest" name="Key_LAlt_ShouldHaveCorrectValue" />
    </UnitTest>
    <UnitTest name="Alis.Extension.Graphic.Sfml.Test.Windows.KeyboardRemainingCoverageTests.Key_Enum_Punctuation_AreSequential" storage="/users/pabllopf/repositorios/alis/1_presentation/extension/graphic/sfml/test/bin/debug/lib/alis.extension.graphic.sfml.test.dll" id="015e62a9-8a1b-62a5-f6e2-8a3fc7658a19">
      <Execution id="1b5b32f4-1fb6-4278-b249-3d5008f88ef5" />
      <TestMethod codeBase="/Users/pabllopf/repositorios/Alis/1_Presentation/Extension/Graphic/Sfml/test/bin/Debug/lib/Alis.Extension.Graphic.Sfml.Test.dll" adapterTypeName="executor://xunit/VsTestRunner2/netcoreapp" className="Alis.Extension.Graphic.Sfml.Test.Windows.KeyboardRemainingCoverageTests" name="Key_Enum_Punctuation_AreSequential" />
    </UnitTest>
    <UnitTest name="Alis.Extension.Graphic.Sfml.Test.SfmlSmallRemainingCoverageTests.Keyboard_SetVirtualKeyboardVisible_DoesNotThrow" storage="/users/pabllopf/repositorios/alis/1_presentation/extension/graphic/sfml/test/bin/debug/lib/alis.extension.graphic.sfml.test.dll" id="73dede99-f1e5-7cc7-ba7a-3f399aa76868">
      <Execution id="0a7d416d-ea8c-4e4b-b557-9c6ba35e641a" />
      <TestMethod codeBase="/Users/pabllopf/repositorios/Alis/1_Presentation/Extension/Graphic/Sfml/test/bin/Debug/lib/Alis.Extension.Graphic.Sfml.Test.dll" adapterTypeName="executor://xunit/VsTestRunner2/netcoreapp" className="Alis.Extension.Graphic.Sfml.Test.SfmlSmallRemainingCoverageTests" name="Keyboard_SetVirtualKeyboardVisible_DoesNotThrow" />
    </UnitTest>
    <UnitTest name="Alis.Extension.Graphic.Sfml.Test.Windows.KeyboardContractTest.Key_Unknown_ShouldBeNegativeOne" storage="/users/pabllopf/repositorios/alis/1_presentation/extension/graphic/sfml/test/bin/debug/lib/alis.extension.graphic.sfml.test.dll" id="f8d4d0b6-ed5c-844b-16e9-1a0c31732321">
      <Execution id="f00e6f46-f9d8-4c81-8336-3015e88d56e3" />
      <TestMethod codeBase="/Users/pabllopf/repositorios/Alis/1_Presentation/Extension/Graphic/Sfml/test/bin/Debug/lib/Alis.Extension.Graphic.Sfml.Test.dll" adapterTypeName="executor://xunit/VsTestRunner2/netcoreapp" className="Alis.Extension.Graphic.Sfml.Test.Windows.KeyboardContractTest" name="Key_Unknown_ShouldBeNegativeOne" />
    </UnitTest>
    <UnitTest name="Alis.Extension.Graphic.Sfml.Test.Windows.KeyboardContractTest.AllPublicMethods_ShouldBeStatic" storage="/users/pabllopf/repositorios/alis/1_presentation/extension/graphic/sfml/test/bin/debug/lib/alis.extension.graphic.sfml.test.dll" id="619350d6-ae02-28c0-2bfb-1b7f5ea7c9a5">
      <Execution id="38ca6c27-1445-4218-a5d5-1ab1f95096d5" />
      <TestMethod codeBase="/Users/pabllopf/repositorios/Alis/1_Presentation/Extension/Graphic/Sfml/test/bin/Debug/lib/Alis.Extension.Graphic.Sfml.Test.dll" adapterTypeName="executor://xunit/VsTestRunner2/netcoreapp" className="Alis.Extension.Graphic.Sfml.Test.Windows.KeyboardContractTest" name="AllPublicMethods_ShouldBeStatic" />
    </UnitTest>
    <UnitTest name="Alis.Extension.Graphic.Sfml.Test.Windows.KeyboardExecutionTests.IsKeyPressed_ExecutesWithoutThrowing" storage="/users/pabllopf/repositorios/alis/1_presentation/extension/graphic/sfml/test/bin/debug/lib/alis.extension.graphic.sfml.test.dll" id="f3dbdd8d-1026-1e1a-cad1-069186d05a9c">
      <Execution id="d1826049-2794-4fc1-9e02-f71127b89d32" />
      <TestMethod codeBase="/Users/pabllopf/repositorios/Alis/1_Presentation/Extension/Graphic/Sfml/test/bin/Debug/lib/Alis.Extension.Graphic.Sfml.Test.dll" adapterTypeName="executor://xunit/VsTestRunner2/netcoreapp" className="Alis.Extension.Graphic.Sfml.Test.Windows.KeyboardExecutionTests" name="IsKeyPressed_ExecutesWithoutThrowing" />
    </UnitTest>
    <UnitTest name="Alis.Extension.Graphic.Sfml.Test.Windows.KeyboardRemainingCoverageTests.Key_Enum_Letters_AreSequential" storage="/users/pabllopf/repositorios/alis/1_presentation/extension/graphic/sfml/test/bin/debug/lib/alis.extension.graphic.sfml.test.dll" id="526d5f42-6c76-1a8d-5887-e12d34924a9a">
      <Execution id="f703a8a5-762e-4fc8-a6e5-24e22fd228db" />
      <TestMethod codeBase="/Users/pabllopf/repositorios/Alis/1_Presentation/Extension/Graphic/Sfml/test/bin/Debug/lib/Alis.Extension.Graphic.Sfml.Test.dll" adapterTypeName="executor://xunit/VsTestRunner2/netcoreapp" className="Alis.Extension.Graphic.Sfml.Test.Windows.KeyboardRemainingCoverageTests" name="Key_Enum_Letters_AreSequential" />
    </UnitTest>
    <UnitTest name="Alis.Extension.Graphic.Sfml.Test.Windows.KeyboardRemainingCoverageTests.IsKeyPressed_WithoutNativeLibrary_Throws" storage="/users/pabllopf/repositorios/alis/1_presentation/extension/graphic/sfml/test/bin/debug/lib/alis.extension.graphic.sfml.test.dll" id="56108136-f928-7847-3624-98e4163d70dd">
      <Execution id="f6113b0f-4244-455d-9d73-d8d8dca20a22" />
      <TestMethod codeBase="/Users/pabllopf/repositorios/Alis/1_Presentation/Extension/Graphic/Sfml/test/bin/Debug/lib/Alis.Extension.Graphic.Sfml.Test.dll" adapterTypeName="executor://xunit/VsTestRunner2/netcoreapp" className="Alis.Extension.Graphic.Sfml.Test.Windows.KeyboardRemainingCoverageTests" name="IsKeyPressed_WithoutNativeLibrary_Throws" />
    </UnitTest>
    <UnitTest name="Alis.Extension.Graphic.Sfml.Test.Windows.KeyboardRemainingCoverageTests.Key_Enum_ControlValues_AreSequential" storage="/users/pabllopf/repositorios/alis/1_presentation/extension/graphic/sfml/test/bin/debug/lib/alis.extension.graphic.sfml.test.dll" id="19a488a9-d4ae-495c-0a6a-4fb1fc51941a">
      <Execution id="36d09cab-51d9-4073-bfaa-33cd1cf58509" />
      <TestMethod codeBase="/Users/pabllopf/repositorios/Alis/1_Presentation/Extension/Graphic/Sfml/test/bin/Debug/lib/Alis.Extension.Graphic.Sfml.Test.dll" adapterTypeName="executor://xunit/VsTestRunner2/netcoreapp" className="Alis.Extension.Graphic.Sfml.Test.Windows.KeyboardRemainingCoverageTests" name="Key_Enum_ControlValues_AreSequential" />
    </UnitTest>
    <UnitTest name="Alis.Extension.Graphic.Sfml.Test.Windows.KeyboardContractTest.Key_Space_ShouldHaveCorrectValue" storage="/users/pabllopf/repositorios/alis/1_presentation/extension/graphic/sfml/test/bin/debug/lib/alis.extension.graphic.sfml.test.dll" id="bed6825f-dc23-0fa4-fe6c-e15cb0c1c29d">
      <Execution id="9c87bfa3-cfd3-425e-a836-a049a2fd709e" />
      <TestMethod codeBase="/Users/pabllopf/repositorios/Alis/1_Presentation/Extension/Graphic/Sfml/test/bin/Debug/lib/Alis.Extension.Graphic.Sfml.Test.dll" adapterTypeName="executor://xunit/VsTestRunner2/netcoreapp" className="Alis.Extension.Graphic.Sfml.Test.Windows.KeyboardContractTest" name="Key_Space_ShouldHaveCorrectValue" />
    </UnitTest>
    <UnitTest name="Alis.Extension.Graphic.Sfml.Test.Windows.KeyboardContractTest.Key_RControl_ShouldHaveCorrectValue" storage="/users/pabllopf/repositorios/alis/1_presentation/extension/graphic/sfml/test/bin/debug/lib/alis.extension.graphic.sfml.test.dll" id="4e3f237b-4285-a99f-a8f2-0989eb71d476">
      <Execution id="13972c31-b5b3-474f-b471-e38c15cc7578" />
      <TestMethod codeBase="/Users/pabllopf/repositorios/Alis/1_Presentation/Extension/Graphic/Sfml/test/bin/Debug/lib/Alis.Extension.Graphic.Sfml.Test.dll" adapterTypeName="executor://xunit/VsTestRunner2/netcoreapp" className="Alis.Extension.Graphic.Sfml.Test.Windows.KeyboardContractTest" name="Key_RControl_ShouldHaveCorrectValue" />
    </UnitTest>
    <UnitTest name="Alis.Extension.Graphic.Sfml.Test.Windows.KeyboardContractTest.Key_RShift_ShouldHaveCorrectValue" storage="/users/pabllopf/repositorios/alis/1_presentation/extension/graphic/sfml/test/bin/debug/lib/alis.extension.graphic.sfml.test.dll" id="fd176416-a46b-1b7c-6d09-74fa023973ee">
      <Execution id="425e4b2f-283b-4d25-9491-22a310debf92" />
      <TestMethod codeBase="/Users/pabllopf/repositorios/Alis/1_Presentation/Extension/Graphic/Sfml/test/bin/Debug/lib/Alis.Extension.Graphic.Sfml.Test.dll" adapterTypeName="executor://xunit/VsTestRunner2/netcoreapp" className="Alis.Extension.Graphic.Sfml.Test.Windows.KeyboardContractTest" name="Key_RShift_ShouldHaveCorrectValue" />
    </UnitTest>
    <UnitTest name="Alis.Extension.Graphic.Sfml.Test.Windows.KeyboardContractTest.Key_Enter_ShouldHaveCorrectValue" storage="/users/pabllopf/repositorios/alis/1_presentation/extension/graphic/sfml/test/bin/debug/lib/alis.extension.graphic.sfml.test.dll" id="7d097776-33d4-23ec-e254-b8dc3f1ad0f0">
      <Execution id="387bf6c9-aed7-47bd-944f-30b25df76a99" />
      <TestMethod codeBase="/Users/pabllopf/repositorios/Alis/1_Presentation/Extension/Graphic/Sfml/test/bin/Debug/lib/Alis.Extension.Graphic.Sfml.Test.dll" adapterTypeName="executor://xunit/VsTestRunner2/netcoreapp" className="Alis.Extension.Graphic.Sfml.Test.Windows.KeyboardContractTest" name="Key_Enter_ShouldHaveCorrectValue" />
    </UnitTest>
    <UnitTest name="Alis.Extension.Graphic.Sfml.Test.Windows.KeyboardContractTest.Key_RSystem_ShouldHaveCorrectValue" storage="/users/pabllopf/repositorios/alis/1_presentation/extension/graphic/sfml/test/bin/debug/lib/alis.extension.graphic.sfml.test.dll" id="87e4a8f8-44da-c82b-39b6-afad9b99df1c">
      <Execution id="f3b06a33-2a1f-43bd-af54-d1902011a47c" />
      <TestMethod codeBase="/Users/pabllopf/repositorios/Alis/1_Presentation/Extension/Graphic/Sfml/test/bin/Debug/lib/Alis.Extension.Graphic.Sfml.Test.dll" adapterTypeName="executor://xunit/VsTestRunner2/netcoreapp" className="Alis.Extension.Graphic.Sfml.Test.Windows.KeyboardContractTest" name="Key_RSystem_ShouldHaveCorrectValue" />
    </UnitTest>
    <UnitTest name="Alis.Extension.Graphic.Sfml.Test.SfmlSmallRemainingCoverageTests.Keyboard_IsKeyPressed_ReturnsBool" storage="/users/pabllopf/repositorios/alis/1_presentation/extension/graphic/sfml/test/bin/debug/lib/alis.extension.graphic.sfml.test.dll" id="4bb94038-b517-502c-8b0b-fd0467eed451">
      <Execution id="c7c46e84-c442-4246-815a-4d81a9dbdafb" />
      <TestMethod codeBase="/Users/pabllopf/repositorios/Alis/1_Presentation/Extension/Graphic/Sfml/test/bin/Debug/lib/Alis.Extension.Graphic.Sfml.Test.dll" adapterTypeName="executor://xunit/VsTestRunner2/netcoreapp" className="Alis.Extension.Graphic.Sfml.Test.SfmlSmallRemainingCoverageTests" name="Keyboard_IsKeyPressed_ReturnsBool" />
    </UnitTest>
    <UnitTest name="Alis.Extension.Graphic.Sfml.Test.Windows.KeyboardContractTest.Key_A_ShouldBeZero" storage="/users/pabllopf/repositorios/alis/1_presentation/extension/graphic/sfml/test/bin/debug/lib/alis.extension.graphic.sfml.test.dll" id="6d54c37f-3613-7794-8d43-09887cad3302">
      <Execution id="cebe5f3e-0dc2-488f-83f9-b620da47ab6b" />
      <TestMethod codeBase="/Users/pabllopf/repositorios/Alis/1_Presentation/Extension/Graphic/Sfml/test/bin/Debug/lib/Alis.Extension.Graphic.Sfml.Test.dll" adapterTypeName="executor://xunit/VsTestRunner2/netcoreapp" className="Alis.Extension.Graphic.Sfml.Test.Windows.KeyboardContractTest" name="Key_A_ShouldBeZero" />
    </UnitTest>
    <UnitTest name="Alis.Extension.Graphic.Sfml.Test.Windows.KeyboardContractTest.Key_LShift_ShouldHaveCorrectValue" storage="/users/pabllopf/repositorios/alis/1_presentation/extension/graphic/sfml/test/bin/debug/lib/alis.extension.graphic.sfml.test.dll" id="bf8fa58d-2e4c-6396-92c4-f61bf6b58ff6">
      <Execution id="4762508c-5afa-419a-b644-a91270c10f75" />
      <TestMethod codeBase="/Users/pabllopf/repositorios/Alis/1_Presentation/Extension/Graphic/Sfml/test/bin/Debug/lib/Alis.Extension.Graphic.Sfml.Test.dll" adapterTypeName="executor://xunit/VsTestRunner2/netcoreapp" className="Alis.Extension.Graphic.Sfml.Test.Windows.KeyboardContractTest" name="Key_LShift_ShouldHaveCorrectValue" />
    </UnitTest>
    <UnitTest name="Alis.Extension.Graphic.Sfml.Test.Windows.KeyboardContractTest.Keyboard_ShouldBeStaticClass" storage="/users/pabllopf/repositorios/alis/1_presentation/extension/graphic/sfml/test/bin/debug/lib/alis.extension.graphic.sfml.test.dll" id="aaea0aff-2f6f-9191-66c5-1d91d4bd2745">
      <Execution id="5173db6d-6b8b-457c-9386-9f8062a8e23e" />
      <TestMethod codeBase="/Users/pabllopf/repositorios/Alis/1_Presentation/Extension/Graphic/Sfml/test/bin/Debug/lib/Alis.Extension.Graphic.Sfml.Test.dll" adapterTypeName="executor://xunit/VsTestRunner2/netcoreapp" className="Alis.Extension.Graphic.Sfml.Test.Windows.KeyboardContractTest" name="Keyboard_ShouldBeStaticClass" />
    </UnitTest>
    <UnitTest name="Alis.Extension.Graphic.Sfml.Test.Windows.KeyboardRemainingCoverageTests.Key_Enum_Navigation_AreSequential" storage="/users/pabllopf/repositorios/alis/1_presentation/extension/graphic/sfml/test/bin/debug/lib/alis.extension.graphic.sfml.test.dll" id="08272ed2-dd95-013c-6a28-a7e913994555">
      <Execution id="13fe8f82-5f70-4adb-b711-dfbd543ba724" />
      <TestMethod codeBase="/Users/pabllopf/repositorios/Alis/1_Presentation/Extension/Graphic/Sfml/test/bin/Debug/lib/Alis.Extension.Graphic.Sfml.Test.dll" adapterTypeName="executor://xunit/VsTestRunner2/netcoreapp" className="Alis.Extension.Graphic.Sfml.Test.Windows.KeyboardRemainingCoverageTests" name="Key_Enum_Navigation_AreSequential" />
    </UnitTest>
    <UnitTest name="Alis.Extension.Graphic.Sfml.Test.Windows.KeyboardRemainingCoverageTests.Key_Enum_NumpadAndFunction_AreSequential" storage="/users/pabllopf/repositorios/alis/1_presentation/extension/graphic/sfml/test/bin/debug/lib/alis.extension.graphic.sfml.test.dll" id="665042ad-512e-db21-c16a-e147e54dc591">
      <Execution id="58d75e17-e9ee-4f47-bcfa-4e0db5e524e9" />
      <TestMethod codeBase="/Users/pabllopf/repositorios/Alis/1_Presentation/Extension/Graphic/Sfml/test/bin/Debug/lib/Alis.Extension.Graphic.Sfml.Test.dll" adapterTypeName="executor://xunit/VsTestRunner2/netcoreapp" className="Alis.Extension.Graphic.Sfml.Test.Windows.KeyboardRemainingCoverageTests" name="Key_Enum_NumpadAndFunction_AreSequential" />
    </UnitTest>
    <UnitTest name="Alis.Extension.Graphic.Sfml.Test.Windows.KeyboardContractTest.Keyboard_ShouldDefineKeyEnum" storage="/users/pabllopf/repositorios/alis/1_presentation/extension/graphic/sfml/test/bin/debug/lib/alis.extension.graphic.sfml.test.dll" id="918d1853-b8fd-b5eb-5f6c-346e841c00fe">
      <Execution id="c357527a-98eb-4d8f-a525-d975358e07be" />
      <TestMethod codeBase="/Users/pabllopf/repositorios/Alis/1_Presentation/Extension/Graphic/Sfml/test/bin/Debug/lib/Alis.Extension.Graphic.Sfml.Test.dll" adapterTypeName="executor://xunit/VsTestRunner2/netcoreapp" className="Alis.Extension.Graphic.Sfml.Test.Windows.KeyboardContractTest" name="Keyboard_ShouldDefineKeyEnum" />
    </UnitTest>
    <UnitTest name="Alis.Extension.Graphic.Sfml.Test.Windows.KeyboardContractTest.Key_LSystem_ShouldHaveCorrectValue" storage="/users/pabllopf/repositorios/alis/1_presentation/extension/graphic/sfml/test/bin/debug/lib/alis.extension.graphic.sfml.test.dll" id="b904959d-1202-84c5-db4e-fef70cce8f67">
      <Execution id="b050384b-9a06-462f-839d-b8ec1f6c814a" />
      <TestMethod codeBase="/Users/pabllopf/repositorios/Alis/1_Presentation/Extension/Graphic/Sfml/test/bin/Debug/lib/Alis.Extension.Graphic.Sfml.Test.dll" adapterTypeName="executor://xunit/VsTestRunner2/netcoreapp" className="Alis.Extension.Graphic.Sfml.Test.Windows.KeyboardContractTest" name="Key_LSystem_ShouldHaveCorrectValue" />
    </UnitTest>
    <UnitTest name="Alis.Extension.Graphic.Sfml.Test.Windows.KeyboardRemainingCoverageTests.Key_Enum_Numbers_AreSequential" storage="/users/pabllopf/repositorios/alis/1_presentation/extension/graphic/sfml/test/bin/debug/lib/alis.extension.graphic.sfml.test.dll" id="feb73d8d-18d2-dfcb-d9d4-651e6a1041d8">
      <Execution id="2939f011-43f9-437b-99ea-f5a46d2a7608" />
      <TestMethod codeBase="/Users/pabllopf/repositorios/Alis/1_Presentation/Extension/Graphic/Sfml/test/bin/Debug/lib/Alis.Extension.Graphic.Sfml.Test.dll" adapterTypeName="executor://xunit/VsTestRunner2/netcoreapp" className="Alis.Extension.Graphic.Sfml.Test.Windows.KeyboardRemainingCoverageTests" name="Key_Enum_Numbers_AreSequential" />
    </UnitTest>
    <UnitTest name="Alis.Extension.Graphic.Sfml.Test.Windows.KeyboardContractTest.Key_RAlt_ShouldHaveCorrectValue" storage="/users/pabllopf/repositorios/alis/1_presentation/extension/graphic/sfml/test/bin/debug/lib/alis.extension.graphic.sfml.test.dll" id="cffc2b72-ba46-4d49-fd0f-3f28b60cf9be">
      <Execution id="7a2b911b-80cc-452f-bdf7-8bf54019249e" />
      <TestMethod codeBase="/Users/pabllopf/repositorios/Alis/1_Presentation/Extension/Graphic/Sfml/test/bin/Debug/lib/Alis.Extension.Graphic.Sfml.Test.dll" adapterTypeName="executor://xunit/VsTestRunner2/netcoreapp" className="Alis.Extension.Graphic.Sfml.Test.Windows.KeyboardContractTest" name="Key_RAlt_ShouldHaveCorrectValue" />
    </UnitTest>
  </TestDefinitions>
  <TestEntries>
    <TestEntry testId="2c09006a-2c26-afec-e00f-4572a1fab1d3" executionId="08221a81-e5cb-47bc-b2cb-d07bc0438124" testListId="8c84fa94-04c1-424b-9868-57a2d4851a1d" />
    <TestEntry testId="f3dbdd8d-1026-1e1a-cad1-069186d05a9c" executionId="d1826049-2794-4fc1-9e02-f71127b89d32" testListId="8c84fa94-04c1-424b-9868-57a2d4851a1d" />
    <TestEntry testId="4e3f237b-4285-a99f-a8f2-0989eb71d476" executionId="13972c31-b5b3-474f-b471-e38c15cc7578" testListId="8c84fa94-04c1-424b-9868-57a2d4851a1d" />
    <TestEntry testId="9c4cc43d-72d0-3367-b0d6-92d4f7122b0f" executionId="c19e8471-0051-45e1-b693-f30f6f883751" testListId="8c84fa94-04c1-424b-9868-57a2d4851a1d" />
    <TestEntry testId="73dede99-f1e5-7cc7-ba7a-3f399aa76868" executionId="0a7d416d-ea8c-4e4b-b557-9c6ba35e641a" testListId="8c84fa94-04c1-424b-9868-57a2d4851a1d" />
    <TestEntry testId="cffc2b72-ba46-4d49-fd0f-3f28b60cf9be" executionId="7a2b911b-80cc-452f-bdf7-8bf54019249e" testListId="8c84fa94-04c1-424b-9868-57a2d4851a1d" />
    <TestEntry testId="918d1853-b8fd-b5eb-5f6c-346e841c00fe" executionId="c357527a-98eb-4d8f-a525-d975358e07be" testListId="8c84fa94-04c1-424b-9868-57a2d4851a1d" />
    <TestEntry testId="f8d4d0b6-ed5c-844b-16e9-1a0c31732321" executionId="f00e6f46-f9d8-4c81-8336-3015e88d56e3" testListId="8c84fa94-04c1-424b-9868-57a2d4851a1d" />
    <TestEntry testId="08272ed2-dd95-013c-6a28-a7e913994555" executionId="13fe8f82-5f70-4adb-b711-dfbd543ba724" testListId="8c84fa94-04c1-424b-9868-57a2d4851a1d" />
    <TestEntry testId="aaea0aff-2f6f-9191-66c5-1d91d4bd2745" executionId="5173db6d-6b8b-457c-9386-9f8062a8e23e" testListId="8c84fa94-04c1-424b-9868-57a2d4851a1d" />
    <TestEntry testId="4bb94038-b517-502c-8b0b-fd0467eed451" executionId="c7c46e84-c442-4246-815a-4d81a9dbdafb" testListId="8c84fa94-04c1-424b-9868-57a2d4851a1d" />
    <TestEntry testId="feb73d8d-18d2-dfcb-d9d4-651e6a1041d8" executionId="2939f011-43f9-437b-99ea-f5a46d2a7608" testListId="8c84fa94-04c1-424b-9868-57a2d4851a1d" />
    <TestEntry testId="56108136-f928-7847-3624-98e4163d70dd" executionId="f6113b0f-4244-455d-9d73-d8d8dca20a22" testListId="8c84fa94-04c1-424b-9868-57a2d4851a1d" />
    <TestEntry testId="bf8fa58d-2e4c-6396-92c4-f61bf6b58ff6" executionId="4762508c-5afa-419a-b644-a91270c10f75" testListId="8c84fa94-04c1-424b-9868-57a2d4851a1d" />
    <TestEntry testId="87e4a8f8-44da-c82b-39b6-afad9b99df1c" executionId="f3b06a33-2a1f-43bd-af54-d1902011a47c" testListId="8c84fa94-04c1-424b-9868-57a2d4851a1d" />
    <TestEntry testId="ffa54cf3-b19d-c300-2a11-78b9772f4228" executionId="12b3abcc-1258-4bf2-b76f-3ea50ab58573" testListId="8c84fa94-04c1-424b-9868-57a2d4851a1d" />
    <TestEntry testId="526d5f42-6c76-1a8d-5887-e12d34924a9a" executionId="f703a8a5-762e-4fc8-a6e5-24e22fd228db" testListId="8c84fa94-04c1-424b-9868-57a2d4851a1d" />
    <TestEntry testId="619350d6-ae02-28c0-2bfb-1b7f5ea7c9a5" executionId="38ca6c27-1445-4218-a5d5-1ab1f95096d5" testListId="8c84fa94-04c1-424b-9868-57a2d4851a1d" />
    <TestEntry testId="3b7c47d0-a8bb-7f38-e9c4-a5e311e280a0" executionId="cf1ab5d5-d6b9-41cd-bf85-17ed7cc91478" testListId="8c84fa94-04c1-424b-9868-57a2d4851a1d" />
    <TestEntry testId="7d097776-33d4-23ec-e254-b8dc3f1ad0f0" executionId="387bf6c9-aed7-47bd-944f-30b25df76a99" testListId="8c84fa94-04c1-424b-9868-57a2d4851a1d" />
    <TestEntry testId="015e62a9-8a1b-62a5-f6e2-8a3fc7658a19" executionId="1b5b32f4-1fb6-4278-b249-3d5008f88ef5" testListId="8c84fa94-04c1-424b-9868-57a2d4851a1d" />
    <TestEntry testId="fd176416-a46b-1b7c-6d09-74fa023973ee" executionId="425e4b2f-283b-4d25-9491-22a310debf92" testListId="8c84fa94-04c1-424b-9868-57a2d4851a1d" />
    <TestEntry testId="6d54c37f-3613-7794-8d43-09887cad3302" executionId="cebe5f3e-0dc2-488f-83f9-b620da47ab6b" testListId="8c84fa94-04c1-424b-9868-57a2d4851a1d" />
    <TestEntry testId="665042ad-512e-db21-c16a-e147e54dc591" executionId="58d75e17-e9ee-4f47-bcfa-4e0db5e524e9" testListId="8c84fa94-04c1-424b-9868-57a2d4851a1d" />
    <TestEntry testId="aa845e8c-5e51-7c0e-24b6-2107c0bf8609" executionId="d78eb3cd-25da-499b-874d-592c54e2636a" testListId="8c84fa94-04c1-424b-9868-57a2d4851a1d" />
    <TestEntry testId="19a488a9-d4ae-495c-0a6a-4fb1fc51941a" executionId="36d09cab-51d9-4073-bfaa-33cd1cf58509" testListId="8c84fa94-04c1-424b-9868-57a2d4851a1d" />
    <TestEntry testId="b904959d-1202-84c5-db4e-fef70cce8f67" executionId="b050384b-9a06-462f-839d-b8ec1f6c814a" testListId="8c84fa94-04c1-424b-9868-57a2d4851a1d" />
    <TestEntry testId="a816548a-d1de-871c-a123-06f36c107eb4" executionId="1840e0ca-bdcc-4cce-a2b6-c8078a950462" testListId="8c84fa94-04c1-424b-9868-57a2d4851a1d" />
    <TestEntry testId="bed6825f-dc23-0fa4-fe6c-e15cb0c1c29d" executionId="9c87bfa3-cfd3-425e-a836-a049a2fd709e" testListId="8c84fa94-04c1-424b-9868-57a2d4851a1d" />
  </TestEntries>
  <TestLists>
    <TestList name="Resultados sin formato de lista" id="8c84fa94-04c1-424b-9868-57a2d4851a1d" />
    <TestList name="Todos los resultados cargados" id="19431567-8539-422a-85d7-44ee4e166bda" />
  </TestLists>
  <ResultSummary outcome="Completed">
    <Counters total="29" executed="29" passed="29" failed="0" error="0" timeout="0" aborted="0" inconclusive="0" passedButRunAborted="0" notRunnable="0" notExecuted="0" disconnected="0" warning="0" completed="0" inProgress="0" pending="0" />
    <Output>
      <StdOut>[xUnit.net 00:00:00.00] xUnit.net VSTest Adapter v2.5.6+bf9b858c26 (64-bit .NET 8.0.27)
[xUnit.net 00:00:00.04]   Discovering: Alis.Extension.Graphic.Sfml.Test (method display = ClassAndMethod, method display options = None)
[xUnit.net 00:00:00.46]   Discovered:  Alis.Extension.Graphic.Sfml.Test (found 1643 test cases)
[xUnit.net 00:00:00.46]   Starting:    Alis.Extension.Graphic.Sfml.Test (parallel test collections = off, stop on fail = off)
Detected a keyboard without any keys.
Detected a keyboard without any keys.
[xUnit.net 00:00:00.56]   Finished:    Alis.Extension.Graphic.Sfml.Test
</StdOut>
    </Output>
    <CollectorDataEntries>
      <Collector agentName="MacBook-Pro-de-Pablo" uri="datacollector://microsoft/CoverletCodeCoverage/1.0" collectorDisplayName="XPlat code coverage">
        <UriAttachments>
          <UriAttachment>
            <A href="MacBook-Pro-de-Pablo/coverage.cobertura.xml"></A>
          </UriAttachment>
        </UriAttachments>
      </Collector>
    </CollectorDataEntries>
  </ResultSummary>
</TestRun>