<?xml version="1.0" encoding="utf-8"?>
<TestRun id="ef35a2dd-b931-4766-a229-3ec6eca0a7ad" name="@MacBook-Pro-de-Pablo 2026-08-15 23:09:00" xmlns="http://microsoft.com/schemas/VisualStudio/TeamTest/2010">
  <Times creation="2026-08-15T23:09:00.1745830+01:00" queuing="2026-08-15T23:09:00.1745830+01:00" start="2026-08-15T23:08:58.0932590+01:00" finish="2026-08-15T23:09:00.6185380+01:00" />
  <TestSettings name="default" id="4a722b32-705f-4698-a29e-ca823c578515">
    <Deployment runDeploymentRoot="_MacBook-Pro-de-Pablo_2026-08-15_23_09_00" />
  </TestSettings>
  <Results>
    <UnitTestResult executionId="babd26fa-ca28-4d79-b154-e3a1de4db8db" testId="ea973825-a34a-8047-ef8b-9ccadabc9f88" testName="Alis.Extension.Graphic.Sfml.Test.Windows.ClipboardTest.SetAndGetContents_EmptyString" computerName="MacBook-Pro-de-Pablo" duration="00:00:00.0043409" startTime="2026-08-15T23:09:00.1378620+01:00" endTime="2026-08-15T23:09:00.1378620+01:00" testType="13cdc9d9-ddb5-4fa4-a97d-d965ccfc6d4b" outcome="Passed" testListId="8c84fa94-04c1-424b-9868-57a2d4851a1d" relativeResultsDirectory="babd26fa-ca28-4d79-b154-e3a1de4db8db" />
    <UnitTestResult executionId="0e1c71b7-e9ce-4d1b-8152-258ac4692660" testId="5a50681a-4f74-ba43-c630-12785f4b0212" testName="Alis.Extension.Graphic.Sfml.Test.Windows.ClipboardExecutionTests.Contents_Get_ReturnsNonNullString" computerName="MacBook-Pro-de-Pablo" duration="00:00:00.0000575" startTime="2026-08-15T23:09:00.1565730+01:00" endTime="2026-08-15T23:09:00.1565730+01:00" testType="13cdc9d9-ddb5-4fa4-a97d-d965ccfc6d4b" outcome="Passed" testListId="8c84fa94-04c1-424b-9868-57a2d4851a1d" relativeResultsDirectory="0e1c71b7-e9ce-4d1b-8152-258ac4692660" />
    <UnitTestResult executionId="abda08f5-1551-42dc-9278-431fd4ec84b6" testId="1a1074b9-955a-cb97-98a3-831ad6b9c7dc" testName="Alis.Extension.Graphic.Sfml.Test.Windows.ClipboardTest.Contents_Property_Has_Getter_And_Setter" computerName="MacBook-Pro-de-Pablo" duration="00:00:00.0000545" startTime="2026-08-15T23:09:00.1540750+01:00" endTime="2026-08-15T23:09:00.1540750+01:00" testType="13cdc9d9-ddb5-4fa4-a97d-d965ccfc6d4b" outcome="Passed" testListId="8c84fa94-04c1-424b-9868-57a2d4851a1d" relativeResultsDirectory="abda08f5-1551-42dc-9278-431fd4ec84b6" />
    <UnitTestResult executionId="f36cb684-2d13-4ec4-a1e4-5b22eb5d1898" testId="905b08a6-22c7-b50a-c207-6e69c930e195" testName="Alis.Extension.Graphic.Sfml.Test.Windows.ClipboardTest.Contents_Setter_WithoutNativeLibrary_Throws" computerName="MacBook-Pro-de-Pablo" duration="00:00:00.0002839" startTime="2026-08-15T23:09:00.1538560+01:00" endTime="2026-08-15T23:09:00.1538570+01:00" testType="13cdc9d9-ddb5-4fa4-a97d-d965ccfc6d4b" outcome="Passed" testListId="8c84fa94-04c1-424b-9868-57a2d4851a1d" relativeResultsDirectory="f36cb684-2d13-4ec4-a1e4-5b22eb5d1898" />
    <UnitTestResult executionId="a6cf314b-b773-4569-b502-1157d3d1e093" testId="aff4ca5d-dc08-4e78-0aa3-6be80c86bef4" testName="Alis.Extension.Graphic.Sfml.Test.Windows.ClipboardTest.SetAndGetContents_RoundTrip" computerName="MacBook-Pro-de-Pablo" duration="00:00:00.0005401" startTime="2026-08-15T23:09:00.1533180+01:00" endTime="2026-08-15T23:09:00.1533180+01:00" testType="13cdc9d9-ddb5-4fa4-a97d-d965ccfc6d4b" outcome="Passed" testListId="8c84fa94-04c1-424b-9868-57a2d4851a1d" relativeResultsDirectory="a6cf314b-b773-4569-b502-1157d3d1e093" />
    <UnitTestResult executionId="b39e9f72-764e-4e9f-8405-bbdd3193a65b" testId="06fc2bb4-c47d-75b0-8709-efb196a84603" testName="Alis.Extension.Graphic.Sfml.Test.Windows.ClipboardTest.Contents_Property_Type_Is_String" computerName="MacBook-Pro-de-Pablo" duration="00:00:00.0017965" startTime="2026-08-15T23:09:00.1412580+01:00" endTime="2026-08-15T23:09:00.1412580+01:00" testType="13cdc9d9-ddb5-4fa4-a97d-d965ccfc6d4b" outcome="Passed" testListId="8c84fa94-04c1-424b-9868-57a2d4851a1d" relativeResultsDirectory="b39e9f72-764e-4e9f-8405-bbdd3193a65b" />
    <UnitTestResult executionId="2961608e-c194-4b0d-83ed-cba777627300" testId="acb480fe-2174-6130-6302-358c85de14bd" testName="Alis.Extension.Graphic.Sfml.Test.Windows.ClipboardTest.SfClipboard_setUnicodeString_DllImport_Exists" computerName="MacBook-Pro-de-Pablo" duration="00:00:00.0000829" startTime="2026-08-15T23:09:00.1435640+01:00" endTime="2026-08-15T23:09:00.1435640+01:00" testType="13cdc9d9-ddb5-4fa4-a97d-d965ccfc6d4b" outcome="Passed" testListId="8c84fa94-04c1-424b-9868-57a2d4851a1d" relativeResultsDirectory="2961608e-c194-4b0d-83ed-cba777627300" />
    <UnitTestResult executionId="69bac40c-61c0-4462-92d6-f63ae93141c4" testId="efd51739-57e7-1e74-068c-062334cf5f42" testName="Alis.Extension.Graphic.Sfml.Test.Windows.ClipboardTest.GetContents_ReturnsString" computerName="MacBook-Pro-de-Pablo" duration="00:00:00.0000567" startTime="2026-08-15T23:09:00.1542810+01:00" endTime="2026-08-15T23:09:00.1542810+01:00" testType="13cdc9d9-ddb5-4fa4-a97d-d965ccfc6d4b" outcome="Passed" testListId="8c84fa94-04c1-424b-9868-57a2d4851a1d" relativeResultsDirectory="69bac40c-61c0-4462-92d6-f63ae93141c4" />
    <UnitTestResult executionId="2a483748-0755-4357-8e16-e7f7727fcfcd" testId="301e12ed-527a-108d-632f-b41bb7a69f87" testName="Alis.Extension.Graphic.Sfml.Test.Windows.ClipboardTest.SfClipboard_getUnicodeString_DllImport_Exists" computerName="MacBook-Pro-de-Pablo" duration="00:00:00.0000905" startTime="2026-08-15T23:09:00.1417670+01:00" endTime="2026-08-15T23:09:00.1417670+01:00" testType="13cdc9d9-ddb5-4fa4-a97d-d965ccfc6d4b" outcome="Passed" testListId="8c84fa94-04c1-424b-9868-57a2d4851a1d" relativeResultsDirectory="2a483748-0755-4357-8e16-e7f7727fcfcd" />
    <UnitTestResult executionId="7e938b92-31e8-44e3-a47e-a78bc2824d6a" testId="069c1a44-b6af-504c-c55b-b9bdf2851f20" testName="Alis.Extension.Graphic.Sfml.Test.Windows.ClipboardTest.SetAndGetContents_LongString" computerName="MacBook-Pro-de-Pablo" duration="00:00:00.0013823" startTime="2026-08-15T23:09:00.1433020+01:00" endTime="2026-08-15T23:09:00.1433020+01:00" testType="13cdc9d9-ddb5-4fa4-a97d-d965ccfc6d4b" outcome="Passed" testListId="8c84fa94-04c1-424b-9868-57a2d4851a1d" relativeResultsDirectory="7e938b92-31e8-44e3-a47e-a78bc2824d6a" />
    <UnitTestResult executionId="a5c5f5f3-023a-4746-9c6f-8c485c1682fe" testId="cf1e2673-c482-fb28-037c-a32cd34e3732" testName="Alis.Extension.Graphic.Sfml.Test.Windows.ClipboardTest.Clipboard_IsStaticClass" computerName="MacBook-Pro-de-Pablo" duration="00:00:00.0000887" startTime="2026-08-15T23:09:00.1415280+01:00" endTime="2026-08-15T23:09:00.1415280+01:00" testType="13cdc9d9-ddb5-4fa4-a97d-d965ccfc6d4b" outcome="Passed" testListId="8c84fa94-04c1-424b-9868-57a2d4851a1d" relativeResultsDirectory="a5c5f5f3-023a-4746-9c6f-8c485c1682fe" />
    <UnitTestResult executionId="f1f2f13a-bd83-4a39-b1d9-967f650bd212" testId="b2f1a355-2774-b312-ab55-0fd602118379" testName="Alis.Extension.Graphic.Sfml.Test.Windows.ClipboardTest.SetAndGetContents_UnicodeText" computerName="MacBook-Pro-de-Pablo" duration="00:00:00.0004567" startTime="2026-08-15T23:09:00.1392630+01:00" endTime="2026-08-15T23:09:00.1392630+01:00" testType="13cdc9d9-ddb5-4fa4-a97d-d965ccfc6d4b" outcome="Passed" testListId="8c84fa94-04c1-424b-9868-57a2d4851a1d" relativeResultsDirectory="f1f2f13a-bd83-4a39-b1d9-967f650bd212" />
    <UnitTestResult executionId="66155f83-6cb2-4771-b12e-e75a0144e055" testId="59bedfee-b30a-5eba-49e3-6f574372de13" testName="Alis.Extension.Graphic.Sfml.Test.Windows.ClipboardTest.Contents_Property_Exists" computerName="MacBook-Pro-de-Pablo" duration="00:00:00.0000388" startTime="2026-08-15T23:09:00.1544600+01:00" endTime="2026-08-15T23:09:00.1544600+01:00" testType="13cdc9d9-ddb5-4fa4-a97d-d965ccfc6d4b" outcome="Passed" testListId="8c84fa94-04c1-424b-9868-57a2d4851a1d" relativeResultsDirectory="66155f83-6cb2-4771-b12e-e75a0144e055" />
    <UnitTestResult executionId="424bef22-2ee7-4dfc-bece-05d39d92ba6f" testId="cd51acde-522c-c670-f709-f6b43583ae81" testName="Alis.Extension.Graphic.Sfml.Test.Windows.ClipboardTest.Contents_Getter_WithoutNativeLibrary_Throws" computerName="MacBook-Pro-de-Pablo" duration="00:00:00.0014552" startTime="2026-08-15T23:09:00.1298500+01:00" endTime="2026-08-15T23:09:00.1298580+01:00" testType="13cdc9d9-ddb5-4fa4-a97d-d965ccfc6d4b" outcome="Passed" testListId="8c84fa94-04c1-424b-9868-57a2d4851a1d" relativeResultsDirectory="424bef22-2ee7-4dfc-bece-05d39d92ba6f" />
    <UnitTestResult executionId="80d0c284-eb30-4d0d-8b0d-12b7fd467b63" testId="e00b9fa1-49c9-c4e6-e709-84a8532a946e" testName="Alis.Extension.Graphic.Sfml.Test.Windows.ClipboardExecutionTests.Contents_SetThenGet_RoundTripsAndRestores" computerName="MacBook-Pro-de-Pablo" duration="00:00:00.0008169" startTime="2026-08-15T23:09:00.1563530+01:00" endTime="2026-08-15T23:09:00.1563530+01:00" testType="13cdc9d9-ddb5-4fa4-a97d-d965ccfc6d4b" outcome="Passed" testListId="8c84fa94-04c1-424b-9868-57a2d4851a1d" relativeResultsDirectory="80d0c284-eb30-4d0d-8b0d-12b7fd467b63" />
    <UnitTestResult executionId="8086c5f7-faa6-45f8-ac55-179eb0755e94" testId="ec2e2f34-009b-9461-0791-24353aaea9e6" testName="Alis.Extension.Graphic.Sfml.Test.Windows.ClipboardTest.SetContents_DoesNotThrow" computerName="MacBook-Pro-de-Pablo" duration="00:00:00.0003333" startTime="2026-08-15T23:09:00.1386120+01:00" endTime="2026-08-15T23:09:00.1386120+01:00" testType="13cdc9d9-ddb5-4fa4-a97d-d965ccfc6d4b" outcome="Passed" testListId="8c84fa94-04c1-424b-9868-57a2d4851a1d" relativeResultsDirectory="8086c5f7-faa6-45f8-ac55-179eb0755e94" />
  </Results>
  <TestDefinitions>
    <UnitTest name="Alis.Extension.Graphic.Sfml.Test.Windows.ClipboardTest.SfClipboard_setUnicodeString_DllImport_Exists" storage="/users/pabllopf/repositorios/alis/1_presentation/extension/graphic/sfml/test/bin/debug/lib/alis.extension.graphic.sfml.test.dll" id="acb480fe-2174-6130-6302-358c85de14bd">
      <Execution id="2961608e-c194-4b0d-83ed-cba777627300" />
      <TestMethod codeBase="/Users/pabllopf/repositorios/Alis/1_Presentation/Extension/Graphic/Sfml/test/bin/Debug/lib/Alis.Extension.Graphic.Sfml.Test.dll" adapterTypeName="executor://xunit/VsTestRunner2/netcoreapp" className="Alis.Extension.Graphic.Sfml.Test.Windows.ClipboardTest" name="SfClipboard_setUnicodeString_DllImport_Exists" />
    </UnitTest>
    <UnitTest name="Alis.Extension.Graphic.Sfml.Test.Windows.ClipboardTest.Contents_Property_Exists" storage="/users/pabllopf/repositorios/alis/1_presentation/extension/graphic/sfml/test/bin/debug/lib/alis.extension.graphic.sfml.test.dll" id="59bedfee-b30a-5eba-49e3-6f574372de13">
      <Execution id="66155f83-6cb2-4771-b12e-e75a0144e055" />
      <TestMethod codeBase="/Users/pabllopf/repositorios/Alis/1_Presentation/Extension/Graphic/Sfml/test/bin/Debug/lib/Alis.Extension.Graphic.Sfml.Test.dll" adapterTypeName="executor://xunit/VsTestRunner2/netcoreapp" className="Alis.Extension.Graphic.Sfml.Test.Windows.ClipboardTest" name="Contents_Property_Exists" />
    </UnitTest>
    <UnitTest name="Alis.Extension.Graphic.Sfml.Test.Windows.ClipboardTest.SetContents_DoesNotThrow" storage="/users/pabllopf/repositorios/alis/1_presentation/extension/graphic/sfml/test/bin/debug/lib/alis.extension.graphic.sfml.test.dll" id="ec2e2f34-009b-9461-0791-24353aaea9e6">
      <Execution id="8086c5f7-faa6-45f8-ac55-179eb0755e94" />
      <TestMethod codeBase="/Users/pabllopf/repositorios/Alis/1_Presentation/Extension/Graphic/Sfml/test/bin/Debug/lib/Alis.Extension.Graphic.Sfml.Test.dll" adapterTypeName="executor://xunit/VsTestRunner2/netcoreapp" className="Alis.Extension.Graphic.Sfml.Test.Windows.ClipboardTest" name="SetContents_DoesNotThrow" />
    </UnitTest>
    <UnitTest name="Alis.Extension.Graphic.Sfml.Test.Windows.ClipboardTest.SfClipboard_getUnicodeString_DllImport_Exists" storage="/users/pabllopf/repositorios/alis/1_presentation/extension/graphic/sfml/test/bin/debug/lib/alis.extension.graphic.sfml.test.dll" id="301e12ed-527a-108d-632f-b41bb7a69f87">
      <Execution id="2a483748-0755-4357-8e16-e7f7727fcfcd" />
      <TestMethod codeBase="/Users/pabllopf/repositorios/Alis/1_Presentation/Extension/Graphic/Sfml/test/bin/Debug/lib/Alis.Extension.Graphic.Sfml.Test.dll" adapterTypeName="executor://xunit/VsTestRunner2/netcoreapp" className="Alis.Extension.Graphic.Sfml.Test.Windows.ClipboardTest" name="SfClipboard_getUnicodeString_DllImport_Exists" />
    </UnitTest>
    <UnitTest name="Alis.Extension.Graphic.Sfml.Test.Windows.ClipboardTest.Contents_Getter_WithoutNativeLibrary_Throws" storage="/users/pabllopf/repositorios/alis/1_presentation/extension/graphic/sfml/test/bin/debug/lib/alis.extension.graphic.sfml.test.dll" id="cd51acde-522c-c670-f709-f6b43583ae81">
      <Execution id="424bef22-2ee7-4dfc-bece-05d39d92ba6f" />
      <TestMethod codeBase="/Users/pabllopf/repositorios/Alis/1_Presentation/Extension/Graphic/Sfml/test/bin/Debug/lib/Alis.Extension.Graphic.Sfml.Test.dll" adapterTypeName="executor://xunit/VsTestRunner2/netcoreapp" className="Alis.Extension.Graphic.Sfml.Test.Windows.ClipboardTest" name="Contents_Getter_WithoutNativeLibrary_Throws" />
    </UnitTest>
    <UnitTest name="Alis.Extension.Graphic.Sfml.Test.Windows.ClipboardTest.SetAndGetContents_RoundTrip" storage="/users/pabllopf/repositorios/alis/1_presentation/extension/graphic/sfml/test/bin/debug/lib/alis.extension.graphic.sfml.test.dll" id="aff4ca5d-dc08-4e78-0aa3-6be80c86bef4">
      <Execution id="a6cf314b-b773-4569-b502-1157d3d1e093" />
      <TestMethod codeBase="/Users/pabllopf/repositorios/Alis/1_Presentation/Extension/Graphic/Sfml/test/bin/Debug/lib/Alis.Extension.Graphic.Sfml.Test.dll" adapterTypeName="executor://xunit/VsTestRunner2/netcoreapp" className="Alis.Extension.Graphic.Sfml.Test.Windows.ClipboardTest" name="SetAndGetContents_RoundTrip" />
    </UnitTest>
    <UnitTest name="Alis.Extension.Graphic.Sfml.Test.Windows.ClipboardTest.SetAndGetContents_UnicodeText" storage="/users/pabllopf/repositorios/alis/1_presentation/extension/graphic/sfml/test/bin/debug/lib/alis.extension.graphic.sfml.test.dll" id="b2f1a355-2774-b312-ab55-0fd602118379">
      <Execution id="f1f2f13a-bd83-4a39-b1d9-967f650bd212" />
      <TestMethod codeBase="/Users/pabllopf/repositorios/Alis/1_Presentation/Extension/Graphic/Sfml/test/bin/Debug/lib/Alis.Extension.Graphic.Sfml.Test.dll" adapterTypeName="executor://xunit/VsTestRunner2/netcoreapp" className="Alis.Extension.Graphic.Sfml.Test.Windows.ClipboardTest" name="SetAndGetContents_UnicodeText" />
    </UnitTest>
    <UnitTest name="Alis.Extension.Graphic.Sfml.Test.Windows.ClipboardTest.Contents_Setter_WithoutNativeLibrary_Throws" storage="/users/pabllopf/repositorios/alis/1_presentation/extension/graphic/sfml/test/bin/debug/lib/alis.extension.graphic.sfml.test.dll" id="905b08a6-22c7-b50a-c207-6e69c930e195">
      <Execution id="f36cb684-2d13-4ec4-a1e4-5b22eb5d1898" />
      <TestMethod codeBase="/Users/pabllopf/repositorios/Alis/1_Presentation/Extension/Graphic/Sfml/test/bin/Debug/lib/Alis.Extension.Graphic.Sfml.Test.dll" adapterTypeName="executor://xunit/VsTestRunner2/netcoreapp" className="Alis.Extension.Graphic.Sfml.Test.Windows.ClipboardTest" name="Contents_Setter_WithoutNativeLibrary_Throws" />
    </UnitTest>
    <UnitTest name="Alis.Extension.Graphic.Sfml.Test.Windows.ClipboardExecutionTests.Contents_Get_ReturnsNonNullString" storage="/users/pabllopf/repositorios/alis/1_presentation/extension/graphic/sfml/test/bin/debug/lib/alis.extension.graphic.sfml.test.dll" id="5a50681a-4f74-ba43-c630-12785f4b0212">
      <Execution id="0e1c71b7-e9ce-4d1b-8152-258ac4692660" />
      <TestMethod codeBase="/Users/pabllopf/repositorios/Alis/1_Presentation/Extension/Graphic/Sfml/test/bin/Debug/lib/Alis.Extension.Graphic.Sfml.Test.dll" adapterTypeName="executor://xunit/VsTestRunner2/netcoreapp" className="Alis.Extension.Graphic.Sfml.Test.Windows.ClipboardExecutionTests" name="Contents_Get_ReturnsNonNullString" />
    </UnitTest>
    <UnitTest name="Alis.Extension.Graphic.Sfml.Test.Windows.ClipboardTest.SetAndGetContents_LongString" storage="/users/pabllopf/repositorios/alis/1_presentation/extension/graphic/sfml/test/bin/debug/lib/alis.extension.graphic.sfml.test.dll" id="069c1a44-b6af-504c-c55b-b9bdf2851f20">
      <Execution id="7e938b92-31e8-44e3-a47e-a78bc2824d6a" />
      <TestMethod codeBase="/Users/pabllopf/repositorios/Alis/1_Presentation/Extension/Graphic/Sfml/test/bin/Debug/lib/Alis.Extension.Graphic.Sfml.Test.dll" adapterTypeName="executor://xunit/VsTestRunner2/netcoreapp" className="Alis.Extension.Graphic.Sfml.Test.Windows.ClipboardTest" name="SetAndGetContents_LongString" />
    </UnitTest>
    <UnitTest name="Alis.Extension.Graphic.Sfml.Test.Windows.ClipboardTest.GetContents_ReturnsString" storage="/users/pabllopf/repositorios/alis/1_presentation/extension/graphic/sfml/test/bin/debug/lib/alis.extension.graphic.sfml.test.dll" id="efd51739-57e7-1e74-068c-062334cf5f42">
      <Execution id="69bac40c-61c0-4462-92d6-f63ae93141c4" />
      <TestMethod codeBase="/Users/pabllopf/repositorios/Alis/1_Presentation/Extension/Graphic/Sfml/test/bin/Debug/lib/Alis.Extension.Graphic.Sfml.Test.dll" adapterTypeName="executor://xunit/VsTestRunner2/netcoreapp" className="Alis.Extension.Graphic.Sfml.Test.Windows.ClipboardTest" name="GetContents_ReturnsString" />
    </UnitTest>
    <UnitTest name="Alis.Extension.Graphic.Sfml.Test.Windows.ClipboardTest.Contents_Property_Type_Is_String" storage="/users/pabllopf/repositorios/alis/1_presentation/extension/graphic/sfml/test/bin/debug/lib/alis.extension.graphic.sfml.test.dll" id="06fc2bb4-c47d-75b0-8709-efb196a84603">
      <Execution id="b39e9f72-764e-4e9f-8405-bbdd3193a65b" />
      <TestMethod codeBase="/Users/pabllopf/repositorios/Alis/1_Presentation/Extension/Graphic/Sfml/test/bin/Debug/lib/Alis.Extension.Graphic.Sfml.Test.dll" adapterTypeName="executor://xunit/VsTestRunner2/netcoreapp" className="Alis.Extension.Graphic.Sfml.Test.Windows.ClipboardTest" name="Contents_Property_Type_Is_String" />
    </UnitTest>
    <UnitTest name="Alis.Extension.Graphic.Sfml.Test.Windows.ClipboardTest.SetAndGetContents_EmptyString" storage="/users/pabllopf/repositorios/alis/1_presentation/extension/graphic/sfml/test/bin/debug/lib/alis.extension.graphic.sfml.test.dll" id="ea973825-a34a-8047-ef8b-9ccadabc9f88">
      <Execution id="babd26fa-ca28-4d79-b154-e3a1de4db8db" />
      <TestMethod codeBase="/Users/pabllopf/repositorios/Alis/1_Presentation/Extension/Graphic/Sfml/test/bin/Debug/lib/Alis.Extension.Graphic.Sfml.Test.dll" adapterTypeName="executor://xunit/VsTestRunner2/netcoreapp" className="Alis.Extension.Graphic.Sfml.Test.Windows.ClipboardTest" name="SetAndGetContents_EmptyString" />
    </UnitTest>
    <UnitTest name="Alis.Extension.Graphic.Sfml.Test.Windows.ClipboardExecutionTests.Contents_SetThenGet_RoundTripsAndRestores" storage="/users/pabllopf/repositorios/alis/1_presentation/extension/graphic/sfml/test/bin/debug/lib/alis.extension.graphic.sfml.test.dll" id="e00b9fa1-49c9-c4e6-e709-84a8532a946e">
      <Execution id="80d0c284-eb30-4d0d-8b0d-12b7fd467b63" />
      <TestMethod codeBase="/Users/pabllopf/repositorios/Alis/1_Presentation/Extension/Graphic/Sfml/test/bin/Debug/lib/Alis.Extension.Graphic.Sfml.Test.dll" adapterTypeName="executor://xunit/VsTestRunner2/netcoreapp" className="Alis.Extension.Graphic.Sfml.Test.Windows.ClipboardExecutionTests" name="Contents_SetThenGet_RoundTripsAndRestores" />
    </UnitTest>
    <UnitTest name="Alis.Extension.Graphic.Sfml.Test.Windows.ClipboardTest.Clipboard_IsStaticClass" storage="/users/pabllopf/repositorios/alis/1_presentation/extension/graphic/sfml/test/bin/debug/lib/alis.extension.graphic.sfml.test.dll" id="cf1e2673-c482-fb28-037c-a32cd34e3732">
      <Execution id="a5c5f5f3-023a-4746-9c6f-8c485c1682fe" />
      <TestMethod codeBase="/Users/pabllopf/repositorios/Alis/1_Presentation/Extension/Graphic/Sfml/test/bin/Debug/lib/Alis.Extension.Graphic.Sfml.Test.dll" adapterTypeName="executor://xunit/VsTestRunner2/netcoreapp" className="Alis.Extension.Graphic.Sfml.Test.Windows.ClipboardTest" name="Clipboard_IsStaticClass" />
    </UnitTest>
    <UnitTest name="Alis.Extension.Graphic.Sfml.Test.Windows.ClipboardTest.Contents_Property_Has_Getter_And_Setter" storage="/users/pabllopf/repositorios/alis/1_presentation/extension/graphic/sfml/test/bin/debug/lib/alis.extension.graphic.sfml.test.dll" id="1a1074b9-955a-cb97-98a3-831ad6b9c7dc">
      <Execution id="abda08f5-1551-42dc-9278-431fd4ec84b6" />
      <TestMethod codeBase="/Users/pabllopf/repositorios/Alis/1_Presentation/Extension/Graphic/Sfml/test/bin/Debug/lib/Alis.Extension.Graphic.Sfml.Test.dll" adapterTypeName="executor://xunit/VsTestRunner2/netcoreapp" className="Alis.Extension.Graphic.Sfml.Test.Windows.ClipboardTest" name="Contents_Property_Has_Getter_And_Setter" />
    </UnitTest>
  </TestDefinitions>
  <TestEntries>
    <TestEntry testId="ea973825-a34a-8047-ef8b-9ccadabc9f88" executionId="babd26fa-ca28-4d79-b154-e3a1de4db8db" testListId="8c84fa94-04c1-424b-9868-57a2d4851a1d" />
    <TestEntry testId="5a50681a-4f74-ba43-c630-12785f4b0212" executionId="0e1c71b7-e9ce-4d1b-8152-258ac4692660" testListId="8c84fa94-04c1-424b-9868-57a2d4851a1d" />
    <TestEntry testId="1a1074b9-955a-cb97-98a3-831ad6b9c7dc" executionId="abda08f5-1551-42dc-9278-431fd4ec84b6" testListId="8c84fa94-04c1-424b-9868-57a2d4851a1d" />
    <TestEntry testId="905b08a6-22c7-b50a-c207-6e69c930e195" executionId="f36cb684-2d13-4ec4-a1e4-5b22eb5d1898" testListId="8c84fa94-04c1-424b-9868-57a2d4851a1d" />
    <TestEntry testId="aff4ca5d-dc08-4e78-0aa3-6be80c86bef4" executionId="a6cf314b-b773-4569-b502-1157d3d1e093" testListId="8c84fa94-04c1-424b-9868-57a2d4851a1d" />
    <TestEntry testId="06fc2bb4-c47d-75b0-8709-efb196a84603" executionId="b39e9f72-764e-4e9f-8405-bbdd3193a65b" testListId="8c84fa94-04c1-424b-9868-57a2d4851a1d" />
    <TestEntry testId="acb480fe-2174-6130-6302-358c85de14bd" executionId="2961608e-c194-4b0d-83ed-cba777627300" testListId="8c84fa94-04c1-424b-9868-57a2d4851a1d" />
    <TestEntry testId="efd51739-57e7-1e74-068c-062334cf5f42" executionId="69bac40c-61c0-4462-92d6-f63ae93141c4" testListId="8c84fa94-04c1-424b-9868-57a2d4851a1d" />
    <TestEntry testId="301e12ed-527a-108d-632f-b41bb7a69f87" executionId="2a483748-0755-4357-8e16-e7f7727fcfcd" testListId="8c84fa94-04c1-424b-9868-57a2d4851a1d" />
    <TestEntry testId="069c1a44-b6af-504c-c55b-b9bdf2851f20" executionId="7e938b92-31e8-44e3-a47e-a78bc2824d6a" testListId="8c84fa94-04c1-424b-9868-57a2d4851a1d" />
    <TestEntry testId="cf1e2673-c482-fb28-037c-a32cd34e3732" executionId="a5c5f5f3-023a-4746-9c6f-8c485c1682fe" testListId="8c84fa94-04c1-424b-9868-57a2d4851a1d" />
    <TestEntry testId="b2f1a355-2774-b312-ab55-0fd602118379" executionId="f1f2f13a-bd83-4a39-b1d9-967f650bd212" testListId="8c84fa94-04c1-424b-9868-57a2d4851a1d" />
    <TestEntry testId="59bedfee-b30a-5eba-49e3-6f574372de13" executionId="66155f83-6cb2-4771-b12e-e75a0144e055" testListId="8c84fa94-04c1-424b-9868-57a2d4851a1d" />
    <TestEntry testId="cd51acde-522c-c670-f709-f6b43583ae81" executionId="424bef22-2ee7-4dfc-bece-05d39d92ba6f" testListId="8c84fa94-04c1-424b-9868-57a2d4851a1d" />
    <TestEntry testId="e00b9fa1-49c9-c4e6-e709-84a8532a946e" executionId="80d0c284-eb30-4d0d-8b0d-12b7fd467b63" testListId="8c84fa94-04c1-424b-9868-57a2d4851a1d" />
    <TestEntry testId="ec2e2f34-009b-9461-0791-24353aaea9e6" executionId="8086c5f7-faa6-45f8-ac55-179eb0755e94" testListId="8c84fa94-04c1-424b-9868-57a2d4851a1d" />
  </TestEntries>
  <TestLists>
    <TestList name="Resultados sin formato de lista" id="8c84fa94-04c1-424b-9868-57a2d4851a1d" />
    <TestList name="Todos los resultados cargados" id="19431567-8539-422a-85d7-44ee4e166bda" />
  </TestLists>
  <ResultSummary outcome="Completed">
    <Counters total="16" executed="16" passed="16" failed="0" error="0" timeout="0" aborted="0" inconclusive="0" passedButRunAborted="0" notRunnable="0" notExecuted="0" disconnected="0" warning="0" completed="0" inProgress="0" pending="0" />
    <Output>
      <StdOut>[xUnit.net 00:00:00.00] xUnit.net VSTest Adapter v2.5.6+bf9b858c26 (64-bit .NET 8.0.27)
[xUnit.net 00:00:00.04]   Discovering: Alis.Extension.Graphic.Sfml.Test (method display = ClassAndMethod, method display options = None)
[xUnit.net 00:00:00.39]   Discovered:  Alis.Extension.Graphic.Sfml.Test (found 1651 test cases)
[xUnit.net 00:00:00.40]   Starting:    Alis.Extension.Graphic.Sfml.Test (parallel test collections = off, stop on fail = off)
[xUnit.net 00:00:00.45]   Finished:    Alis.Extension.Graphic.Sfml.Test
</StdOut>
    </Output>
    <CollectorDataEntries>
      <Collector agentName="MacBook-Pro-de-Pablo" uri="datacollector://microsoft/CoverletCodeCoverage/1.0" collectorDisplayName="XPlat code coverage">
        <UriAttachments>
          <UriAttachment>
            <A href="MacBook-Pro-de-Pablo/coverage.cobertura.xml"></A>
          </UriAttachment>
        </UriAttachments>
      </Collector>
    </CollectorDataEntries>
  </ResultSummary>
</TestRun>