<?xml version="1.0" encoding="utf-8"?>
<TestRun id="22f87e0c-9e6a-4d08-a045-a7ab7dbf80fe" name="@MacBook-Pro-de-Pablo 2026-07-10 20:15:10" xmlns="http://microsoft.com/schemas/VisualStudio/TeamTest/2010">
  <Times creation="2026-07-10T20:15:10.5732800+01:00" queuing="2026-07-10T20:15:10.5732800+01:00" start="2026-07-10T20:15:09.0008410+01:00" finish="2026-07-10T20:15:11.0090070+01:00" />
  <TestSettings name="default" id="74c10754-8fda-45fe-96b0-42177a10d6fe">
    <Deployment runDeploymentRoot="_MacBook-Pro-de-Pablo_2026-07-10_20_15_10" />
  </TestSettings>
  <Results>
    <UnitTestResult executionId="490a75cb-d8a2-4490-a138-5da6f2d46fab" testId="ed5e03df-6d54-507c-b166-35b94aaaadd1" testName="Alis.Extension.Math.HighSpeedPriorityQueue.Test.StablePriorityQueueAdvancedTest.ResetNode_ResetsQueueIndex" computerName="MacBook-Pro-de-Pablo" duration="00:00:00.0000430" startTime="2026-07-10T20:15:10.5523120+01:00" endTime="2026-07-10T20:15:10.5523120+01:00" testType="13cdc9d9-ddb5-4fa4-a97d-d965ccfc6d4b" outcome="Passed" testListId="8c84fa94-04c1-424b-9868-57a2d4851a1d" relativeResultsDirectory="490a75cb-d8a2-4490-a138-5da6f2d46fab" />
    <UnitTestResult executionId="821da23a-9fa2-4060-8a78-1e32e9e3880a" testId="49665a23-e13b-a655-1f9a-aea147590ad7" testName="Alis.Extension.Math.HighSpeedPriorityQueue.Test.StablePriorityQueueTest.Enqueue_WithDecreasingPriority_TriggersMultiLevelCascadeUp" computerName="MacBook-Pro-de-Pablo" duration="00:00:00.0000517" startTime="2026-07-10T20:15:10.5547120+01:00" endTime="2026-07-10T20:15:10.5547120+01:00" testType="13cdc9d9-ddb5-4fa4-a97d-d965ccfc6d4b" outcome="Passed" testListId="8c84fa94-04c1-424b-9868-57a2d4851a1d" relativeResultsDirectory="821da23a-9fa2-4060-8a78-1e32e9e3880a" />
    <UnitTestResult executionId="a1171dfb-d9e6-4225-8f04-48a12dc00df7" testId="a69b8d18-5aaf-abb6-82ea-e1fb73996345" testName="Alis.Extension.Math.HighSpeedPriorityQueue.Test.StablePriorityQueueTest.Contains_ReturnsFalseForNotEnqueuedNode" computerName="MacBook-Pro-de-Pablo" duration="00:00:00.0000300" startTime="2026-07-10T20:15:10.5537970+01:00" endTime="2026-07-10T20:15:10.5537970+01:00" testType="13cdc9d9-ddb5-4fa4-a97d-d965ccfc6d4b" outcome="Passed" testListId="8c84fa94-04c1-424b-9868-57a2d4851a1d" relativeResultsDirectory="a1171dfb-d9e6-4225-8f04-48a12dc00df7" />
    <UnitTestResult executionId="3c119260-faf9-4fb8-975a-51892592f948" testId="84a01e11-c69c-45ca-537d-63a94b282768" testName="Alis.Extension.Math.HighSpeedPriorityQueue.Test.StablePriorityQueueAdvancedTest.EqualPriorities_DequeueInInsertionOrder" computerName="MacBook-Pro-de-Pablo" duration="00:00:00.0002742" startTime="2026-07-10T20:15:10.5520750+01:00" endTime="2026-07-10T20:15:10.5520750+01:00" testType="13cdc9d9-ddb5-4fa4-a97d-d965ccfc6d4b" outcome="Passed" testListId="8c84fa94-04c1-424b-9868-57a2d4851a1d" relativeResultsDirectory="3c119260-faf9-4fb8-975a-51892592f948" />
    <UnitTestResult executionId="693f7396-8f44-43d1-ba94-277a227ce99d" testId="a877801b-652e-a6cd-ac44-c045922f409d" testName="Alis.Extension.Math.HighSpeedPriorityQueue.Test.StablePriorityQueueCoverageTest.CascadeDown_MultiLevel_SwapsDownThroughLevels" computerName="MacBook-Pro-de-Pablo" duration="00:00:00.0000910" startTime="2026-07-10T20:15:10.5533870+01:00" endTime="2026-07-10T20:15:10.5533870+01:00" testType="13cdc9d9-ddb5-4fa4-a97d-d965ccfc6d4b" outcome="Passed" testListId="8c84fa94-04c1-424b-9868-57a2d4851a1d" relativeResultsDirectory="693f7396-8f44-43d1-ba94-277a227ce99d" />
    <UnitTestResult executionId="c1f49482-58e6-44de-aa47-841ed1ed2da9" testId="14e2e7ea-d642-5365-29b9-d839f7d47eba" testName="Alis.Extension.Math.HighSpeedPriorityQueue.Test.StablePriorityQueueNodeTest.InsertionIndex_InitiallyZero" computerName="MacBook-Pro-de-Pablo" duration="00:00:00.0000437" startTime="2026-07-10T20:15:10.5517770+01:00" endTime="2026-07-10T20:15:10.5517770+01:00" testType="13cdc9d9-ddb5-4fa4-a97d-d965ccfc6d4b" outcome="Passed" testListId="8c84fa94-04c1-424b-9868-57a2d4851a1d" relativeResultsDirectory="c1f49482-58e6-44de-aa47-841ed1ed2da9" />
    <UnitTestResult executionId="81f8e2cc-7b11-4c36-a4e9-92388ada8b84" testId="5aaef934-528c-1b7e-ef0a-ddbbbd65ee61" testName="Alis.Extension.Math.HighSpeedPriorityQueue.Test.StablePriorityQueueCoverageTest.CascadeDown_RightChildHigherPriority_SwapsRightChild" computerName="MacBook-Pro-de-Pablo" duration="00:00:00.0000618" startTime="2026-07-10T20:15:10.5526210+01:00" endTime="2026-07-10T20:15:10.5526210+01:00" testType="13cdc9d9-ddb5-4fa4-a97d-d965ccfc6d4b" outcome="Passed" testListId="8c84fa94-04c1-424b-9868-57a2d4851a1d" relativeResultsDirectory="81f8e2cc-7b11-4c36-a4e9-92388ada8b84" />
    <UnitTestResult executionId="a693bfa0-ce04-4cb4-bc8c-d5b9d52ed9dc" testId="9e8e3979-90e5-3093-1d72-8c3ba1534fdc" testName="Alis.Extension.Math.HighSpeedPriorityQueue.Test.StablePriorityQueueTest.Enqueue_IncreasesCount" computerName="MacBook-Pro-de-Pablo" duration="00:00:00.0039927" startTime="2026-07-10T20:15:10.5383000+01:00" endTime="2026-07-10T20:15:10.5383000+01:00" testType="13cdc9d9-ddb5-4fa4-a97d-d965ccfc6d4b" outcome="Passed" testListId="8c84fa94-04c1-424b-9868-57a2d4851a1d" relativeResultsDirectory="a693bfa0-ce04-4cb4-bc8c-d5b9d52ed9dc" />
    <UnitTestResult executionId="2c61423a-39d0-44b5-a579-bc4461797f84" testId="5ac94c54-810b-6743-5d1b-70a7a54e06b3" testName="Alis.Extension.Math.HighSpeedPriorityQueue.Test.StablePriorityQueueRemainingCoverageTests.IsValidQueue_RightChildViolation_ReturnsFalse" computerName="MacBook-Pro-de-Pablo" duration="00:00:00.0001250" startTime="2026-07-10T20:15:10.5520100+01:00" endTime="2026-07-10T20:15:10.5520100+01:00" testType="13cdc9d9-ddb5-4fa4-a97d-d965ccfc6d4b" outcome="Passed" testListId="8c84fa94-04c1-424b-9868-57a2d4851a1d" relativeResultsDirectory="2c61423a-39d0-44b5-a579-bc4461797f84" />
    <UnitTestResult executionId="f158ef6b-24ec-40a9-825b-de488228b680" testId="7f5088a0-7111-90be-d230-3ab2f2e4a961" testName="Alis.Extension.Math.HighSpeedPriorityQueue.Test.StablePriorityQueueTest.Dequeue_WithManyNodes_TriggersCascadeDownWithRightChild" computerName="MacBook-Pro-de-Pablo" duration="00:00:00.0000686" startTime="2026-07-10T20:15:10.5548250+01:00" endTime="2026-07-10T20:15:10.5548250+01:00" testType="13cdc9d9-ddb5-4fa4-a97d-d965ccfc6d4b" outcome="Passed" testListId="8c84fa94-04c1-424b-9868-57a2d4851a1d" relativeResultsDirectory="f158ef6b-24ec-40a9-825b-de488228b680" />
    <UnitTestResult executionId="da2fc47d-e541-46a1-b8e9-c52562af7aa8" testId="dffce439-582e-d858-6aa1-7ad07b06206a" testName="Alis.Extension.Math.HighSpeedPriorityQueue.Test.StablePriorityQueueCoverageTest.GetEnumerator_Generic_ReturnsAllEnqueuedNodes" computerName="MacBook-Pro-de-Pablo" duration="00:00:00.0003857" startTime="2026-07-10T20:15:10.5523720+01:00" endTime="2026-07-10T20:15:10.5523720+01:00" testType="13cdc9d9-ddb5-4fa4-a97d-d965ccfc6d4b" outcome="Passed" testListId="8c84fa94-04c1-424b-9868-57a2d4851a1d" relativeResultsDirectory="da2fc47d-e541-46a1-b8e9-c52562af7aa8" />
    <UnitTestResult executionId="d729dc32-6d65-4216-9801-f8b9d6fbe867" testId="8c85d0a9-8323-7191-3671-8aea446bf08f" testName="Alis.Extension.Math.HighSpeedPriorityQueue.Test.StablePriorityQueueTest.Resize_IncreasesMaxSize" computerName="MacBook-Pro-de-Pablo" duration="00:00:00.0000310" startTime="2026-07-10T20:15:10.5549360+01:00" endTime="2026-07-10T20:15:10.5549360+01:00" testType="13cdc9d9-ddb5-4fa4-a97d-d965ccfc6d4b" outcome="Passed" testListId="8c84fa94-04c1-424b-9868-57a2d4851a1d" relativeResultsDirectory="d729dc32-6d65-4216-9801-f8b9d6fbe867" />
    <UnitTestResult executionId="4c93c8af-67de-430d-98ab-31e744dbf53d" testId="80498037-fe0c-523f-6944-cd02f1746161" testName="Alis.Extension.Math.HighSpeedPriorityQueue.Test.StablePriorityQueueTest.UpdatePriority_ChangesNodePriority" computerName="MacBook-Pro-de-Pablo" duration="00:00:00.0010784" startTime="2026-07-10T20:15:10.5536830+01:00" endTime="2026-07-10T20:15:10.5536830+01:00" testType="13cdc9d9-ddb5-4fa4-a97d-d965ccfc6d4b" outcome="Passed" testListId="8c84fa94-04c1-424b-9868-57a2d4851a1d" relativeResultsDirectory="4c93c8af-67de-430d-98ab-31e744dbf53d" />
    <UnitTestResult executionId="cc5aa800-0383-4b12-bf32-f4a7cd19e516" testId="c8a65261-69d4-c56f-002a-c3f6e1333d56" testName="Alis.Extension.Math.HighSpeedPriorityQueue.Test.StablePriorityQueueCoverageTest.CascadeUp_MultiLevel_BubblesPastMultipleAncestors" computerName="MacBook-Pro-de-Pablo" duration="00:00:00.0000977" startTime="2026-07-10T20:15:10.5518800+01:00" endTime="2026-07-10T20:15:10.5518800+01:00" testType="13cdc9d9-ddb5-4fa4-a97d-d965ccfc6d4b" outcome="Passed" testListId="8c84fa94-04c1-424b-9868-57a2d4851a1d" relativeResultsDirectory="cc5aa800-0383-4b12-bf32-f4a7cd19e516" />
    <UnitTestResult executionId="f3d20fa4-11e8-4dc7-aa6d-07f2b082691b" testId="1db9431d-7ae5-acf1-ade7-e4074d8728a6" testName="Alis.Extension.Math.HighSpeedPriorityQueue.Test.StablePriorityQueueRemainingCoverageTests.UpdatePriority_CascadeUp_PartialBubbleUp_WhileLoopBreak" computerName="MacBook-Pro-de-Pablo" duration="00:00:00.0040216" startTime="2026-07-10T20:15:10.5383770+01:00" endTime="2026-07-10T20:15:10.5383770+01:00" testType="13cdc9d9-ddb5-4fa4-a97d-d965ccfc6d4b" outcome="Passed" testListId="8c84fa94-04c1-424b-9868-57a2d4851a1d" relativeResultsDirectory="f3d20fa4-11e8-4dc7-aa6d-07f2b082691b" />
    <UnitTestResult executionId="33e10d28-21ee-490d-b48f-88ede769fafc" testId="ca251d99-0225-6f67-66ff-bff0f0c5da06" testName="Alis.Extension.Math.HighSpeedPriorityQueue.Test.StablePriorityQueueCoverageTest.IsValidQueue_LeftChildViolation_ReturnsFalse" computerName="MacBook-Pro-de-Pablo" duration="00:00:00.0000588" startTime="2026-07-10T20:15:10.5535060+01:00" endTime="2026-07-10T20:15:10.5535060+01:00" testType="13cdc9d9-ddb5-4fa4-a97d-d965ccfc6d4b" outcome="Passed" testListId="8c84fa94-04c1-424b-9868-57a2d4851a1d" relativeResultsDirectory="33e10d28-21ee-490d-b48f-88ede769fafc" />
    <UnitTestResult executionId="f3b69f5b-65cf-4771-be2b-99e60b12d4f4" testId="ddb3ce87-0ba7-9c0b-35ed-a73ce31074b4" testName="Alis.Extension.Math.HighSpeedPriorityQueue.Test.StablePriorityQueueTest.Dequeue_DecreasesCount" computerName="MacBook-Pro-de-Pablo" duration="00:00:00.0014288" startTime="2026-07-10T20:15:10.5535690+01:00" endTime="2026-07-10T20:15:10.5535690+01:00" testType="13cdc9d9-ddb5-4fa4-a97d-d965ccfc6d4b" outcome="Passed" testListId="8c84fa94-04c1-424b-9868-57a2d4851a1d" relativeResultsDirectory="f3b69f5b-65cf-4771-be2b-99e60b12d4f4" />
    <UnitTestResult executionId="eb9fd5c3-d1ee-4556-b584-0a3d643d2f14" testId="4894bda5-b635-7bf2-ca4d-4f2b32eb3dc5" testName="Alis.Extension.Math.HighSpeedPriorityQueue.Test.StablePriorityQueueTest.ResetNode_SetsQueueIndexToZero" computerName="MacBook-Pro-de-Pablo" duration="00:00:00.0005797" startTime="2026-07-10T20:15:10.5540230+01:00" endTime="2026-07-10T20:15:10.5540230+01:00" testType="13cdc9d9-ddb5-4fa4-a97d-d965ccfc6d4b" outcome="Passed" testListId="8c84fa94-04c1-424b-9868-57a2d4851a1d" relativeResultsDirectory="eb9fd5c3-d1ee-4556-b584-0a3d643d2f14" />
    <UnitTestResult executionId="f9cc88b3-c6ee-4ae9-9216-a7d67f9cad8a" testId="95652123-09f1-bcf2-f345-9477577691e1" testName="Alis.Extension.Math.HighSpeedPriorityQueue.Test.StablePriorityQueueCoverageTest.GetEnumerator_NonGeneric_ReturnsAllEnqueuedNodes" computerName="MacBook-Pro-de-Pablo" duration="00:00:00.0001130" startTime="2026-07-10T20:15:10.5525050+01:00" endTime="2026-07-10T20:15:10.5525050+01:00" testType="13cdc9d9-ddb5-4fa4-a97d-d965ccfc6d4b" outcome="Passed" testListId="8c84fa94-04c1-424b-9868-57a2d4851a1d" relativeResultsDirectory="f9cc88b3-c6ee-4ae9-9216-a7d67f9cad8a" />
    <UnitTestResult executionId="350bc5c5-37b8-4dab-be1b-76c130bf7d7d" testId="e75aa32a-c3b7-b2ac-e87b-8e85fa533066" testName="Alis.Extension.Math.HighSpeedPriorityQueue.Test.StablePriorityQueueAdvancedTest.RemoveAndUpdatePriority_KeepQueueValid" computerName="MacBook-Pro-de-Pablo" duration="00:00:00.0032258" startTime="2026-07-10T20:15:10.5377060+01:00" endTime="2026-07-10T20:15:10.5377060+01:00" testType="13cdc9d9-ddb5-4fa4-a97d-d965ccfc6d4b" outcome="Passed" testListId="8c84fa94-04c1-424b-9868-57a2d4851a1d" relativeResultsDirectory="350bc5c5-37b8-4dab-be1b-76c130bf7d7d" />
    <UnitTestResult executionId="32595505-139f-470b-b552-0982bf332744" testId="44b4d933-0fb9-5078-78a7-8c7ff9fd0f3b" testName="Alis.Extension.Math.HighSpeedPriorityQueue.Test.StablePriorityQueueTest.First_ReturnsCorrectNode" computerName="MacBook-Pro-de-Pablo" duration="00:00:00.0000541" startTime="2026-07-10T20:15:10.5541360+01:00" endTime="2026-07-10T20:15:10.5541360+01:00" testType="13cdc9d9-ddb5-4fa4-a97d-d965ccfc6d4b" outcome="Passed" testListId="8c84fa94-04c1-424b-9868-57a2d4851a1d" relativeResultsDirectory="32595505-139f-470b-b552-0982bf332744" />
    <UnitTestResult executionId="9bf41cc0-c37a-48ad-94c5-9d7bc3489638" testId="400ff62e-6ec5-b13b-289a-b7a83aeaff2f" testName="Alis.Extension.Math.HighSpeedPriorityQueue.Test.StablePriorityQueueTest.Enqueue_SamePriority_RespectsInsertionOrder" computerName="MacBook-Pro-de-Pablo" duration="00:00:00.0000475" startTime="2026-07-10T20:15:10.5539100+01:00" endTime="2026-07-10T20:15:10.5539100+01:00" testType="13cdc9d9-ddb5-4fa4-a97d-d965ccfc6d4b" outcome="Passed" testListId="8c84fa94-04c1-424b-9868-57a2d4851a1d" relativeResultsDirectory="9bf41cc0-c37a-48ad-94c5-9d7bc3489638" />
    <UnitTestResult executionId="bfaa368c-a48c-4341-a91f-ed39056b3807" testId="cba7780f-ab5b-7376-4f86-1b32cfdf6c68" testName="Alis.Extension.Math.HighSpeedPriorityQueue.Test.StablePriorityQueueTest.Enumerator_IteratesAllNodes" computerName="MacBook-Pro-de-Pablo" duration="00:00:00.0001170" startTime="2026-07-10T20:15:10.5552710+01:00" endTime="2026-07-10T20:15:10.5552710+01:00" testType="13cdc9d9-ddb5-4fa4-a97d-d965ccfc6d4b" outcome="Passed" testListId="8c84fa94-04c1-424b-9868-57a2d4851a1d" relativeResultsDirectory="bfaa368c-a48c-4341-a91f-ed39056b3807" />
    <UnitTestResult executionId="e6898526-810d-41aa-8977-018024176b92" testId="e0d958ad-c837-154b-5e67-a0674abdaf53" testName="Alis.Extension.Math.HighSpeedPriorityQueue.Test.StablePriorityQueueTest.Clear_ResetsQueue" computerName="MacBook-Pro-de-Pablo" duration="00:00:00.0000723" startTime="2026-07-10T20:15:10.5545970+01:00" endTime="2026-07-10T20:15:10.5545970+01:00" testType="13cdc9d9-ddb5-4fa4-a97d-d965ccfc6d4b" outcome="Passed" testListId="8c84fa94-04c1-424b-9868-57a2d4851a1d" relativeResultsDirectory="e6898526-810d-41aa-8977-018024176b92" />
    <UnitTestResult executionId="8f9aaa7d-d6dd-4e8c-af6e-059238149b40" testId="dbdd93e8-f112-7f15-0e81-7e4723f14871" testName="Alis.Extension.Math.HighSpeedPriorityQueue.Test.StablePriorityQueueTest.UpdatePriority_OnRootNode_SkipsCascadeUp" computerName="MacBook-Pro-de-Pablo" duration="00:00:00.0000378" startTime="2026-07-10T20:15:10.5554890+01:00" endTime="2026-07-10T20:15:10.5554890+01:00" testType="13cdc9d9-ddb5-4fa4-a97d-d965ccfc6d4b" outcome="Passed" testListId="8c84fa94-04c1-424b-9868-57a2d4851a1d" relativeResultsDirectory="8f9aaa7d-d6dd-4e8c-af6e-059238149b40" />
    <UnitTestResult executionId="5cc6b560-a23d-4f38-b252-0dc15c8babd8" testId="6e69391d-0ad0-42f6-6000-bf53b30178ff" testName="Alis.Extension.Math.HighSpeedPriorityQueue.Test.StablePriorityQueueTest.Queue_InitializesWithZeroNodes" computerName="MacBook-Pro-de-Pablo" duration="00:00:00.0000266" startTime="2026-07-10T20:15:10.5544780+01:00" endTime="2026-07-10T20:15:10.5544780+01:00" testType="13cdc9d9-ddb5-4fa4-a97d-d965ccfc6d4b" outcome="Passed" testListId="8c84fa94-04c1-424b-9868-57a2d4851a1d" relativeResultsDirectory="5cc6b560-a23d-4f38-b252-0dc15c8babd8" />
    <UnitTestResult executionId="030b06d0-0cd9-4085-9787-3571b5a10b88" testId="37f7b021-b346-2de5-9e87-1238964781a9" testName="Alis.Extension.Math.HighSpeedPriorityQueue.Test.StablePriorityQueueCoverageTest.Contains_AfterResetNode_ReturnsFalse" computerName="MacBook-Pro-de-Pablo" duration="00:00:00.0031164" startTime="2026-07-10T20:15:10.5347000+01:00" endTime="2026-07-10T20:15:10.5347080+01:00" testType="13cdc9d9-ddb5-4fa4-a97d-d965ccfc6d4b" outcome="Passed" testListId="8c84fa94-04c1-424b-9868-57a2d4851a1d" relativeResultsDirectory="030b06d0-0cd9-4085-9787-3571b5a10b88" />
    <UnitTestResult executionId="2414dad8-497a-40ee-acb7-de0835ca5500" testId="119fd932-00b9-7fbe-12db-0f5b42164ab2" testName="Alis.Extension.Math.HighSpeedPriorityQueue.Test.StablePriorityQueueTest.Contains_ReturnsTrueForEnqueuedNode" computerName="MacBook-Pro-de-Pablo" duration="00:00:00.0000295" startTime="2026-07-10T20:15:10.5543580+01:00" endTime="2026-07-10T20:15:10.5543580+01:00" testType="13cdc9d9-ddb5-4fa4-a97d-d965ccfc6d4b" outcome="Passed" testListId="8c84fa94-04c1-424b-9868-57a2d4851a1d" relativeResultsDirectory="2414dad8-497a-40ee-acb7-de0835ca5500" />
    <UnitTestResult executionId="b326f843-836a-4fd2-bae4-89685a83dfa8" testId="9c90dcdb-6a98-344a-b4f3-3ae1c73b857b" testName="Alis.Extension.Math.HighSpeedPriorityQueue.Test.StablePriorityQueueTest.Remove_RemovesNodeFromQueue" computerName="MacBook-Pro-de-Pablo" duration="00:00:00.0000313" startTime="2026-07-10T20:15:10.5550480+01:00" endTime="2026-07-10T20:15:10.5550480+01:00" testType="13cdc9d9-ddb5-4fa4-a97d-d965ccfc6d4b" outcome="Passed" testListId="8c84fa94-04c1-424b-9868-57a2d4851a1d" relativeResultsDirectory="b326f843-836a-4fd2-bae4-89685a83dfa8" />
    <UnitTestResult executionId="a94d86a0-a13c-49bf-8835-18fecc68040d" testId="d7dc6633-116c-08e2-d0b5-703ac86090d4" testName="Alis.Extension.Math.HighSpeedPriorityQueue.Test.StablePriorityQueueCoverageTest.Resize_PreservesNodes" computerName="MacBook-Pro-de-Pablo" duration="00:00:00.0001377" startTime="2026-07-10T20:15:10.5532450+01:00" endTime="2026-07-10T20:15:10.5532450+01:00" testType="13cdc9d9-ddb5-4fa4-a97d-d965ccfc6d4b" outcome="Passed" testListId="8c84fa94-04c1-424b-9868-57a2d4851a1d" relativeResultsDirectory="a94d86a0-a13c-49bf-8835-18fecc68040d" />
    <UnitTestResult executionId="95d0e5da-8d45-498c-9ce3-013357a2d17c" testId="36581b4b-1fe2-391b-cd9b-120d9deffa4b" testName="Alis.Extension.Math.HighSpeedPriorityQueue.Test.StablePriorityQueueTest.Remove_LastNode_TakesO1Path" computerName="MacBook-Pro-de-Pablo" duration="00:00:00.0000493" startTime="2026-07-10T20:15:10.5551600+01:00" endTime="2026-07-10T20:15:10.5551600+01:00" testType="13cdc9d9-ddb5-4fa4-a97d-d965ccfc6d4b" outcome="Passed" testListId="8c84fa94-04c1-424b-9868-57a2d4851a1d" relativeResultsDirectory="95d0e5da-8d45-498c-9ce3-013357a2d17c" />
    <UnitTestResult executionId="7a941cc4-0d94-49c8-ae30-b397b1dd6fe0" testId="b1ab52bf-e9cb-56e8-410c-9dec72d437e6" testName="Alis.Extension.Math.HighSpeedPriorityQueue.Test.StablePriorityQueueAdvancedTest.VeryClosePriorities_UseInsertionIndexAsTieBreaker" computerName="MacBook-Pro-de-Pablo" duration="00:00:00.0000588" startTime="2026-07-10T20:15:10.5521950+01:00" endTime="2026-07-10T20:15:10.5521950+01:00" testType="13cdc9d9-ddb5-4fa4-a97d-d965ccfc6d4b" outcome="Passed" testListId="8c84fa94-04c1-424b-9868-57a2d4851a1d" relativeResultsDirectory="7a941cc4-0d94-49c8-ae30-b397b1dd6fe0" />
    <UnitTestResult executionId="b7d0ea99-6a5b-4f74-97af-e2bb9966a5f1" testId="d3a28978-4600-9c3c-739f-02fbf7704d58" testName="Alis.Extension.Math.HighSpeedPriorityQueue.Test.StablePriorityQueueNodeTest.InsertionIndex_SetCorrectly" computerName="MacBook-Pro-de-Pablo" duration="00:00:00.0040209" startTime="2026-07-10T20:15:10.5382150+01:00" endTime="2026-07-10T20:15:10.5382150+01:00" testType="13cdc9d9-ddb5-4fa4-a97d-d965ccfc6d4b" outcome="Passed" testListId="8c84fa94-04c1-424b-9868-57a2d4851a1d" relativeResultsDirectory="b7d0ea99-6a5b-4f74-97af-e2bb9966a5f1" />
  </Results>
  <TestDefinitions>
    <UnitTest name="Alis.Extension.Math.HighSpeedPriorityQueue.Test.StablePriorityQueueCoverageTest.GetEnumerator_Generic_ReturnsAllEnqueuedNodes" storage="/users/pabllopf/repositorios/alis/1_presentation/extension/math/highspeedpriorityqueue/test/bin/debug/lib/alis.extension.math.highspeedpriorityqueue.test.dll" id="dffce439-582e-d858-6aa1-7ad07b06206a">
      <Execution id="da2fc47d-e541-46a1-b8e9-c52562af7aa8" />
      <TestMethod codeBase="/Users/pabllopf/repositorios/Alis/1_Presentation/Extension/Math/HighSpeedPriorityQueue/test/bin/Debug/lib/Alis.Extension.Math.HighSpeedPriorityQueue.Test.dll" adapterTypeName="executor://xunit/VsTestRunner2/netcoreapp" className="Alis.Extension.Math.HighSpeedPriorityQueue.Test.StablePriorityQueueCoverageTest" name="GetEnumerator_Generic_ReturnsAllEnqueuedNodes" />
    </UnitTest>
    <UnitTest name="Alis.Extension.Math.HighSpeedPriorityQueue.Test.StablePriorityQueueTest.Contains_ReturnsTrueForEnqueuedNode" storage="/users/pabllopf/repositorios/alis/1_presentation/extension/math/highspeedpriorityqueue/test/bin/debug/lib/alis.extension.math.highspeedpriorityqueue.test.dll" id="119fd932-00b9-7fbe-12db-0f5b42164ab2">
      <Execution id="2414dad8-497a-40ee-acb7-de0835ca5500" />
      <TestMethod codeBase="/Users/pabllopf/repositorios/Alis/1_Presentation/Extension/Math/HighSpeedPriorityQueue/test/bin/Debug/lib/Alis.Extension.Math.HighSpeedPriorityQueue.Test.dll" adapterTypeName="executor://xunit/VsTestRunner2/netcoreapp" className="Alis.Extension.Math.HighSpeedPriorityQueue.Test.StablePriorityQueueTest" name="Contains_ReturnsTrueForEnqueuedNode" />
    </UnitTest>
    <UnitTest name="Alis.Extension.Math.HighSpeedPriorityQueue.Test.StablePriorityQueueRemainingCoverageTests.IsValidQueue_RightChildViolation_ReturnsFalse" storage="/users/pabllopf/repositorios/alis/1_presentation/extension/math/highspeedpriorityqueue/test/bin/debug/lib/alis.extension.math.highspeedpriorityqueue.test.dll" id="5ac94c54-810b-6743-5d1b-70a7a54e06b3">
      <Execution id="2c61423a-39d0-44b5-a579-bc4461797f84" />
      <TestMethod codeBase="/Users/pabllopf/repositorios/Alis/1_Presentation/Extension/Math/HighSpeedPriorityQueue/test/bin/Debug/lib/Alis.Extension.Math.HighSpeedPriorityQueue.Test.dll" adapterTypeName="executor://xunit/VsTestRunner2/netcoreapp" className="Alis.Extension.Math.HighSpeedPriorityQueue.Test.StablePriorityQueueRemainingCoverageTests" name="IsValidQueue_RightChildViolation_ReturnsFalse" />
    </UnitTest>
    <UnitTest name="Alis.Extension.Math.HighSpeedPriorityQueue.Test.StablePriorityQueueTest.Enumerator_IteratesAllNodes" storage="/users/pabllopf/repositorios/alis/1_presentation/extension/math/highspeedpriorityqueue/test/bin/debug/lib/alis.extension.math.highspeedpriorityqueue.test.dll" id="cba7780f-ab5b-7376-4f86-1b32cfdf6c68">
      <Execution id="bfaa368c-a48c-4341-a91f-ed39056b3807" />
      <TestMethod codeBase="/Users/pabllopf/repositorios/Alis/1_Presentation/Extension/Math/HighSpeedPriorityQueue/test/bin/Debug/lib/Alis.Extension.Math.HighSpeedPriorityQueue.Test.dll" adapterTypeName="executor://xunit/VsTestRunner2/netcoreapp" className="Alis.Extension.Math.HighSpeedPriorityQueue.Test.StablePriorityQueueTest" name="Enumerator_IteratesAllNodes" />
    </UnitTest>
    <UnitTest name="Alis.Extension.Math.HighSpeedPriorityQueue.Test.StablePriorityQueueTest.Contains_ReturnsFalseForNotEnqueuedNode" storage="/users/pabllopf/repositorios/alis/1_presentation/extension/math/highspeedpriorityqueue/test/bin/debug/lib/alis.extension.math.highspeedpriorityqueue.test.dll" id="a69b8d18-5aaf-abb6-82ea-e1fb73996345">
      <Execution id="a1171dfb-d9e6-4225-8f04-48a12dc00df7" />
      <TestMethod codeBase="/Users/pabllopf/repositorios/Alis/1_Presentation/Extension/Math/HighSpeedPriorityQueue/test/bin/Debug/lib/Alis.Extension.Math.HighSpeedPriorityQueue.Test.dll" adapterTypeName="executor://xunit/VsTestRunner2/netcoreapp" className="Alis.Extension.Math.HighSpeedPriorityQueue.Test.StablePriorityQueueTest" name="Contains_ReturnsFalseForNotEnqueuedNode" />
    </UnitTest>
    <UnitTest name="Alis.Extension.Math.HighSpeedPriorityQueue.Test.StablePriorityQueueAdvancedTest.ResetNode_ResetsQueueIndex" storage="/users/pabllopf/repositorios/alis/1_presentation/extension/math/highspeedpriorityqueue/test/bin/debug/lib/alis.extension.math.highspeedpriorityqueue.test.dll" id="ed5e03df-6d54-507c-b166-35b94aaaadd1">
      <Execution id="490a75cb-d8a2-4490-a138-5da6f2d46fab" />
      <TestMethod codeBase="/Users/pabllopf/repositorios/Alis/1_Presentation/Extension/Math/HighSpeedPriorityQueue/test/bin/Debug/lib/Alis.Extension.Math.HighSpeedPriorityQueue.Test.dll" adapterTypeName="executor://xunit/VsTestRunner2/netcoreapp" className="Alis.Extension.Math.HighSpeedPriorityQueue.Test.StablePriorityQueueAdvancedTest" name="ResetNode_ResetsQueueIndex" />
    </UnitTest>
    <UnitTest name="Alis.Extension.Math.HighSpeedPriorityQueue.Test.StablePriorityQueueTest.Remove_LastNode_TakesO1Path" storage="/users/pabllopf/repositorios/alis/1_presentation/extension/math/highspeedpriorityqueue/test/bin/debug/lib/alis.extension.math.highspeedpriorityqueue.test.dll" id="36581b4b-1fe2-391b-cd9b-120d9deffa4b">
      <Execution id="95d0e5da-8d45-498c-9ce3-013357a2d17c" />
      <TestMethod codeBase="/Users/pabllopf/repositorios/Alis/1_Presentation/Extension/Math/HighSpeedPriorityQueue/test/bin/Debug/lib/Alis.Extension.Math.HighSpeedPriorityQueue.Test.dll" adapterTypeName="executor://xunit/VsTestRunner2/netcoreapp" className="Alis.Extension.Math.HighSpeedPriorityQueue.Test.StablePriorityQueueTest" name="Remove_LastNode_TakesO1Path" />
    </UnitTest>
    <UnitTest name="Alis.Extension.Math.HighSpeedPriorityQueue.Test.StablePriorityQueueTest.Remove_RemovesNodeFromQueue" storage="/users/pabllopf/repositorios/alis/1_presentation/extension/math/highspeedpriorityqueue/test/bin/debug/lib/alis.extension.math.highspeedpriorityqueue.test.dll" id="9c90dcdb-6a98-344a-b4f3-3ae1c73b857b">
      <Execution id="b326f843-836a-4fd2-bae4-89685a83dfa8" />
      <TestMethod codeBase="/Users/pabllopf/repositorios/Alis/1_Presentation/Extension/Math/HighSpeedPriorityQueue/test/bin/Debug/lib/Alis.Extension.Math.HighSpeedPriorityQueue.Test.dll" adapterTypeName="executor://xunit/VsTestRunner2/netcoreapp" className="Alis.Extension.Math.HighSpeedPriorityQueue.Test.StablePriorityQueueTest" name="Remove_RemovesNodeFromQueue" />
    </UnitTest>
    <UnitTest name="Alis.Extension.Math.HighSpeedPriorityQueue.Test.StablePriorityQueueTest.Queue_InitializesWithZeroNodes" storage="/users/pabllopf/repositorios/alis/1_presentation/extension/math/highspeedpriorityqueue/test/bin/debug/lib/alis.extension.math.highspeedpriorityqueue.test.dll" id="6e69391d-0ad0-42f6-6000-bf53b30178ff">
      <Execution id="5cc6b560-a23d-4f38-b252-0dc15c8babd8" />
      <TestMethod codeBase="/Users/pabllopf/repositorios/Alis/1_Presentation/Extension/Math/HighSpeedPriorityQueue/test/bin/Debug/lib/Alis.Extension.Math.HighSpeedPriorityQueue.Test.dll" adapterTypeName="executor://xunit/VsTestRunner2/netcoreapp" className="Alis.Extension.Math.HighSpeedPriorityQueue.Test.StablePriorityQueueTest" name="Queue_InitializesWithZeroNodes" />
    </UnitTest>
    <UnitTest name="Alis.Extension.Math.HighSpeedPriorityQueue.Test.StablePriorityQueueCoverageTest.GetEnumerator_NonGeneric_ReturnsAllEnqueuedNodes" storage="/users/pabllopf/repositorios/alis/1_presentation/extension/math/highspeedpriorityqueue/test/bin/debug/lib/alis.extension.math.highspeedpriorityqueue.test.dll" id="95652123-09f1-bcf2-f345-9477577691e1">
      <Execution id="f9cc88b3-c6ee-4ae9-9216-a7d67f9cad8a" />
      <TestMethod codeBase="/Users/pabllopf/repositorios/Alis/1_Presentation/Extension/Math/HighSpeedPriorityQueue/test/bin/Debug/lib/Alis.Extension.Math.HighSpeedPriorityQueue.Test.dll" adapterTypeName="executor://xunit/VsTestRunner2/netcoreapp" className="Alis.Extension.Math.HighSpeedPriorityQueue.Test.StablePriorityQueueCoverageTest" name="GetEnumerator_NonGeneric_ReturnsAllEnqueuedNodes" />
    </UnitTest>
    <UnitTest name="Alis.Extension.Math.HighSpeedPriorityQueue.Test.StablePriorityQueueAdvancedTest.VeryClosePriorities_UseInsertionIndexAsTieBreaker" storage="/users/pabllopf/repositorios/alis/1_presentation/extension/math/highspeedpriorityqueue/test/bin/debug/lib/alis.extension.math.highspeedpriorityqueue.test.dll" id="b1ab52bf-e9cb-56e8-410c-9dec72d437e6">
      <Execution id="7a941cc4-0d94-49c8-ae30-b397b1dd6fe0" />
      <TestMethod codeBase="/Users/pabllopf/repositorios/Alis/1_Presentation/Extension/Math/HighSpeedPriorityQueue/test/bin/Debug/lib/Alis.Extension.Math.HighSpeedPriorityQueue.Test.dll" adapterTypeName="executor://xunit/VsTestRunner2/netcoreapp" className="Alis.Extension.Math.HighSpeedPriorityQueue.Test.StablePriorityQueueAdvancedTest" name="VeryClosePriorities_UseInsertionIndexAsTieBreaker" />
    </UnitTest>
    <UnitTest name="Alis.Extension.Math.HighSpeedPriorityQueue.Test.StablePriorityQueueCoverageTest.Contains_AfterResetNode_ReturnsFalse" storage="/users/pabllopf/repositorios/alis/1_presentation/extension/math/highspeedpriorityqueue/test/bin/debug/lib/alis.extension.math.highspeedpriorityqueue.test.dll" id="37f7b021-b346-2de5-9e87-1238964781a9">
      <Execution id="030b06d0-0cd9-4085-9787-3571b5a10b88" />
      <TestMethod codeBase="/Users/pabllopf/repositorios/Alis/1_Presentation/Extension/Math/HighSpeedPriorityQueue/test/bin/Debug/lib/Alis.Extension.Math.HighSpeedPriorityQueue.Test.dll" adapterTypeName="executor://xunit/VsTestRunner2/netcoreapp" className="Alis.Extension.Math.HighSpeedPriorityQueue.Test.StablePriorityQueueCoverageTest" name="Contains_AfterResetNode_ReturnsFalse" />
    </UnitTest>
    <UnitTest name="Alis.Extension.Math.HighSpeedPriorityQueue.Test.StablePriorityQueueTest.UpdatePriority_OnRootNode_SkipsCascadeUp" storage="/users/pabllopf/repositorios/alis/1_presentation/extension/math/highspeedpriorityqueue/test/bin/debug/lib/alis.extension.math.highspeedpriorityqueue.test.dll" id="dbdd93e8-f112-7f15-0e81-7e4723f14871">
      <Execution id="8f9aaa7d-d6dd-4e8c-af6e-059238149b40" />
      <TestMethod codeBase="/Users/pabllopf/repositorios/Alis/1_Presentation/Extension/Math/HighSpeedPriorityQueue/test/bin/Debug/lib/Alis.Extension.Math.HighSpeedPriorityQueue.Test.dll" adapterTypeName="executor://xunit/VsTestRunner2/netcoreapp" className="Alis.Extension.Math.HighSpeedPriorityQueue.Test.StablePriorityQueueTest" name="UpdatePriority_OnRootNode_SkipsCascadeUp" />
    </UnitTest>
    <UnitTest name="Alis.Extension.Math.HighSpeedPriorityQueue.Test.StablePriorityQueueCoverageTest.CascadeDown_MultiLevel_SwapsDownThroughLevels" storage="/users/pabllopf/repositorios/alis/1_presentation/extension/math/highspeedpriorityqueue/test/bin/debug/lib/alis.extension.math.highspeedpriorityqueue.test.dll" id="a877801b-652e-a6cd-ac44-c045922f409d">
      <Execution id="693f7396-8f44-43d1-ba94-277a227ce99d" />
      <TestMethod codeBase="/Users/pabllopf/repositorios/Alis/1_Presentation/Extension/Math/HighSpeedPriorityQueue/test/bin/Debug/lib/Alis.Extension.Math.HighSpeedPriorityQueue.Test.dll" adapterTypeName="executor://xunit/VsTestRunner2/netcoreapp" className="Alis.Extension.Math.HighSpeedPriorityQueue.Test.StablePriorityQueueCoverageTest" name="CascadeDown_MultiLevel_SwapsDownThroughLevels" />
    </UnitTest>
    <UnitTest name="Alis.Extension.Math.HighSpeedPriorityQueue.Test.StablePriorityQueueTest.ResetNode_SetsQueueIndexToZero" storage="/users/pabllopf/repositorios/alis/1_presentation/extension/math/highspeedpriorityqueue/test/bin/debug/lib/alis.extension.math.highspeedpriorityqueue.test.dll" id="4894bda5-b635-7bf2-ca4d-4f2b32eb3dc5">
      <Execution id="eb9fd5c3-d1ee-4556-b584-0a3d643d2f14" />
      <TestMethod codeBase="/Users/pabllopf/repositorios/Alis/1_Presentation/Extension/Math/HighSpeedPriorityQueue/test/bin/Debug/lib/Alis.Extension.Math.HighSpeedPriorityQueue.Test.dll" adapterTypeName="executor://xunit/VsTestRunner2/netcoreapp" className="Alis.Extension.Math.HighSpeedPriorityQueue.Test.StablePriorityQueueTest" name="ResetNode_SetsQueueIndexToZero" />
    </UnitTest>
    <UnitTest name="Alis.Extension.Math.HighSpeedPriorityQueue.Test.StablePriorityQueueAdvancedTest.RemoveAndUpdatePriority_KeepQueueValid" storage="/users/pabllopf/repositorios/alis/1_presentation/extension/math/highspeedpriorityqueue/test/bin/debug/lib/alis.extension.math.highspeedpriorityqueue.test.dll" id="e75aa32a-c3b7-b2ac-e87b-8e85fa533066">
      <Execution id="350bc5c5-37b8-4dab-be1b-76c130bf7d7d" />
      <TestMethod codeBase="/Users/pabllopf/repositorios/Alis/1_Presentation/Extension/Math/HighSpeedPriorityQueue/test/bin/Debug/lib/Alis.Extension.Math.HighSpeedPriorityQueue.Test.dll" adapterTypeName="executor://xunit/VsTestRunner2/netcoreapp" className="Alis.Extension.Math.HighSpeedPriorityQueue.Test.StablePriorityQueueAdvancedTest" name="RemoveAndUpdatePriority_KeepQueueValid" />
    </UnitTest>
    <UnitTest name="Alis.Extension.Math.HighSpeedPriorityQueue.Test.StablePriorityQueueTest.Enqueue_IncreasesCount" storage="/users/pabllopf/repositorios/alis/1_presentation/extension/math/highspeedpriorityqueue/test/bin/debug/lib/alis.extension.math.highspeedpriorityqueue.test.dll" id="9e8e3979-90e5-3093-1d72-8c3ba1534fdc">
      <Execution id="a693bfa0-ce04-4cb4-bc8c-d5b9d52ed9dc" />
      <TestMethod codeBase="/Users/pabllopf/repositorios/Alis/1_Presentation/Extension/Math/HighSpeedPriorityQueue/test/bin/Debug/lib/Alis.Extension.Math.HighSpeedPriorityQueue.Test.dll" adapterTypeName="executor://xunit/VsTestRunner2/netcoreapp" className="Alis.Extension.Math.HighSpeedPriorityQueue.Test.StablePriorityQueueTest" name="Enqueue_IncreasesCount" />
    </UnitTest>
    <UnitTest name="Alis.Extension.Math.HighSpeedPriorityQueue.Test.StablePriorityQueueTest.First_ReturnsCorrectNode" storage="/users/pabllopf/repositorios/alis/1_presentation/extension/math/highspeedpriorityqueue/test/bin/debug/lib/alis.extension.math.highspeedpriorityqueue.test.dll" id="44b4d933-0fb9-5078-78a7-8c7ff9fd0f3b">
      <Execution id="32595505-139f-470b-b552-0982bf332744" />
      <TestMethod codeBase="/Users/pabllopf/repositorios/Alis/1_Presentation/Extension/Math/HighSpeedPriorityQueue/test/bin/Debug/lib/Alis.Extension.Math.HighSpeedPriorityQueue.Test.dll" adapterTypeName="executor://xunit/VsTestRunner2/netcoreapp" className="Alis.Extension.Math.HighSpeedPriorityQueue.Test.StablePriorityQueueTest" name="First_ReturnsCorrectNode" />
    </UnitTest>
    <UnitTest name="Alis.Extension.Math.HighSpeedPriorityQueue.Test.StablePriorityQueueTest.UpdatePriority_ChangesNodePriority" storage="/users/pabllopf/repositorios/alis/1_presentation/extension/math/highspeedpriorityqueue/test/bin/debug/lib/alis.extension.math.highspeedpriorityqueue.test.dll" id="80498037-fe0c-523f-6944-cd02f1746161">
      <Execution id="4c93c8af-67de-430d-98ab-31e744dbf53d" />
      <TestMethod codeBase="/Users/pabllopf/repositorios/Alis/1_Presentation/Extension/Math/HighSpeedPriorityQueue/test/bin/Debug/lib/Alis.Extension.Math.HighSpeedPriorityQueue.Test.dll" adapterTypeName="executor://xunit/VsTestRunner2/netcoreapp" className="Alis.Extension.Math.HighSpeedPriorityQueue.Test.StablePriorityQueueTest" name="UpdatePriority_ChangesNodePriority" />
    </UnitTest>
    <UnitTest name="Alis.Extension.Math.HighSpeedPriorityQueue.Test.StablePriorityQueueCoverageTest.CascadeDown_RightChildHigherPriority_SwapsRightChild" storage="/users/pabllopf/repositorios/alis/1_presentation/extension/math/highspeedpriorityqueue/test/bin/debug/lib/alis.extension.math.highspeedpriorityqueue.test.dll" id="5aaef934-528c-1b7e-ef0a-ddbbbd65ee61">
      <Execution id="81f8e2cc-7b11-4c36-a4e9-92388ada8b84" />
      <TestMethod codeBase="/Users/pabllopf/repositorios/Alis/1_Presentation/Extension/Math/HighSpeedPriorityQueue/test/bin/Debug/lib/Alis.Extension.Math.HighSpeedPriorityQueue.Test.dll" adapterTypeName="executor://xunit/VsTestRunner2/netcoreapp" className="Alis.Extension.Math.HighSpeedPriorityQueue.Test.StablePriorityQueueCoverageTest" name="CascadeDown_RightChildHigherPriority_SwapsRightChild" />
    </UnitTest>
    <UnitTest name="Alis.Extension.Math.HighSpeedPriorityQueue.Test.StablePriorityQueueCoverageTest.IsValidQueue_LeftChildViolation_ReturnsFalse" storage="/users/pabllopf/repositorios/alis/1_presentation/extension/math/highspeedpriorityqueue/test/bin/debug/lib/alis.extension.math.highspeedpriorityqueue.test.dll" id="ca251d99-0225-6f67-66ff-bff0f0c5da06">
      <Execution id="33e10d28-21ee-490d-b48f-88ede769fafc" />
      <TestMethod codeBase="/Users/pabllopf/repositorios/Alis/1_Presentation/Extension/Math/HighSpeedPriorityQueue/test/bin/Debug/lib/Alis.Extension.Math.HighSpeedPriorityQueue.Test.dll" adapterTypeName="executor://xunit/VsTestRunner2/netcoreapp" className="Alis.Extension.Math.HighSpeedPriorityQueue.Test.StablePriorityQueueCoverageTest" name="IsValidQueue_LeftChildViolation_ReturnsFalse" />
    </UnitTest>
    <UnitTest name="Alis.Extension.Math.HighSpeedPriorityQueue.Test.StablePriorityQueueCoverageTest.CascadeUp_MultiLevel_BubblesPastMultipleAncestors" storage="/users/pabllopf/repositorios/alis/1_presentation/extension/math/highspeedpriorityqueue/test/bin/debug/lib/alis.extension.math.highspeedpriorityqueue.test.dll" id="c8a65261-69d4-c56f-002a-c3f6e1333d56">
      <Execution id="cc5aa800-0383-4b12-bf32-f4a7cd19e516" />
      <TestMethod codeBase="/Users/pabllopf/repositorios/Alis/1_Presentation/Extension/Math/HighSpeedPriorityQueue/test/bin/Debug/lib/Alis.Extension.Math.HighSpeedPriorityQueue.Test.dll" adapterTypeName="executor://xunit/VsTestRunner2/netcoreapp" className="Alis.Extension.Math.HighSpeedPriorityQueue.Test.StablePriorityQueueCoverageTest" name="CascadeUp_MultiLevel_BubblesPastMultipleAncestors" />
    </UnitTest>
    <UnitTest name="Alis.Extension.Math.HighSpeedPriorityQueue.Test.StablePriorityQueueNodeTest.InsertionIndex_SetCorrectly" storage="/users/pabllopf/repositorios/alis/1_presentation/extension/math/highspeedpriorityqueue/test/bin/debug/lib/alis.extension.math.highspeedpriorityqueue.test.dll" id="d3a28978-4600-9c3c-739f-02fbf7704d58">
      <Execution id="b7d0ea99-6a5b-4f74-97af-e2bb9966a5f1" />
      <TestMethod codeBase="/Users/pabllopf/repositorios/Alis/1_Presentation/Extension/Math/HighSpeedPriorityQueue/test/bin/Debug/lib/Alis.Extension.Math.HighSpeedPriorityQueue.Test.dll" adapterTypeName="executor://xunit/VsTestRunner2/netcoreapp" className="Alis.Extension.Math.HighSpeedPriorityQueue.Test.StablePriorityQueueNodeTest" name="InsertionIndex_SetCorrectly" />
    </UnitTest>
    <UnitTest name="Alis.Extension.Math.HighSpeedPriorityQueue.Test.StablePriorityQueueTest.Enqueue_SamePriority_RespectsInsertionOrder" storage="/users/pabllopf/repositorios/alis/1_presentation/extension/math/highspeedpriorityqueue/test/bin/debug/lib/alis.extension.math.highspeedpriorityqueue.test.dll" id="400ff62e-6ec5-b13b-289a-b7a83aeaff2f">
      <Execution id="9bf41cc0-c37a-48ad-94c5-9d7bc3489638" />
      <TestMethod codeBase="/Users/pabllopf/repositorios/Alis/1_Presentation/Extension/Math/HighSpeedPriorityQueue/test/bin/Debug/lib/Alis.Extension.Math.HighSpeedPriorityQueue.Test.dll" adapterTypeName="executor://xunit/VsTestRunner2/netcoreapp" className="Alis.Extension.Math.HighSpeedPriorityQueue.Test.StablePriorityQueueTest" name="Enqueue_SamePriority_RespectsInsertionOrder" />
    </UnitTest>
    <UnitTest name="Alis.Extension.Math.HighSpeedPriorityQueue.Test.StablePriorityQueueNodeTest.InsertionIndex_InitiallyZero" storage="/users/pabllopf/repositorios/alis/1_presentation/extension/math/highspeedpriorityqueue/test/bin/debug/lib/alis.extension.math.highspeedpriorityqueue.test.dll" id="14e2e7ea-d642-5365-29b9-d839f7d47eba">
      <Execution id="c1f49482-58e6-44de-aa47-841ed1ed2da9" />
      <TestMethod codeBase="/Users/pabllopf/repositorios/Alis/1_Presentation/Extension/Math/HighSpeedPriorityQueue/test/bin/Debug/lib/Alis.Extension.Math.HighSpeedPriorityQueue.Test.dll" adapterTypeName="executor://xunit/VsTestRunner2/netcoreapp" className="Alis.Extension.Math.HighSpeedPriorityQueue.Test.StablePriorityQueueNodeTest" name="InsertionIndex_InitiallyZero" />
    </UnitTest>
    <UnitTest name="Alis.Extension.Math.HighSpeedPriorityQueue.Test.StablePriorityQueueCoverageTest.Resize_PreservesNodes" storage="/users/pabllopf/repositorios/alis/1_presentation/extension/math/highspeedpriorityqueue/test/bin/debug/lib/alis.extension.math.highspeedpriorityqueue.test.dll" id="d7dc6633-116c-08e2-d0b5-703ac86090d4">
      <Execution id="a94d86a0-a13c-49bf-8835-18fecc68040d" />
      <TestMethod codeBase="/Users/pabllopf/repositorios/Alis/1_Presentation/Extension/Math/HighSpeedPriorityQueue/test/bin/Debug/lib/Alis.Extension.Math.HighSpeedPriorityQueue.Test.dll" adapterTypeName="executor://xunit/VsTestRunner2/netcoreapp" className="Alis.Extension.Math.HighSpeedPriorityQueue.Test.StablePriorityQueueCoverageTest" name="Resize_PreservesNodes" />
    </UnitTest>
    <UnitTest name="Alis.Extension.Math.HighSpeedPriorityQueue.Test.StablePriorityQueueRemainingCoverageTests.UpdatePriority_CascadeUp_PartialBubbleUp_WhileLoopBreak" storage="/users/pabllopf/repositorios/alis/1_presentation/extension/math/highspeedpriorityqueue/test/bin/debug/lib/alis.extension.math.highspeedpriorityqueue.test.dll" id="1db9431d-7ae5-acf1-ade7-e4074d8728a6">
      <Execution id="f3d20fa4-11e8-4dc7-aa6d-07f2b082691b" />
      <TestMethod codeBase="/Users/pabllopf/repositorios/Alis/1_Presentation/Extension/Math/HighSpeedPriorityQueue/test/bin/Debug/lib/Alis.Extension.Math.HighSpeedPriorityQueue.Test.dll" adapterTypeName="executor://xunit/VsTestRunner2/netcoreapp" className="Alis.Extension.Math.HighSpeedPriorityQueue.Test.StablePriorityQueueRemainingCoverageTests" name="UpdatePriority_CascadeUp_PartialBubbleUp_WhileLoopBreak" />
    </UnitTest>
    <UnitTest name="Alis.Extension.Math.HighSpeedPriorityQueue.Test.StablePriorityQueueAdvancedTest.EqualPriorities_DequeueInInsertionOrder" storage="/users/pabllopf/repositorios/alis/1_presentation/extension/math/highspeedpriorityqueue/test/bin/debug/lib/alis.extension.math.highspeedpriorityqueue.test.dll" id="84a01e11-c69c-45ca-537d-63a94b282768">
      <Execution id="3c119260-faf9-4fb8-975a-51892592f948" />
      <TestMethod codeBase="/Users/pabllopf/repositorios/Alis/1_Presentation/Extension/Math/HighSpeedPriorityQueue/test/bin/Debug/lib/Alis.Extension.Math.HighSpeedPriorityQueue.Test.dll" adapterTypeName="executor://xunit/VsTestRunner2/netcoreapp" className="Alis.Extension.Math.HighSpeedPriorityQueue.Test.StablePriorityQueueAdvancedTest" name="EqualPriorities_DequeueInInsertionOrder" />
    </UnitTest>
    <UnitTest name="Alis.Extension.Math.HighSpeedPriorityQueue.Test.StablePriorityQueueTest.Resize_IncreasesMaxSize" storage="/users/pabllopf/repositorios/alis/1_presentation/extension/math/highspeedpriorityqueue/test/bin/debug/lib/alis.extension.math.highspeedpriorityqueue.test.dll" id="8c85d0a9-8323-7191-3671-8aea446bf08f">
      <Execution id="d729dc32-6d65-4216-9801-f8b9d6fbe867" />
      <TestMethod codeBase="/Users/pabllopf/repositorios/Alis/1_Presentation/Extension/Math/HighSpeedPriorityQueue/test/bin/Debug/lib/Alis.Extension.Math.HighSpeedPriorityQueue.Test.dll" adapterTypeName="executor://xunit/VsTestRunner2/netcoreapp" className="Alis.Extension.Math.HighSpeedPriorityQueue.Test.StablePriorityQueueTest" name="Resize_IncreasesMaxSize" />
    </UnitTest>
    <UnitTest name="Alis.Extension.Math.HighSpeedPriorityQueue.Test.StablePriorityQueueTest.Dequeue_DecreasesCount" storage="/users/pabllopf/repositorios/alis/1_presentation/extension/math/highspeedpriorityqueue/test/bin/debug/lib/alis.extension.math.highspeedpriorityqueue.test.dll" id="ddb3ce87-0ba7-9c0b-35ed-a73ce31074b4">
      <Execution id="f3b69f5b-65cf-4771-be2b-99e60b12d4f4" />
      <TestMethod codeBase="/Users/pabllopf/repositorios/Alis/1_Presentation/Extension/Math/HighSpeedPriorityQueue/test/bin/Debug/lib/Alis.Extension.Math.HighSpeedPriorityQueue.Test.dll" adapterTypeName="executor://xunit/VsTestRunner2/netcoreapp" className="Alis.Extension.Math.HighSpeedPriorityQueue.Test.StablePriorityQueueTest" name="Dequeue_DecreasesCount" />
    </UnitTest>
    <UnitTest name="Alis.Extension.Math.HighSpeedPriorityQueue.Test.StablePriorityQueueTest.Dequeue_WithManyNodes_TriggersCascadeDownWithRightChild" storage="/users/pabllopf/repositorios/alis/1_presentation/extension/math/highspeedpriorityqueue/test/bin/debug/lib/alis.extension.math.highspeedpriorityqueue.test.dll" id="7f5088a0-7111-90be-d230-3ab2f2e4a961">
      <Execution id="f158ef6b-24ec-40a9-825b-de488228b680" />
      <TestMethod codeBase="/Users/pabllopf/repositorios/Alis/1_Presentation/Extension/Math/HighSpeedPriorityQueue/test/bin/Debug/lib/Alis.Extension.Math.HighSpeedPriorityQueue.Test.dll" adapterTypeName="executor://xunit/VsTestRunner2/netcoreapp" className="Alis.Extension.Math.HighSpeedPriorityQueue.Test.StablePriorityQueueTest" name="Dequeue_WithManyNodes_TriggersCascadeDownWithRightChild" />
    </UnitTest>
    <UnitTest name="Alis.Extension.Math.HighSpeedPriorityQueue.Test.StablePriorityQueueTest.Clear_ResetsQueue" storage="/users/pabllopf/repositorios/alis/1_presentation/extension/math/highspeedpriorityqueue/test/bin/debug/lib/alis.extension.math.highspeedpriorityqueue.test.dll" id="e0d958ad-c837-154b-5e67-a0674abdaf53">
      <Execution id="e6898526-810d-41aa-8977-018024176b92" />
      <TestMethod codeBase="/Users/pabllopf/repositorios/Alis/1_Presentation/Extension/Math/HighSpeedPriorityQueue/test/bin/Debug/lib/Alis.Extension.Math.HighSpeedPriorityQueue.Test.dll" adapterTypeName="executor://xunit/VsTestRunner2/netcoreapp" className="Alis.Extension.Math.HighSpeedPriorityQueue.Test.StablePriorityQueueTest" name="Clear_ResetsQueue" />
    </UnitTest>
    <UnitTest name="Alis.Extension.Math.HighSpeedPriorityQueue.Test.StablePriorityQueueTest.Enqueue_WithDecreasingPriority_TriggersMultiLevelCascadeUp" storage="/users/pabllopf/repositorios/alis/1_presentation/extension/math/highspeedpriorityqueue/test/bin/debug/lib/alis.extension.math.highspeedpriorityqueue.test.dll" id="49665a23-e13b-a655-1f9a-aea147590ad7">
      <Execution id="821da23a-9fa2-4060-8a78-1e32e9e3880a" />
      <TestMethod codeBase="/Users/pabllopf/repositorios/Alis/1_Presentation/Extension/Math/HighSpeedPriorityQueue/test/bin/Debug/lib/Alis.Extension.Math.HighSpeedPriorityQueue.Test.dll" adapterTypeName="executor://xunit/VsTestRunner2/netcoreapp" className="Alis.Extension.Math.HighSpeedPriorityQueue.Test.StablePriorityQueueTest" name="Enqueue_WithDecreasingPriority_TriggersMultiLevelCascadeUp" />
    </UnitTest>
  </TestDefinitions>
  <TestEntries>
    <TestEntry testId="ed5e03df-6d54-507c-b166-35b94aaaadd1" executionId="490a75cb-d8a2-4490-a138-5da6f2d46fab" testListId="8c84fa94-04c1-424b-9868-57a2d4851a1d" />
    <TestEntry testId="49665a23-e13b-a655-1f9a-aea147590ad7" executionId="821da23a-9fa2-4060-8a78-1e32e9e3880a" testListId="8c84fa94-04c1-424b-9868-57a2d4851a1d" />
    <TestEntry testId="a69b8d18-5aaf-abb6-82ea-e1fb73996345" executionId="a1171dfb-d9e6-4225-8f04-48a12dc00df7" testListId="8c84fa94-04c1-424b-9868-57a2d4851a1d" />
    <TestEntry testId="84a01e11-c69c-45ca-537d-63a94b282768" executionId="3c119260-faf9-4fb8-975a-51892592f948" testListId="8c84fa94-04c1-424b-9868-57a2d4851a1d" />
    <TestEntry testId="a877801b-652e-a6cd-ac44-c045922f409d" executionId="693f7396-8f44-43d1-ba94-277a227ce99d" testListId="8c84fa94-04c1-424b-9868-57a2d4851a1d" />
    <TestEntry testId="14e2e7ea-d642-5365-29b9-d839f7d47eba" executionId="c1f49482-58e6-44de-aa47-841ed1ed2da9" testListId="8c84fa94-04c1-424b-9868-57a2d4851a1d" />
    <TestEntry testId="5aaef934-528c-1b7e-ef0a-ddbbbd65ee61" executionId="81f8e2cc-7b11-4c36-a4e9-92388ada8b84" testListId="8c84fa94-04c1-424b-9868-57a2d4851a1d" />
    <TestEntry testId="9e8e3979-90e5-3093-1d72-8c3ba1534fdc" executionId="a693bfa0-ce04-4cb4-bc8c-d5b9d52ed9dc" testListId="8c84fa94-04c1-424b-9868-57a2d4851a1d" />
    <TestEntry testId="5ac94c54-810b-6743-5d1b-70a7a54e06b3" executionId="2c61423a-39d0-44b5-a579-bc4461797f84" testListId="8c84fa94-04c1-424b-9868-57a2d4851a1d" />
    <TestEntry testId="7f5088a0-7111-90be-d230-3ab2f2e4a961" executionId="f158ef6b-24ec-40a9-825b-de488228b680" testListId="8c84fa94-04c1-424b-9868-57a2d4851a1d" />
    <TestEntry testId="dffce439-582e-d858-6aa1-7ad07b06206a" executionId="da2fc47d-e541-46a1-b8e9-c52562af7aa8" testListId="8c84fa94-04c1-424b-9868-57a2d4851a1d" />
    <TestEntry testId="8c85d0a9-8323-7191-3671-8aea446bf08f" executionId="d729dc32-6d65-4216-9801-f8b9d6fbe867" testListId="8c84fa94-04c1-424b-9868-57a2d4851a1d" />
    <TestEntry testId="80498037-fe0c-523f-6944-cd02f1746161" executionId="4c93c8af-67de-430d-98ab-31e744dbf53d" testListId="8c84fa94-04c1-424b-9868-57a2d4851a1d" />
    <TestEntry testId="c8a65261-69d4-c56f-002a-c3f6e1333d56" executionId="cc5aa800-0383-4b12-bf32-f4a7cd19e516" testListId="8c84fa94-04c1-424b-9868-57a2d4851a1d" />
    <TestEntry testId="1db9431d-7ae5-acf1-ade7-e4074d8728a6" executionId="f3d20fa4-11e8-4dc7-aa6d-07f2b082691b" testListId="8c84fa94-04c1-424b-9868-57a2d4851a1d" />
    <TestEntry testId="ca251d99-0225-6f67-66ff-bff0f0c5da06" executionId="33e10d28-21ee-490d-b48f-88ede769fafc" testListId="8c84fa94-04c1-424b-9868-57a2d4851a1d" />
    <TestEntry testId="ddb3ce87-0ba7-9c0b-35ed-a73ce31074b4" executionId="f3b69f5b-65cf-4771-be2b-99e60b12d4f4" testListId="8c84fa94-04c1-424b-9868-57a2d4851a1d" />
    <TestEntry testId="4894bda5-b635-7bf2-ca4d-4f2b32eb3dc5" executionId="eb9fd5c3-d1ee-4556-b584-0a3d643d2f14" testListId="8c84fa94-04c1-424b-9868-57a2d4851a1d" />
    <TestEntry testId="95652123-09f1-bcf2-f345-9477577691e1" executionId="f9cc88b3-c6ee-4ae9-9216-a7d67f9cad8a" testListId="8c84fa94-04c1-424b-9868-57a2d4851a1d" />
    <TestEntry testId="e75aa32a-c3b7-b2ac-e87b-8e85fa533066" executionId="350bc5c5-37b8-4dab-be1b-76c130bf7d7d" testListId="8c84fa94-04c1-424b-9868-57a2d4851a1d" />
    <TestEntry testId="44b4d933-0fb9-5078-78a7-8c7ff9fd0f3b" executionId="32595505-139f-470b-b552-0982bf332744" testListId="8c84fa94-04c1-424b-9868-57a2d4851a1d" />
    <TestEntry testId="400ff62e-6ec5-b13b-289a-b7a83aeaff2f" executionId="9bf41cc0-c37a-48ad-94c5-9d7bc3489638" testListId="8c84fa94-04c1-424b-9868-57a2d4851a1d" />
    <TestEntry testId="cba7780f-ab5b-7376-4f86-1b32cfdf6c68" executionId="bfaa368c-a48c-4341-a91f-ed39056b3807" testListId="8c84fa94-04c1-424b-9868-57a2d4851a1d" />
    <TestEntry testId="e0d958ad-c837-154b-5e67-a0674abdaf53" executionId="e6898526-810d-41aa-8977-018024176b92" testListId="8c84fa94-04c1-424b-9868-57a2d4851a1d" />
    <TestEntry testId="dbdd93e8-f112-7f15-0e81-7e4723f14871" executionId="8f9aaa7d-d6dd-4e8c-af6e-059238149b40" testListId="8c84fa94-04c1-424b-9868-57a2d4851a1d" />
    <TestEntry testId="6e69391d-0ad0-42f6-6000-bf53b30178ff" executionId="5cc6b560-a23d-4f38-b252-0dc15c8babd8" testListId="8c84fa94-04c1-424b-9868-57a2d4851a1d" />
    <TestEntry testId="37f7b021-b346-2de5-9e87-1238964781a9" executionId="030b06d0-0cd9-4085-9787-3571b5a10b88" testListId="8c84fa94-04c1-424b-9868-57a2d4851a1d" />
    <TestEntry testId="119fd932-00b9-7fbe-12db-0f5b42164ab2" executionId="2414dad8-497a-40ee-acb7-de0835ca5500" testListId="8c84fa94-04c1-424b-9868-57a2d4851a1d" />
    <TestEntry testId="9c90dcdb-6a98-344a-b4f3-3ae1c73b857b" executionId="b326f843-836a-4fd2-bae4-89685a83dfa8" testListId="8c84fa94-04c1-424b-9868-57a2d4851a1d" />
    <TestEntry testId="d7dc6633-116c-08e2-d0b5-703ac86090d4" executionId="a94d86a0-a13c-49bf-8835-18fecc68040d" testListId="8c84fa94-04c1-424b-9868-57a2d4851a1d" />
    <TestEntry testId="36581b4b-1fe2-391b-cd9b-120d9deffa4b" executionId="95d0e5da-8d45-498c-9ce3-013357a2d17c" testListId="8c84fa94-04c1-424b-9868-57a2d4851a1d" />
    <TestEntry testId="b1ab52bf-e9cb-56e8-410c-9dec72d437e6" executionId="7a941cc4-0d94-49c8-ae30-b397b1dd6fe0" testListId="8c84fa94-04c1-424b-9868-57a2d4851a1d" />
    <TestEntry testId="d3a28978-4600-9c3c-739f-02fbf7704d58" executionId="b7d0ea99-6a5b-4f74-97af-e2bb9966a5f1" testListId="8c84fa94-04c1-424b-9868-57a2d4851a1d" />
  </TestEntries>
  <TestLists>
    <TestList name="Resultados sin formato de lista" id="8c84fa94-04c1-424b-9868-57a2d4851a1d" />
    <TestList name="Todos los resultados cargados" id="19431567-8539-422a-85d7-44ee4e166bda" />
  </TestLists>
  <ResultSummary outcome="Completed">
    <Counters total="33" executed="33" passed="33" failed="0" error="0" timeout="0" aborted="0" inconclusive="0" passedButRunAborted="0" notRunnable="0" notExecuted="0" disconnected="0" warning="0" completed="0" inProgress="0" pending="0" />
    <Output>
      <StdOut>[xUnit.net 00:00:00.00] xUnit.net VSTest Adapter v2.5.6+bf9b858c26 (64-bit .NET 8.0.27)
[xUnit.net 00:00:00.02]   Discovering: Alis.Extension.Math.HighSpeedPriorityQueue.Test
[xUnit.net 00:00:00.04]   Discovered:  Alis.Extension.Math.HighSpeedPriorityQueue.Test
[xUnit.net 00:00:00.04]   Starting:    Alis.Extension.Math.HighSpeedPriorityQueue.Test
[xUnit.net 00:00:00.09]   Finished:    Alis.Extension.Math.HighSpeedPriorityQueue.Test
</StdOut>
    </Output>
    <CollectorDataEntries>
      <Collector agentName="MacBook-Pro-de-Pablo" uri="datacollector://microsoft/CoverletCodeCoverage/1.0" collectorDisplayName="XPlat code coverage">
        <UriAttachments>
          <UriAttachment>
            <A href="MacBook-Pro-de-Pablo/coverage.cobertura.xml"></A>
          </UriAttachment>
        </UriAttachments>
      </Collector>
    </CollectorDataEntries>
  </ResultSummary>
</TestRun>