<?xml version="1.0" encoding="utf-8"?>
<TestRun id="1c7a0aad-dc6e-47e8-81c6-fae9ed782c6d" name="@MacBook-Pro-de-Pablo 2026-08-15 23:06:41" xmlns="http://microsoft.com/schemas/VisualStudio/TeamTest/2010">
  <Times creation="2026-08-15T23:06:41.8996490+01:00" queuing="2026-08-15T23:06:41.8996490+01:00" start="2026-08-15T23:06:39.6249670+01:00" finish="2026-08-15T23:06:42.2471580+01:00" />
  <TestSettings name="default" id="e1155446-b173-4729-9b2a-4baed3a802e2">
    <Deployment runDeploymentRoot="_MacBook-Pro-de-Pablo_2026-08-15_23_06_41" />
  </TestSettings>
  <Results>
    <UnitTestResult executionId="a3ce70f6-9bb4-449b-b39c-499b6a5f1d3c" testId="035dd7d8-f56b-195c-a875-4b909b296fa1" testName="Alis.Extension.Graphic.Sfml.Test.Windows.VideoModeRemainingCoverageTests.ToString_ContainsAllValues" computerName="MacBook-Pro-de-Pablo" duration="00:00:00.0000520" startTime="2026-08-15T23:06:41.8834510+01:00" endTime="2026-08-15T23:06:41.8834510+01:00" testType="13cdc9d9-ddb5-4fa4-a97d-d965ccfc6d4b" outcome="Passed" testListId="8c84fa94-04c1-424b-9868-57a2d4851a1d" relativeResultsDirectory="a3ce70f6-9bb4-449b-b39c-499b6a5f1d3c" />
    <UnitTestResult executionId="1c71a74c-29b0-49af-a763-aba7bdecb9f7" testId="8ceead94-e62a-df0a-431d-a446a6f6b940" testName="Alis.Extension.Graphic.Sfml.Test.Windows.VideoModeRemainingCoverageTests.FullscreenModes_EachModeHasValidDimensions" computerName="MacBook-Pro-de-Pablo" duration="00:00:00.0000388" startTime="2026-08-15T23:06:41.8783800+01:00" endTime="2026-08-15T23:06:41.8783800+01:00" testType="13cdc9d9-ddb5-4fa4-a97d-d965ccfc6d4b" outcome="Passed" testListId="8c84fa94-04c1-424b-9868-57a2d4851a1d" relativeResultsDirectory="1c71a74c-29b0-49af-a763-aba7bdecb9f7" />
    <UnitTestResult executionId="aeb6f002-4954-45a4-ab77-21fbc96f4bea" testId="e6175d75-cf0a-72ad-4496-e7b6b50658c9" testName="Alis.Extension.Graphic.Sfml.Test.Windows.VideoModeTest.ToString_ReturnsCorrectFormat" computerName="MacBook-Pro-de-Pablo" duration="00:00:00.0000343" startTime="2026-08-15T23:06:41.8447950+01:00" endTime="2026-08-15T23:06:41.8447950+01:00" testType="13cdc9d9-ddb5-4fa4-a97d-d965ccfc6d4b" outcome="Passed" testListId="8c84fa94-04c1-424b-9868-57a2d4851a1d" relativeResultsDirectory="aeb6f002-4954-45a4-ab77-21fbc96f4bea" />
    <UnitTestResult executionId="727bfc5e-30d6-4e44-bf75-119860f8de61" testId="b121eddc-5b8f-da5a-43da-8c93410764e9" testName="Alis.Extension.Graphic.Sfml.Test.Windows.VideoModeTests.Fields_CanBeSetDirectly" computerName="MacBook-Pro-de-Pablo" duration="00:00:00.0000328" startTime="2026-08-15T23:06:41.8849180+01:00" endTime="2026-08-15T23:06:41.8849180+01:00" testType="13cdc9d9-ddb5-4fa4-a97d-d965ccfc6d4b" outcome="Passed" testListId="8c84fa94-04c1-424b-9868-57a2d4851a1d" relativeResultsDirectory="727bfc5e-30d6-4e44-bf75-119860f8de61" />
    <UnitTestResult executionId="2c477532-a222-4e99-8a45-b0b3644da83d" testId="e13d2b2c-86df-d044-62d3-581233396a79" testName="Alis.Extension.Graphic.Sfml.Test.Windows.VideoModeRemainingCoverageTests.FullscreenModes_WithoutNativeLibrary_Throws" computerName="MacBook-Pro-de-Pablo" duration="00:00:00.0001430" startTime="2026-08-15T23:06:41.8786540+01:00" endTime="2026-08-15T23:06:41.8786540+01:00" testType="13cdc9d9-ddb5-4fa4-a97d-d965ccfc6d4b" outcome="Passed" testListId="8c84fa94-04c1-424b-9868-57a2d4851a1d" relativeResultsDirectory="2c477532-a222-4e99-8a45-b0b3644da83d" />
    <UnitTestResult executionId="7e05e018-4107-4b06-91c3-bded2f2274fb" testId="1fe3cb33-ff87-2bc1-cbd1-969c083ffe6d" testName="Alis.Extension.Graphic.Sfml.Test.Windows.VideoModeRemainingCoverageTests.IsValid_WithoutNativeLibrary_Throws" computerName="MacBook-Pro-de-Pablo" duration="00:00:00.0002035" startTime="2026-08-15T23:06:41.8837880+01:00" endTime="2026-08-15T23:06:41.8837880+01:00" testType="13cdc9d9-ddb5-4fa4-a97d-d965ccfc6d4b" outcome="Passed" testListId="8c84fa94-04c1-424b-9868-57a2d4851a1d" relativeResultsDirectory="7e05e018-4107-4b06-91c3-bded2f2274fb" />
    <UnitTestResult executionId="accf96b4-b787-46cb-b145-7bd4e5a64f1b" testId="54cf6487-4f17-de7f-fa4c-bbb5155c12cf" testName="Alis.Extension.Graphic.Sfml.Test.Windows.VideoModeTest.Constructor_WithWidthHeightAndBpp_SetsAllFields" computerName="MacBook-Pro-de-Pablo" duration="00:00:00.0000505" startTime="2026-08-15T23:06:41.8406900+01:00" endTime="2026-08-15T23:06:41.8406910+01:00" testType="13cdc9d9-ddb5-4fa4-a97d-d965ccfc6d4b" outcome="Passed" testListId="8c84fa94-04c1-424b-9868-57a2d4851a1d" relativeResultsDirectory="accf96b4-b787-46cb-b145-7bd4e5a64f1b" />
    <UnitTestResult executionId="41e5630b-4bb4-4fbe-849e-6f02101423dd" testId="301e46ac-f29f-62fe-b37b-8db694fb2b39" testName="Alis.Extension.Graphic.Sfml.Test.Windows.VideoModeTests.ToString_ReturnsCorrectFormat" computerName="MacBook-Pro-de-Pablo" duration="00:00:00.0000390" startTime="2026-08-15T23:06:41.8847500+01:00" endTime="2026-08-15T23:06:41.8847500+01:00" testType="13cdc9d9-ddb5-4fa4-a97d-d965ccfc6d4b" outcome="Passed" testListId="8c84fa94-04c1-424b-9868-57a2d4851a1d" relativeResultsDirectory="41e5630b-4bb4-4fbe-849e-6f02101423dd" />
    <UnitTestResult executionId="979c330e-76ee-474b-9c8a-10a5a631428e" testId="a5bb0811-0af7-cd72-6a4e-1560ac5aea6f" testName="Alis.Extension.Graphic.Sfml.Test.Windows.VideoModeTest.Constructor_WithZeroValues_SetsCorrectly" computerName="MacBook-Pro-de-Pablo" duration="00:00:00.0032924" startTime="2026-08-15T23:06:41.8367260+01:00" endTime="2026-08-15T23:06:41.8367330+01:00" testType="13cdc9d9-ddb5-4fa4-a97d-d965ccfc6d4b" outcome="Passed" testListId="8c84fa94-04c1-424b-9868-57a2d4851a1d" relativeResultsDirectory="979c330e-76ee-474b-9c8a-10a5a631428e" />
    <UnitTestResult executionId="e01c87c4-caaf-4f4a-848f-f02b992876a8" testId="6e056338-7c98-70a4-c20f-a6e77bbbbfc7" testName="Alis.Extension.Graphic.Sfml.Test.Windows.VideoModeRemainingCoverageTests.IsValid_WithCommonResolution_ReturnsTrue" computerName="MacBook-Pro-de-Pablo" duration="00:00:00.0000220" startTime="2026-08-15T23:06:41.8675550+01:00" endTime="2026-08-15T23:06:41.8675550+01:00" testType="13cdc9d9-ddb5-4fa4-a97d-d965ccfc6d4b" outcome="Passed" testListId="8c84fa94-04c1-424b-9868-57a2d4851a1d" relativeResultsDirectory="e01c87c4-caaf-4f4a-848f-f02b992876a8" />
    <UnitTestResult executionId="0e07db38-c4a3-49d1-942f-62487b78b874" testId="52377110-c301-8d7a-7edd-c1a422a0ff24" testName="Alis.Extension.Graphic.Sfml.Test.Windows.VideoModeRemainingCoverageTests.FullscreenModes_ReturnsNonNullArray" computerName="MacBook-Pro-de-Pablo" duration="00:00:00.0000438" startTime="2026-08-15T23:06:41.8782090+01:00" endTime="2026-08-15T23:06:41.8782090+01:00" testType="13cdc9d9-ddb5-4fa4-a97d-d965ccfc6d4b" outcome="Passed" testListId="8c84fa94-04c1-424b-9868-57a2d4851a1d" relativeResultsDirectory="0e07db38-c4a3-49d1-942f-62487b78b874" />
    <UnitTestResult executionId="a5e4d2ca-fb3a-4fec-af05-c79fec42f260" testId="6f8be0f4-517b-4523-5272-0e0c68575683" testName="Alis.Extension.Graphic.Sfml.Test.Windows.VideoModeRemainingCoverageTests.Constructor_WithZeroValues_AssignsZeroFields" computerName="MacBook-Pro-de-Pablo" duration="00:00:00.0000335" startTime="2026-08-15T23:06:41.8795190+01:00" endTime="2026-08-15T23:06:41.8795190+01:00" testType="13cdc9d9-ddb5-4fa4-a97d-d965ccfc6d4b" outcome="Passed" testListId="8c84fa94-04c1-424b-9868-57a2d4851a1d" relativeResultsDirectory="a5e4d2ca-fb3a-4fec-af05-c79fec42f260" />
    <UnitTestResult executionId="200d084e-5ee7-4cea-8952-d67da230b050" testId="a232daab-23e5-60f1-1e9c-924fc12e853e" testName="Alis.Extension.Graphic.Sfml.Test.Windows.VideoModeTest.Constructor_WithWidthAndHeight_SetsDefaults" computerName="MacBook-Pro-de-Pablo" duration="00:00:00.0000297" startTime="2026-08-15T23:06:41.8446260+01:00" endTime="2026-08-15T23:06:41.8446260+01:00" testType="13cdc9d9-ddb5-4fa4-a97d-d965ccfc6d4b" outcome="Passed" testListId="8c84fa94-04c1-424b-9868-57a2d4851a1d" relativeResultsDirectory="200d084e-5ee7-4cea-8952-d67da230b050" />
    <UnitTestResult executionId="7e8b1cb5-990f-4b6e-bfe5-8f4f38ab9c72" testId="61802036-4046-8cc0-2d7a-7a96c64ed3e4" testName="Alis.Extension.Graphic.Sfml.Test.Windows.VideoModeRemainingCoverageTests.FullscreenModes_ReturnsAtLeastOneMode" computerName="MacBook-Pro-de-Pablo" duration="00:00:00.0211572" startTime="2026-08-15T23:06:41.8669340+01:00" endTime="2026-08-15T23:06:41.8669340+01:00" testType="13cdc9d9-ddb5-4fa4-a97d-d965ccfc6d4b" outcome="Passed" testListId="8c84fa94-04c1-424b-9868-57a2d4851a1d" relativeResultsDirectory="7e8b1cb5-990f-4b6e-bfe5-8f4f38ab9c72" />
    <UnitTestResult executionId="166c4c0a-28af-43b7-b3eb-53a882a18042" testId="1d12b2d9-7d60-5c65-d6a7-92257ad76f9f" testName="Alis.Extension.Graphic.Sfml.Test.Windows.VideoModeTests.Constructor_WithWidthHeightAndBpp_SetsAllFields" computerName="MacBook-Pro-de-Pablo" duration="00:00:00.0000493" startTime="2026-08-15T23:06:41.8845730+01:00" endTime="2026-08-15T23:06:41.8845730+01:00" testType="13cdc9d9-ddb5-4fa4-a97d-d965ccfc6d4b" outcome="Passed" testListId="8c84fa94-04c1-424b-9868-57a2d4851a1d" relativeResultsDirectory="166c4c0a-28af-43b7-b3eb-53a882a18042" />
    <UnitTestResult executionId="2cb438fa-de9a-412c-8dc3-7c3e4aa67b35" testId="27faafc1-d726-9dd8-1dc2-087b82a077d0" testName="Alis.Extension.Graphic.Sfml.Test.Windows.VideoModeRemainingCoverageTests.Fields_CanBeMutatedDirectly" computerName="MacBook-Pro-de-Pablo" duration="00:00:00.0000353" startTime="2026-08-15T23:06:41.8788230+01:00" endTime="2026-08-15T23:06:41.8788240+01:00" testType="13cdc9d9-ddb5-4fa4-a97d-d965ccfc6d4b" outcome="Passed" testListId="8c84fa94-04c1-424b-9868-57a2d4851a1d" relativeResultsDirectory="2cb438fa-de9a-412c-8dc3-7c3e4aa67b35" />
    <UnitTestResult executionId="51991b5f-e135-4ac0-a5ec-53a078348c1d" testId="ecb95389-57df-7ab7-89ee-fedb323ef09c" testName="Alis.Extension.Graphic.Sfml.Test.Windows.VideoModeRemainingCoverageTests.IsValid_WithZeroResolution_ReturnsFalse" computerName="MacBook-Pro-de-Pablo" duration="00:00:00.0001564" startTime="2026-08-15T23:06:41.8673760+01:00" endTime="2026-08-15T23:06:41.8673760+01:00" testType="13cdc9d9-ddb5-4fa4-a97d-d965ccfc6d4b" outcome="Passed" testListId="8c84fa94-04c1-424b-9868-57a2d4851a1d" relativeResultsDirectory="51991b5f-e135-4ac0-a5ec-53a078348c1d" />
    <UnitTestResult executionId="b33bdb78-16aa-4470-b120-acc3ebebab91" testId="38d30ecb-953c-69e6-674f-2d95eb0886b6" testName="Alis.Extension.Graphic.Sfml.Test.Windows.VideoModeRemainingCoverageTests.DesktopMode_ReturnsNonZeroWidth" computerName="MacBook-Pro-de-Pablo" duration="00:00:00.0001955" startTime="2026-08-15T23:06:41.8774000+01:00" endTime="2026-08-15T23:06:41.8774000+01:00" testType="13cdc9d9-ddb5-4fa4-a97d-d965ccfc6d4b" outcome="Passed" testListId="8c84fa94-04c1-424b-9868-57a2d4851a1d" relativeResultsDirectory="b33bdb78-16aa-4470-b120-acc3ebebab91" />
    <UnitTestResult executionId="ddc0f2fd-d398-4940-a282-68f3e89cd7c7" testId="a92f04e1-8596-de7c-88f6-e75894063718" testName="Alis.Extension.Graphic.Sfml.Test.Windows.VideoModeRemainingCoverageTests.DesktopMode_ReturnsNonZeroBitsPerPixel" computerName="MacBook-Pro-de-Pablo" duration="00:00:00.0035460" startTime="2026-08-15T23:06:41.8832200+01:00" endTime="2026-08-15T23:06:41.8832200+01:00" testType="13cdc9d9-ddb5-4fa4-a97d-d965ccfc6d4b" outcome="Passed" testListId="8c84fa94-04c1-424b-9868-57a2d4851a1d" relativeResultsDirectory="ddc0f2fd-d398-4940-a282-68f3e89cd7c7" />
    <UnitTestResult executionId="05f0fb02-6283-4d2c-9c28-f39f8d2c8d61" testId="cc9e2baa-29c7-af0a-f2ae-78c9fa0a9c69" testName="Alis.Extension.Graphic.Sfml.Test.Windows.VideoModeRemainingCoverageTests.DesktopMode_ReturnsNonZeroHeight" computerName="MacBook-Pro-de-Pablo" duration="00:00:00.0001221" startTime="2026-08-15T23:06:41.8842980+01:00" endTime="2026-08-15T23:06:41.8842980+01:00" testType="13cdc9d9-ddb5-4fa4-a97d-d965ccfc6d4b" outcome="Passed" testListId="8c84fa94-04c1-424b-9868-57a2d4851a1d" relativeResultsDirectory="05f0fb02-6283-4d2c-9c28-f39f8d2c8d61" />
    <UnitTestResult executionId="cf5784fa-70f7-4d23-8efe-49f538d76801" testId="7f6a034b-13a0-863b-a81a-58f6764240b3" testName="Alis.Extension.Graphic.Sfml.Test.Windows.VideoModeTests.ToString_IncludesComponentNames" computerName="MacBook-Pro-de-Pablo" duration="00:00:00.0000335" startTime="2026-08-15T23:06:41.8855720+01:00" endTime="2026-08-15T23:06:41.8855720+01:00" testType="13cdc9d9-ddb5-4fa4-a97d-d965ccfc6d4b" outcome="Passed" testListId="8c84fa94-04c1-424b-9868-57a2d4851a1d" relativeResultsDirectory="cf5784fa-70f7-4d23-8efe-49f538d76801" />
    <UnitTestResult executionId="bc9b785f-4328-4398-9054-3aa486c13064" testId="cb789082-9176-19bf-2be4-96001964e574" testName="Alis.Extension.Graphic.Sfml.Test.Windows.VideoModeTests.Constructor_WithWidthAndHeight_SetsDefaults" computerName="MacBook-Pro-de-Pablo" duration="00:00:00.0000316" startTime="2026-08-15T23:06:41.8852360+01:00" endTime="2026-08-15T23:06:41.8852360+01:00" testType="13cdc9d9-ddb5-4fa4-a97d-d965ccfc6d4b" outcome="Passed" testListId="8c84fa94-04c1-424b-9868-57a2d4851a1d" relativeResultsDirectory="bc9b785f-4328-4398-9054-3aa486c13064" />
    <UnitTestResult executionId="98f5761c-ba74-4cf5-abac-7b273a2d8bea" testId="1ab43fa7-248b-1894-98a8-8df34ae6d706" testName="Alis.Extension.Graphic.Sfml.Test.Windows.VideoModeRemainingCoverageTests.DesktopMode_WithoutNativeLibrary_Throws" computerName="MacBook-Pro-de-Pablo" duration="00:00:00.0003153" startTime="2026-08-15T23:06:41.8780230+01:00" endTime="2026-08-15T23:06:41.8780230+01:00" testType="13cdc9d9-ddb5-4fa4-a97d-d965ccfc6d4b" outcome="Passed" testListId="8c84fa94-04c1-424b-9868-57a2d4851a1d" relativeResultsDirectory="98f5761c-ba74-4cf5-abac-7b273a2d8bea" />
    <UnitTestResult executionId="929d6999-2199-4559-bc4e-3694e8449da2" testId="2f1e8002-6090-7205-0392-6f68e4322743" testName="Alis.Extension.Graphic.Sfml.Test.Windows.VideoModeRemainingCoverageTests.Constructor_WithWidthAndHeight_DefaultsBppTo32" computerName="MacBook-Pro-de-Pablo" duration="00:00:00.0000332" startTime="2026-08-15T23:06:41.8775740+01:00" endTime="2026-08-15T23:06:41.8775740+01:00" testType="13cdc9d9-ddb5-4fa4-a97d-d965ccfc6d4b" outcome="Passed" testListId="8c84fa94-04c1-424b-9868-57a2d4851a1d" relativeResultsDirectory="929d6999-2199-4559-bc4e-3694e8449da2" />
    <UnitTestResult executionId="4e338fed-3574-4c84-8df6-96bb4c07357f" testId="6468abc1-4ea5-778e-99c1-8918f8eebbbe" testName="Alis.Extension.Graphic.Sfml.Test.Windows.VideoModeRemainingCoverageTests.ToString_ContainsComponentLabels" computerName="MacBook-Pro-de-Pablo" duration="00:00:00.0000608" startTime="2026-08-15T23:06:41.8768320+01:00" endTime="2026-08-15T23:06:41.8768320+01:00" testType="13cdc9d9-ddb5-4fa4-a97d-d965ccfc6d4b" outcome="Passed" testListId="8c84fa94-04c1-424b-9868-57a2d4851a1d" relativeResultsDirectory="4e338fed-3574-4c84-8df6-96bb4c07357f" />
    <UnitTestResult executionId="bc1563db-8782-4877-a1d5-f24440c5dbdf" testId="394f2e46-843e-ab64-6053-ecc4307dcf06" testName="Alis.Extension.Graphic.Sfml.Test.Windows.VideoModeTests.Constructor_WithZeroValues_SetsCorrectly" computerName="MacBook-Pro-de-Pablo" duration="00:00:00.0000292" startTime="2026-08-15T23:06:41.8854000+01:00" endTime="2026-08-15T23:06:41.8854000+01:00" testType="13cdc9d9-ddb5-4fa4-a97d-d965ccfc6d4b" outcome="Passed" testListId="8c84fa94-04c1-424b-9868-57a2d4851a1d" relativeResultsDirectory="bc1563db-8782-4877-a1d5-f24440c5dbdf" />
    <UnitTestResult executionId="67d1f91c-bddc-47db-94cb-61bb4d6ccf94" testId="d8ea780e-4d6a-7a11-f5d2-8ec178194374" testName="Alis.Extension.Graphic.Sfml.Test.Windows.VideoModeRemainingCoverageTests.Constructor_WithWidthHeightAndBpp_AssignsAllFields" computerName="MacBook-Pro-de-Pablo" duration="00:00:00.0000406" startTime="2026-08-15T23:06:41.8770600+01:00" endTime="2026-08-15T23:06:41.8770600+01:00" testType="13cdc9d9-ddb5-4fa4-a97d-d965ccfc6d4b" outcome="Passed" testListId="8c84fa94-04c1-424b-9868-57a2d4851a1d" relativeResultsDirectory="67d1f91c-bddc-47db-94cb-61bb4d6ccf94" />
    <UnitTestResult executionId="53c3209a-11e6-4e62-aca2-12c8da2c13c6" testId="4c81a146-7812-b62d-f89d-4ada40eed52f" testName="Alis.Extension.Graphic.Sfml.Test.Windows.VideoModeTest.Fields_CanBeSetDirectly" computerName="MacBook-Pro-de-Pablo" duration="00:00:00.0000363" startTime="2026-08-15T23:06:41.8444550+01:00" endTime="2026-08-15T23:06:41.8444550+01:00" testType="13cdc9d9-ddb5-4fa4-a97d-d965ccfc6d4b" outcome="Passed" testListId="8c84fa94-04c1-424b-9868-57a2d4851a1d" relativeResultsDirectory="53c3209a-11e6-4e62-aca2-12c8da2c13c6" />
    <UnitTestResult executionId="7aafc028-0b9a-43f8-9651-977775d27757" testId="c652aaad-5220-ff62-4358-2b1ade62c8c9" testName="Alis.Extension.Graphic.Sfml.Test.Windows.VideoModeTest.ToString_IncludesComponentNames" computerName="MacBook-Pro-de-Pablo" duration="00:00:00.0032658" startTime="2026-08-15T23:06:41.8442710+01:00" endTime="2026-08-15T23:06:41.8442710+01:00" testType="13cdc9d9-ddb5-4fa4-a97d-d965ccfc6d4b" outcome="Passed" testListId="8c84fa94-04c1-424b-9868-57a2d4851a1d" relativeResultsDirectory="7aafc028-0b9a-43f8-9651-977775d27757" />
    <UnitTestResult executionId="0214ac13-b486-4fb4-8825-9b94eeee3989" testId="bcb5ca51-85e3-75fc-0afb-78be3eaa438e" testName="Alis.Extension.Graphic.Sfml.Test.Windows.VideoModeRemainingCoverageTests.IsValid_WithDesktopMode_ReturnsTrue" computerName="MacBook-Pro-de-Pablo" duration="00:00:00.0001104" startTime="2026-08-15T23:06:41.8840340+01:00" endTime="2026-08-15T23:06:41.8840340+01:00" testType="13cdc9d9-ddb5-4fa4-a97d-d965ccfc6d4b" outcome="Passed" testListId="8c84fa94-04c1-424b-9868-57a2d4851a1d" relativeResultsDirectory="0214ac13-b486-4fb4-8825-9b94eeee3989" />
  </Results>
  <TestDefinitions>
    <UnitTest name="Alis.Extension.Graphic.Sfml.Test.Windows.VideoModeRemainingCoverageTests.FullscreenModes_WithoutNativeLibrary_Throws" storage="/users/pabllopf/repositorios/alis/1_presentation/extension/graphic/sfml/test/bin/debug/lib/alis.extension.graphic.sfml.test.dll" id="e13d2b2c-86df-d044-62d3-581233396a79">
      <Execution id="2c477532-a222-4e99-8a45-b0b3644da83d" />
      <TestMethod codeBase="/Users/pabllopf/repositorios/Alis/1_Presentation/Extension/Graphic/Sfml/test/bin/Debug/lib/Alis.Extension.Graphic.Sfml.Test.dll" adapterTypeName="executor://xunit/VsTestRunner2/netcoreapp" className="Alis.Extension.Graphic.Sfml.Test.Windows.VideoModeRemainingCoverageTests" name="FullscreenModes_WithoutNativeLibrary_Throws" />
    </UnitTest>
    <UnitTest name="Alis.Extension.Graphic.Sfml.Test.Windows.VideoModeRemainingCoverageTests.IsValid_WithCommonResolution_ReturnsTrue" storage="/users/pabllopf/repositorios/alis/1_presentation/extension/graphic/sfml/test/bin/debug/lib/alis.extension.graphic.sfml.test.dll" id="6e056338-7c98-70a4-c20f-a6e77bbbbfc7">
      <Execution id="e01c87c4-caaf-4f4a-848f-f02b992876a8" />
      <TestMethod codeBase="/Users/pabllopf/repositorios/Alis/1_Presentation/Extension/Graphic/Sfml/test/bin/Debug/lib/Alis.Extension.Graphic.Sfml.Test.dll" adapterTypeName="executor://xunit/VsTestRunner2/netcoreapp" className="Alis.Extension.Graphic.Sfml.Test.Windows.VideoModeRemainingCoverageTests" name="IsValid_WithCommonResolution_ReturnsTrue" />
    </UnitTest>
    <UnitTest name="Alis.Extension.Graphic.Sfml.Test.Windows.VideoModeRemainingCoverageTests.ToString_ContainsAllValues" storage="/users/pabllopf/repositorios/alis/1_presentation/extension/graphic/sfml/test/bin/debug/lib/alis.extension.graphic.sfml.test.dll" id="035dd7d8-f56b-195c-a875-4b909b296fa1">
      <Execution id="a3ce70f6-9bb4-449b-b39c-499b6a5f1d3c" />
      <TestMethod codeBase="/Users/pabllopf/repositorios/Alis/1_Presentation/Extension/Graphic/Sfml/test/bin/Debug/lib/Alis.Extension.Graphic.Sfml.Test.dll" adapterTypeName="executor://xunit/VsTestRunner2/netcoreapp" className="Alis.Extension.Graphic.Sfml.Test.Windows.VideoModeRemainingCoverageTests" name="ToString_ContainsAllValues" />
    </UnitTest>
    <UnitTest name="Alis.Extension.Graphic.Sfml.Test.Windows.VideoModeRemainingCoverageTests.DesktopMode_ReturnsNonZeroWidth" storage="/users/pabllopf/repositorios/alis/1_presentation/extension/graphic/sfml/test/bin/debug/lib/alis.extension.graphic.sfml.test.dll" id="38d30ecb-953c-69e6-674f-2d95eb0886b6">
      <Execution id="b33bdb78-16aa-4470-b120-acc3ebebab91" />
      <TestMethod codeBase="/Users/pabllopf/repositorios/Alis/1_Presentation/Extension/Graphic/Sfml/test/bin/Debug/lib/Alis.Extension.Graphic.Sfml.Test.dll" adapterTypeName="executor://xunit/VsTestRunner2/netcoreapp" className="Alis.Extension.Graphic.Sfml.Test.Windows.VideoModeRemainingCoverageTests" name="DesktopMode_ReturnsNonZeroWidth" />
    </UnitTest>
    <UnitTest name="Alis.Extension.Graphic.Sfml.Test.Windows.VideoModeRemainingCoverageTests.FullscreenModes_ReturnsAtLeastOneMode" storage="/users/pabllopf/repositorios/alis/1_presentation/extension/graphic/sfml/test/bin/debug/lib/alis.extension.graphic.sfml.test.dll" id="61802036-4046-8cc0-2d7a-7a96c64ed3e4">
      <Execution id="7e8b1cb5-990f-4b6e-bfe5-8f4f38ab9c72" />
      <TestMethod codeBase="/Users/pabllopf/repositorios/Alis/1_Presentation/Extension/Graphic/Sfml/test/bin/Debug/lib/Alis.Extension.Graphic.Sfml.Test.dll" adapterTypeName="executor://xunit/VsTestRunner2/netcoreapp" className="Alis.Extension.Graphic.Sfml.Test.Windows.VideoModeRemainingCoverageTests" name="FullscreenModes_ReturnsAtLeastOneMode" />
    </UnitTest>
    <UnitTest name="Alis.Extension.Graphic.Sfml.Test.Windows.VideoModeTests.Fields_CanBeSetDirectly" storage="/users/pabllopf/repositorios/alis/1_presentation/extension/graphic/sfml/test/bin/debug/lib/alis.extension.graphic.sfml.test.dll" id="b121eddc-5b8f-da5a-43da-8c93410764e9">
      <Execution id="727bfc5e-30d6-4e44-bf75-119860f8de61" />
      <TestMethod codeBase="/Users/pabllopf/repositorios/Alis/1_Presentation/Extension/Graphic/Sfml/test/bin/Debug/lib/Alis.Extension.Graphic.Sfml.Test.dll" adapterTypeName="executor://xunit/VsTestRunner2/netcoreapp" className="Alis.Extension.Graphic.Sfml.Test.Windows.VideoModeTests" name="Fields_CanBeSetDirectly" />
    </UnitTest>
    <UnitTest name="Alis.Extension.Graphic.Sfml.Test.Windows.VideoModeRemainingCoverageTests.DesktopMode_WithoutNativeLibrary_Throws" storage="/users/pabllopf/repositorios/alis/1_presentation/extension/graphic/sfml/test/bin/debug/lib/alis.extension.graphic.sfml.test.dll" id="1ab43fa7-248b-1894-98a8-8df34ae6d706">
      <Execution id="98f5761c-ba74-4cf5-abac-7b273a2d8bea" />
      <TestMethod codeBase="/Users/pabllopf/repositorios/Alis/1_Presentation/Extension/Graphic/Sfml/test/bin/Debug/lib/Alis.Extension.Graphic.Sfml.Test.dll" adapterTypeName="executor://xunit/VsTestRunner2/netcoreapp" className="Alis.Extension.Graphic.Sfml.Test.Windows.VideoModeRemainingCoverageTests" name="DesktopMode_WithoutNativeLibrary_Throws" />
    </UnitTest>
    <UnitTest name="Alis.Extension.Graphic.Sfml.Test.Windows.VideoModeRemainingCoverageTests.Fields_CanBeMutatedDirectly" storage="/users/pabllopf/repositorios/alis/1_presentation/extension/graphic/sfml/test/bin/debug/lib/alis.extension.graphic.sfml.test.dll" id="27faafc1-d726-9dd8-1dc2-087b82a077d0">
      <Execution id="2cb438fa-de9a-412c-8dc3-7c3e4aa67b35" />
      <TestMethod codeBase="/Users/pabllopf/repositorios/Alis/1_Presentation/Extension/Graphic/Sfml/test/bin/Debug/lib/Alis.Extension.Graphic.Sfml.Test.dll" adapterTypeName="executor://xunit/VsTestRunner2/netcoreapp" className="Alis.Extension.Graphic.Sfml.Test.Windows.VideoModeRemainingCoverageTests" name="Fields_CanBeMutatedDirectly" />
    </UnitTest>
    <UnitTest name="Alis.Extension.Graphic.Sfml.Test.Windows.VideoModeTests.ToString_IncludesComponentNames" storage="/users/pabllopf/repositorios/alis/1_presentation/extension/graphic/sfml/test/bin/debug/lib/alis.extension.graphic.sfml.test.dll" id="7f6a034b-13a0-863b-a81a-58f6764240b3">
      <Execution id="cf5784fa-70f7-4d23-8efe-49f538d76801" />
      <TestMethod codeBase="/Users/pabllopf/repositorios/Alis/1_Presentation/Extension/Graphic/Sfml/test/bin/Debug/lib/Alis.Extension.Graphic.Sfml.Test.dll" adapterTypeName="executor://xunit/VsTestRunner2/netcoreapp" className="Alis.Extension.Graphic.Sfml.Test.Windows.VideoModeTests" name="ToString_IncludesComponentNames" />
    </UnitTest>
    <UnitTest name="Alis.Extension.Graphic.Sfml.Test.Windows.VideoModeRemainingCoverageTests.Constructor_WithZeroValues_AssignsZeroFields" storage="/users/pabllopf/repositorios/alis/1_presentation/extension/graphic/sfml/test/bin/debug/lib/alis.extension.graphic.sfml.test.dll" id="6f8be0f4-517b-4523-5272-0e0c68575683">
      <Execution id="a5e4d2ca-fb3a-4fec-af05-c79fec42f260" />
      <TestMethod codeBase="/Users/pabllopf/repositorios/Alis/1_Presentation/Extension/Graphic/Sfml/test/bin/Debug/lib/Alis.Extension.Graphic.Sfml.Test.dll" adapterTypeName="executor://xunit/VsTestRunner2/netcoreapp" className="Alis.Extension.Graphic.Sfml.Test.Windows.VideoModeRemainingCoverageTests" name="Constructor_WithZeroValues_AssignsZeroFields" />
    </UnitTest>
    <UnitTest name="Alis.Extension.Graphic.Sfml.Test.Windows.VideoModeRemainingCoverageTests.ToString_ContainsComponentLabels" storage="/users/pabllopf/repositorios/alis/1_presentation/extension/graphic/sfml/test/bin/debug/lib/alis.extension.graphic.sfml.test.dll" id="6468abc1-4ea5-778e-99c1-8918f8eebbbe">
      <Execution id="4e338fed-3574-4c84-8df6-96bb4c07357f" />
      <TestMethod codeBase="/Users/pabllopf/repositorios/Alis/1_Presentation/Extension/Graphic/Sfml/test/bin/Debug/lib/Alis.Extension.Graphic.Sfml.Test.dll" adapterTypeName="executor://xunit/VsTestRunner2/netcoreapp" className="Alis.Extension.Graphic.Sfml.Test.Windows.VideoModeRemainingCoverageTests" name="ToString_ContainsComponentLabels" />
    </UnitTest>
    <UnitTest name="Alis.Extension.Graphic.Sfml.Test.Windows.VideoModeTests.Constructor_WithWidthAndHeight_SetsDefaults" storage="/users/pabllopf/repositorios/alis/1_presentation/extension/graphic/sfml/test/bin/debug/lib/alis.extension.graphic.sfml.test.dll" id="cb789082-9176-19bf-2be4-96001964e574">
      <Execution id="bc9b785f-4328-4398-9054-3aa486c13064" />
      <TestMethod codeBase="/Users/pabllopf/repositorios/Alis/1_Presentation/Extension/Graphic/Sfml/test/bin/Debug/lib/Alis.Extension.Graphic.Sfml.Test.dll" adapterTypeName="executor://xunit/VsTestRunner2/netcoreapp" className="Alis.Extension.Graphic.Sfml.Test.Windows.VideoModeTests" name="Constructor_WithWidthAndHeight_SetsDefaults" />
    </UnitTest>
    <UnitTest name="Alis.Extension.Graphic.Sfml.Test.Windows.VideoModeTests.Constructor_WithWidthHeightAndBpp_SetsAllFields" storage="/users/pabllopf/repositorios/alis/1_presentation/extension/graphic/sfml/test/bin/debug/lib/alis.extension.graphic.sfml.test.dll" id="1d12b2d9-7d60-5c65-d6a7-92257ad76f9f">
      <Execution id="166c4c0a-28af-43b7-b3eb-53a882a18042" />
      <TestMethod codeBase="/Users/pabllopf/repositorios/Alis/1_Presentation/Extension/Graphic/Sfml/test/bin/Debug/lib/Alis.Extension.Graphic.Sfml.Test.dll" adapterTypeName="executor://xunit/VsTestRunner2/netcoreapp" className="Alis.Extension.Graphic.Sfml.Test.Windows.VideoModeTests" name="Constructor_WithWidthHeightAndBpp_SetsAllFields" />
    </UnitTest>
    <UnitTest name="Alis.Extension.Graphic.Sfml.Test.Windows.VideoModeRemainingCoverageTests.Constructor_WithWidthAndHeight_DefaultsBppTo32" storage="/users/pabllopf/repositorios/alis/1_presentation/extension/graphic/sfml/test/bin/debug/lib/alis.extension.graphic.sfml.test.dll" id="2f1e8002-6090-7205-0392-6f68e4322743">
      <Execution id="929d6999-2199-4559-bc4e-3694e8449da2" />
      <TestMethod codeBase="/Users/pabllopf/repositorios/Alis/1_Presentation/Extension/Graphic/Sfml/test/bin/Debug/lib/Alis.Extension.Graphic.Sfml.Test.dll" adapterTypeName="executor://xunit/VsTestRunner2/netcoreapp" className="Alis.Extension.Graphic.Sfml.Test.Windows.VideoModeRemainingCoverageTests" name="Constructor_WithWidthAndHeight_DefaultsBppTo32" />
    </UnitTest>
    <UnitTest name="Alis.Extension.Graphic.Sfml.Test.Windows.VideoModeTest.ToString_IncludesComponentNames" storage="/users/pabllopf/repositorios/alis/1_presentation/extension/graphic/sfml/test/bin/debug/lib/alis.extension.graphic.sfml.test.dll" id="c652aaad-5220-ff62-4358-2b1ade62c8c9">
      <Execution id="7aafc028-0b9a-43f8-9651-977775d27757" />
      <TestMethod codeBase="/Users/pabllopf/repositorios/Alis/1_Presentation/Extension/Graphic/Sfml/test/bin/Debug/lib/Alis.Extension.Graphic.Sfml.Test.dll" adapterTypeName="executor://xunit/VsTestRunner2/netcoreapp" className="Alis.Extension.Graphic.Sfml.Test.Windows.VideoModeTest" name="ToString_IncludesComponentNames" />
    </UnitTest>
    <UnitTest name="Alis.Extension.Graphic.Sfml.Test.Windows.VideoModeRemainingCoverageTests.FullscreenModes_EachModeHasValidDimensions" storage="/users/pabllopf/repositorios/alis/1_presentation/extension/graphic/sfml/test/bin/debug/lib/alis.extension.graphic.sfml.test.dll" id="8ceead94-e62a-df0a-431d-a446a6f6b940">
      <Execution id="1c71a74c-29b0-49af-a763-aba7bdecb9f7" />
      <TestMethod codeBase="/Users/pabllopf/repositorios/Alis/1_Presentation/Extension/Graphic/Sfml/test/bin/Debug/lib/Alis.Extension.Graphic.Sfml.Test.dll" adapterTypeName="executor://xunit/VsTestRunner2/netcoreapp" className="Alis.Extension.Graphic.Sfml.Test.Windows.VideoModeRemainingCoverageTests" name="FullscreenModes_EachModeHasValidDimensions" />
    </UnitTest>
    <UnitTest name="Alis.Extension.Graphic.Sfml.Test.Windows.VideoModeTests.Constructor_WithZeroValues_SetsCorrectly" storage="/users/pabllopf/repositorios/alis/1_presentation/extension/graphic/sfml/test/bin/debug/lib/alis.extension.graphic.sfml.test.dll" id="394f2e46-843e-ab64-6053-ecc4307dcf06">
      <Execution id="bc1563db-8782-4877-a1d5-f24440c5dbdf" />
      <TestMethod codeBase="/Users/pabllopf/repositorios/Alis/1_Presentation/Extension/Graphic/Sfml/test/bin/Debug/lib/Alis.Extension.Graphic.Sfml.Test.dll" adapterTypeName="executor://xunit/VsTestRunner2/netcoreapp" className="Alis.Extension.Graphic.Sfml.Test.Windows.VideoModeTests" name="Constructor_WithZeroValues_SetsCorrectly" />
    </UnitTest>
    <UnitTest name="Alis.Extension.Graphic.Sfml.Test.Windows.VideoModeTest.Constructor_WithWidthAndHeight_SetsDefaults" storage="/users/pabllopf/repositorios/alis/1_presentation/extension/graphic/sfml/test/bin/debug/lib/alis.extension.graphic.sfml.test.dll" id="a232daab-23e5-60f1-1e9c-924fc12e853e">
      <Execution id="200d084e-5ee7-4cea-8952-d67da230b050" />
      <TestMethod codeBase="/Users/pabllopf/repositorios/Alis/1_Presentation/Extension/Graphic/Sfml/test/bin/Debug/lib/Alis.Extension.Graphic.Sfml.Test.dll" adapterTypeName="executor://xunit/VsTestRunner2/netcoreapp" className="Alis.Extension.Graphic.Sfml.Test.Windows.VideoModeTest" name="Constructor_WithWidthAndHeight_SetsDefaults" />
    </UnitTest>
    <UnitTest name="Alis.Extension.Graphic.Sfml.Test.Windows.VideoModeRemainingCoverageTests.DesktopMode_ReturnsNonZeroHeight" storage="/users/pabllopf/repositorios/alis/1_presentation/extension/graphic/sfml/test/bin/debug/lib/alis.extension.graphic.sfml.test.dll" id="cc9e2baa-29c7-af0a-f2ae-78c9fa0a9c69">
      <Execution id="05f0fb02-6283-4d2c-9c28-f39f8d2c8d61" />
      <TestMethod codeBase="/Users/pabllopf/repositorios/Alis/1_Presentation/Extension/Graphic/Sfml/test/bin/Debug/lib/Alis.Extension.Graphic.Sfml.Test.dll" adapterTypeName="executor://xunit/VsTestRunner2/netcoreapp" className="Alis.Extension.Graphic.Sfml.Test.Windows.VideoModeRemainingCoverageTests" name="DesktopMode_ReturnsNonZeroHeight" />
    </UnitTest>
    <UnitTest name="Alis.Extension.Graphic.Sfml.Test.Windows.VideoModeTest.Fields_CanBeSetDirectly" storage="/users/pabllopf/repositorios/alis/1_presentation/extension/graphic/sfml/test/bin/debug/lib/alis.extension.graphic.sfml.test.dll" id="4c81a146-7812-b62d-f89d-4ada40eed52f">
      <Execution id="53c3209a-11e6-4e62-aca2-12c8da2c13c6" />
      <TestMethod codeBase="/Users/pabllopf/repositorios/Alis/1_Presentation/Extension/Graphic/Sfml/test/bin/Debug/lib/Alis.Extension.Graphic.Sfml.Test.dll" adapterTypeName="executor://xunit/VsTestRunner2/netcoreapp" className="Alis.Extension.Graphic.Sfml.Test.Windows.VideoModeTest" name="Fields_CanBeSetDirectly" />
    </UnitTest>
    <UnitTest name="Alis.Extension.Graphic.Sfml.Test.Windows.VideoModeRemainingCoverageTests.Constructor_WithWidthHeightAndBpp_AssignsAllFields" storage="/users/pabllopf/repositorios/alis/1_presentation/extension/graphic/sfml/test/bin/debug/lib/alis.extension.graphic.sfml.test.dll" id="d8ea780e-4d6a-7a11-f5d2-8ec178194374">
      <Execution id="67d1f91c-bddc-47db-94cb-61bb4d6ccf94" />
      <TestMethod codeBase="/Users/pabllopf/repositorios/Alis/1_Presentation/Extension/Graphic/Sfml/test/bin/Debug/lib/Alis.Extension.Graphic.Sfml.Test.dll" adapterTypeName="executor://xunit/VsTestRunner2/netcoreapp" className="Alis.Extension.Graphic.Sfml.Test.Windows.VideoModeRemainingCoverageTests" name="Constructor_WithWidthHeightAndBpp_AssignsAllFields" />
    </UnitTest>
    <UnitTest name="Alis.Extension.Graphic.Sfml.Test.Windows.VideoModeTest.Constructor_WithZeroValues_SetsCorrectly" storage="/users/pabllopf/repositorios/alis/1_presentation/extension/graphic/sfml/test/bin/debug/lib/alis.extension.graphic.sfml.test.dll" id="a5bb0811-0af7-cd72-6a4e-1560ac5aea6f">
      <Execution id="979c330e-76ee-474b-9c8a-10a5a631428e" />
      <TestMethod codeBase="/Users/pabllopf/repositorios/Alis/1_Presentation/Extension/Graphic/Sfml/test/bin/Debug/lib/Alis.Extension.Graphic.Sfml.Test.dll" adapterTypeName="executor://xunit/VsTestRunner2/netcoreapp" className="Alis.Extension.Graphic.Sfml.Test.Windows.VideoModeTest" name="Constructor_WithZeroValues_SetsCorrectly" />
    </UnitTest>
    <UnitTest name="Alis.Extension.Graphic.Sfml.Test.Windows.VideoModeTest.ToString_ReturnsCorrectFormat" storage="/users/pabllopf/repositorios/alis/1_presentation/extension/graphic/sfml/test/bin/debug/lib/alis.extension.graphic.sfml.test.dll" id="e6175d75-cf0a-72ad-4496-e7b6b50658c9">
      <Execution id="aeb6f002-4954-45a4-ab77-21fbc96f4bea" />
      <TestMethod codeBase="/Users/pabllopf/repositorios/Alis/1_Presentation/Extension/Graphic/Sfml/test/bin/Debug/lib/Alis.Extension.Graphic.Sfml.Test.dll" adapterTypeName="executor://xunit/VsTestRunner2/netcoreapp" className="Alis.Extension.Graphic.Sfml.Test.Windows.VideoModeTest" name="ToString_ReturnsCorrectFormat" />
    </UnitTest>
    <UnitTest name="Alis.Extension.Graphic.Sfml.Test.Windows.VideoModeRemainingCoverageTests.DesktopMode_ReturnsNonZeroBitsPerPixel" storage="/users/pabllopf/repositorios/alis/1_presentation/extension/graphic/sfml/test/bin/debug/lib/alis.extension.graphic.sfml.test.dll" id="a92f04e1-8596-de7c-88f6-e75894063718">
      <Execution id="ddc0f2fd-d398-4940-a282-68f3e89cd7c7" />
      <TestMethod codeBase="/Users/pabllopf/repositorios/Alis/1_Presentation/Extension/Graphic/Sfml/test/bin/Debug/lib/Alis.Extension.Graphic.Sfml.Test.dll" adapterTypeName="executor://xunit/VsTestRunner2/netcoreapp" className="Alis.Extension.Graphic.Sfml.Test.Windows.VideoModeRemainingCoverageTests" name="DesktopMode_ReturnsNonZeroBitsPerPixel" />
    </UnitTest>
    <UnitTest name="Alis.Extension.Graphic.Sfml.Test.Windows.VideoModeRemainingCoverageTests.IsValid_WithoutNativeLibrary_Throws" storage="/users/pabllopf/repositorios/alis/1_presentation/extension/graphic/sfml/test/bin/debug/lib/alis.extension.graphic.sfml.test.dll" id="1fe3cb33-ff87-2bc1-cbd1-969c083ffe6d">
      <Execution id="7e05e018-4107-4b06-91c3-bded2f2274fb" />
      <TestMethod codeBase="/Users/pabllopf/repositorios/Alis/1_Presentation/Extension/Graphic/Sfml/test/bin/Debug/lib/Alis.Extension.Graphic.Sfml.Test.dll" adapterTypeName="executor://xunit/VsTestRunner2/netcoreapp" className="Alis.Extension.Graphic.Sfml.Test.Windows.VideoModeRemainingCoverageTests" name="IsValid_WithoutNativeLibrary_Throws" />
    </UnitTest>
    <UnitTest name="Alis.Extension.Graphic.Sfml.Test.Windows.VideoModeRemainingCoverageTests.IsValid_WithZeroResolution_ReturnsFalse" storage="/users/pabllopf/repositorios/alis/1_presentation/extension/graphic/sfml/test/bin/debug/lib/alis.extension.graphic.sfml.test.dll" id="ecb95389-57df-7ab7-89ee-fedb323ef09c">
      <Execution id="51991b5f-e135-4ac0-a5ec-53a078348c1d" />
      <TestMethod codeBase="/Users/pabllopf/repositorios/Alis/1_Presentation/Extension/Graphic/Sfml/test/bin/Debug/lib/Alis.Extension.Graphic.Sfml.Test.dll" adapterTypeName="executor://xunit/VsTestRunner2/netcoreapp" className="Alis.Extension.Graphic.Sfml.Test.Windows.VideoModeRemainingCoverageTests" name="IsValid_WithZeroResolution_ReturnsFalse" />
    </UnitTest>
    <UnitTest name="Alis.Extension.Graphic.Sfml.Test.Windows.VideoModeTests.ToString_ReturnsCorrectFormat" storage="/users/pabllopf/repositorios/alis/1_presentation/extension/graphic/sfml/test/bin/debug/lib/alis.extension.graphic.sfml.test.dll" id="301e46ac-f29f-62fe-b37b-8db694fb2b39">
      <Execution id="41e5630b-4bb4-4fbe-849e-6f02101423dd" />
      <TestMethod codeBase="/Users/pabllopf/repositorios/Alis/1_Presentation/Extension/Graphic/Sfml/test/bin/Debug/lib/Alis.Extension.Graphic.Sfml.Test.dll" adapterTypeName="executor://xunit/VsTestRunner2/netcoreapp" className="Alis.Extension.Graphic.Sfml.Test.Windows.VideoModeTests" name="ToString_ReturnsCorrectFormat" />
    </UnitTest>
    <UnitTest name="Alis.Extension.Graphic.Sfml.Test.Windows.VideoModeRemainingCoverageTests.FullscreenModes_ReturnsNonNullArray" storage="/users/pabllopf/repositorios/alis/1_presentation/extension/graphic/sfml/test/bin/debug/lib/alis.extension.graphic.sfml.test.dll" id="52377110-c301-8d7a-7edd-c1a422a0ff24">
      <Execution id="0e07db38-c4a3-49d1-942f-62487b78b874" />
      <TestMethod codeBase="/Users/pabllopf/repositorios/Alis/1_Presentation/Extension/Graphic/Sfml/test/bin/Debug/lib/Alis.Extension.Graphic.Sfml.Test.dll" adapterTypeName="executor://xunit/VsTestRunner2/netcoreapp" className="Alis.Extension.Graphic.Sfml.Test.Windows.VideoModeRemainingCoverageTests" name="FullscreenModes_ReturnsNonNullArray" />
    </UnitTest>
    <UnitTest name="Alis.Extension.Graphic.Sfml.Test.Windows.VideoModeTest.Constructor_WithWidthHeightAndBpp_SetsAllFields" storage="/users/pabllopf/repositorios/alis/1_presentation/extension/graphic/sfml/test/bin/debug/lib/alis.extension.graphic.sfml.test.dll" id="54cf6487-4f17-de7f-fa4c-bbb5155c12cf">
      <Execution id="accf96b4-b787-46cb-b145-7bd4e5a64f1b" />
      <TestMethod codeBase="/Users/pabllopf/repositorios/Alis/1_Presentation/Extension/Graphic/Sfml/test/bin/Debug/lib/Alis.Extension.Graphic.Sfml.Test.dll" adapterTypeName="executor://xunit/VsTestRunner2/netcoreapp" className="Alis.Extension.Graphic.Sfml.Test.Windows.VideoModeTest" name="Constructor_WithWidthHeightAndBpp_SetsAllFields" />
    </UnitTest>
    <UnitTest name="Alis.Extension.Graphic.Sfml.Test.Windows.VideoModeRemainingCoverageTests.IsValid_WithDesktopMode_ReturnsTrue" storage="/users/pabllopf/repositorios/alis/1_presentation/extension/graphic/sfml/test/bin/debug/lib/alis.extension.graphic.sfml.test.dll" id="bcb5ca51-85e3-75fc-0afb-78be3eaa438e">
      <Execution id="0214ac13-b486-4fb4-8825-9b94eeee3989" />
      <TestMethod codeBase="/Users/pabllopf/repositorios/Alis/1_Presentation/Extension/Graphic/Sfml/test/bin/Debug/lib/Alis.Extension.Graphic.Sfml.Test.dll" adapterTypeName="executor://xunit/VsTestRunner2/netcoreapp" className="Alis.Extension.Graphic.Sfml.Test.Windows.VideoModeRemainingCoverageTests" name="IsValid_WithDesktopMode_ReturnsTrue" />
    </UnitTest>
  </TestDefinitions>
  <TestEntries>
    <TestEntry testId="035dd7d8-f56b-195c-a875-4b909b296fa1" executionId="a3ce70f6-9bb4-449b-b39c-499b6a5f1d3c" testListId="8c84fa94-04c1-424b-9868-57a2d4851a1d" />
    <TestEntry testId="8ceead94-e62a-df0a-431d-a446a6f6b940" executionId="1c71a74c-29b0-49af-a763-aba7bdecb9f7" testListId="8c84fa94-04c1-424b-9868-57a2d4851a1d" />
    <TestEntry testId="e6175d75-cf0a-72ad-4496-e7b6b50658c9" executionId="aeb6f002-4954-45a4-ab77-21fbc96f4bea" testListId="8c84fa94-04c1-424b-9868-57a2d4851a1d" />
    <TestEntry testId="b121eddc-5b8f-da5a-43da-8c93410764e9" executionId="727bfc5e-30d6-4e44-bf75-119860f8de61" testListId="8c84fa94-04c1-424b-9868-57a2d4851a1d" />
    <TestEntry testId="e13d2b2c-86df-d044-62d3-581233396a79" executionId="2c477532-a222-4e99-8a45-b0b3644da83d" testListId="8c84fa94-04c1-424b-9868-57a2d4851a1d" />
    <TestEntry testId="1fe3cb33-ff87-2bc1-cbd1-969c083ffe6d" executionId="7e05e018-4107-4b06-91c3-bded2f2274fb" testListId="8c84fa94-04c1-424b-9868-57a2d4851a1d" />
    <TestEntry testId="54cf6487-4f17-de7f-fa4c-bbb5155c12cf" executionId="accf96b4-b787-46cb-b145-7bd4e5a64f1b" testListId="8c84fa94-04c1-424b-9868-57a2d4851a1d" />
    <TestEntry testId="301e46ac-f29f-62fe-b37b-8db694fb2b39" executionId="41e5630b-4bb4-4fbe-849e-6f02101423dd" testListId="8c84fa94-04c1-424b-9868-57a2d4851a1d" />
    <TestEntry testId="a5bb0811-0af7-cd72-6a4e-1560ac5aea6f" executionId="979c330e-76ee-474b-9c8a-10a5a631428e" testListId="8c84fa94-04c1-424b-9868-57a2d4851a1d" />
    <TestEntry testId="6e056338-7c98-70a4-c20f-a6e77bbbbfc7" executionId="e01c87c4-caaf-4f4a-848f-f02b992876a8" testListId="8c84fa94-04c1-424b-9868-57a2d4851a1d" />
    <TestEntry testId="52377110-c301-8d7a-7edd-c1a422a0ff24" executionId="0e07db38-c4a3-49d1-942f-62487b78b874" testListId="8c84fa94-04c1-424b-9868-57a2d4851a1d" />
    <TestEntry testId="6f8be0f4-517b-4523-5272-0e0c68575683" executionId="a5e4d2ca-fb3a-4fec-af05-c79fec42f260" testListId="8c84fa94-04c1-424b-9868-57a2d4851a1d" />
    <TestEntry testId="a232daab-23e5-60f1-1e9c-924fc12e853e" executionId="200d084e-5ee7-4cea-8952-d67da230b050" testListId="8c84fa94-04c1-424b-9868-57a2d4851a1d" />
    <TestEntry testId="61802036-4046-8cc0-2d7a-7a96c64ed3e4" executionId="7e8b1cb5-990f-4b6e-bfe5-8f4f38ab9c72" testListId="8c84fa94-04c1-424b-9868-57a2d4851a1d" />
    <TestEntry testId="1d12b2d9-7d60-5c65-d6a7-92257ad76f9f" executionId="166c4c0a-28af-43b7-b3eb-53a882a18042" testListId="8c84fa94-04c1-424b-9868-57a2d4851a1d" />
    <TestEntry testId="27faafc1-d726-9dd8-1dc2-087b82a077d0" executionId="2cb438fa-de9a-412c-8dc3-7c3e4aa67b35" testListId="8c84fa94-04c1-424b-9868-57a2d4851a1d" />
    <TestEntry testId="ecb95389-57df-7ab7-89ee-fedb323ef09c" executionId="51991b5f-e135-4ac0-a5ec-53a078348c1d" testListId="8c84fa94-04c1-424b-9868-57a2d4851a1d" />
    <TestEntry testId="38d30ecb-953c-69e6-674f-2d95eb0886b6" executionId="b33bdb78-16aa-4470-b120-acc3ebebab91" testListId="8c84fa94-04c1-424b-9868-57a2d4851a1d" />
    <TestEntry testId="a92f04e1-8596-de7c-88f6-e75894063718" executionId="ddc0f2fd-d398-4940-a282-68f3e89cd7c7" testListId="8c84fa94-04c1-424b-9868-57a2d4851a1d" />
    <TestEntry testId="cc9e2baa-29c7-af0a-f2ae-78c9fa0a9c69" executionId="05f0fb02-6283-4d2c-9c28-f39f8d2c8d61" testListId="8c84fa94-04c1-424b-9868-57a2d4851a1d" />
    <TestEntry testId="7f6a034b-13a0-863b-a81a-58f6764240b3" executionId="cf5784fa-70f7-4d23-8efe-49f538d76801" testListId="8c84fa94-04c1-424b-9868-57a2d4851a1d" />
    <TestEntry testId="cb789082-9176-19bf-2be4-96001964e574" executionId="bc9b785f-4328-4398-9054-3aa486c13064" testListId="8c84fa94-04c1-424b-9868-57a2d4851a1d" />
    <TestEntry testId="1ab43fa7-248b-1894-98a8-8df34ae6d706" executionId="98f5761c-ba74-4cf5-abac-7b273a2d8bea" testListId="8c84fa94-04c1-424b-9868-57a2d4851a1d" />
    <TestEntry testId="2f1e8002-6090-7205-0392-6f68e4322743" executionId="929d6999-2199-4559-bc4e-3694e8449da2" testListId="8c84fa94-04c1-424b-9868-57a2d4851a1d" />
    <TestEntry testId="6468abc1-4ea5-778e-99c1-8918f8eebbbe" executionId="4e338fed-3574-4c84-8df6-96bb4c07357f" testListId="8c84fa94-04c1-424b-9868-57a2d4851a1d" />
    <TestEntry testId="394f2e46-843e-ab64-6053-ecc4307dcf06" executionId="bc1563db-8782-4877-a1d5-f24440c5dbdf" testListId="8c84fa94-04c1-424b-9868-57a2d4851a1d" />
    <TestEntry testId="d8ea780e-4d6a-7a11-f5d2-8ec178194374" executionId="67d1f91c-bddc-47db-94cb-61bb4d6ccf94" testListId="8c84fa94-04c1-424b-9868-57a2d4851a1d" />
    <TestEntry testId="4c81a146-7812-b62d-f89d-4ada40eed52f" executionId="53c3209a-11e6-4e62-aca2-12c8da2c13c6" testListId="8c84fa94-04c1-424b-9868-57a2d4851a1d" />
    <TestEntry testId="c652aaad-5220-ff62-4358-2b1ade62c8c9" executionId="7aafc028-0b9a-43f8-9651-977775d27757" testListId="8c84fa94-04c1-424b-9868-57a2d4851a1d" />
    <TestEntry testId="bcb5ca51-85e3-75fc-0afb-78be3eaa438e" executionId="0214ac13-b486-4fb4-8825-9b94eeee3989" testListId="8c84fa94-04c1-424b-9868-57a2d4851a1d" />
  </TestEntries>
  <TestLists>
    <TestList name="Resultados sin formato de lista" id="8c84fa94-04c1-424b-9868-57a2d4851a1d" />
    <TestList name="Todos los resultados cargados" id="19431567-8539-422a-85d7-44ee4e166bda" />
  </TestLists>
  <ResultSummary outcome="Completed">
    <Counters total="30" executed="30" passed="30" failed="0" error="0" timeout="0" aborted="0" inconclusive="0" passedButRunAborted="0" notRunnable="0" notExecuted="0" disconnected="0" warning="0" completed="0" inProgress="0" pending="0" />
    <Output>
      <StdOut>[xUnit.net 00:00:00.00] xUnit.net VSTest Adapter v2.5.6+bf9b858c26 (64-bit .NET 8.0.27)
[xUnit.net 00:00:00.04]   Discovering: Alis.Extension.Graphic.Sfml.Test (method display = ClassAndMethod, method display options = None)
[xUnit.net 00:00:00.45]   Discovered:  Alis.Extension.Graphic.Sfml.Test (found 1649 test cases)
[xUnit.net 00:00:00.46]   Starting:    Alis.Extension.Graphic.Sfml.Test (parallel test collections = off, stop on fail = off)
[xUnit.net 00:00:00.54]   Finished:    Alis.Extension.Graphic.Sfml.Test
</StdOut>
    </Output>
    <CollectorDataEntries>
      <Collector agentName="MacBook-Pro-de-Pablo" uri="datacollector://microsoft/CoverletCodeCoverage/1.0" collectorDisplayName="XPlat code coverage">
        <UriAttachments>
          <UriAttachment>
            <A href="MacBook-Pro-de-Pablo/coverage.cobertura.xml"></A>
          </UriAttachment>
        </UriAttachments>
      </Collector>
    </CollectorDataEntries>
  </ResultSummary>
</TestRun>